
2026-09-25 07:29:35 INFO  [run_daily] ========================================
2026-09-25 07:29:35 INFO  [run_daily] KOSHVANI JOB STARTED
2026-09-25 07:29:35 INFO  [run_daily] execution_id=20260925-072935-0457a6 log=logs/daily-2026-09-25-072935.log
2026-09-25 07:29:35 INFO  [run_daily] host: Linux 5.15.178-android13-8-g8805f47e70a8-ab36 | Python 3.14.6 | git version 2.55.0
2026-09-25 07:29:35 INFO  [run_daily] repo: branch=main HEAD=d2af0d1 dir=/data/data/com.termux/files/home/koshvani-dashboard
2026-09-25 07:29:35 INFO  [run_daily] ========================================

2026-09-25 07:29:35 INFO  [run_daily] [1/6] Checking Git status...
?? logs/daily-2026-09-25-072935.log

2026-09-25 07:29:36 INFO  [run_daily] [2/6] Pulling latest code from GitHub...
2026-09-25 07:29:36 INFO  [run_daily] GIT pull --rebase: START
From https://github.com/abhi24me/koshvani-dashboard
 * branch            main       -> FETCH_HEAD
Already up to date.
2026-09-25 07:29:37 INFO  [run_daily] GIT pull --rebase: END exit_code=0 elapsed=1s
2026-09-25 07:29:37 INFO  [run_daily] Git pull successful.

2026-09-25 07:29:38 INFO  [run_daily] [3/6] Starting Koshvani scraper...
2026-09-25 07:29:39.666 INFO  [MainThread] ==================================================
2026-09-25 07:29:39.687 INFO  [MainThread] KOSHVANI CRAWLER START
2026-09-25 07:29:39.687 INFO  [MainThread] Execution ID: 20260925-072935-0457a6
2026-09-25 07:29:39.687 INFO  [MainThread] Python 3.14.6 | requests 2.34.2 | time zone offset +0530
2026-09-25 07:29:39.695 INFO  [MainThread] Config: schemes=24 workers=4 max_attempts=3 retry_delays=5-15s/15-30s request_timeout=45s
2026-09-25 07:29:39.720 INFO  [MainThread] STATUS RESET execution_id=20260925-072935-0457a6 schemes=24 all set to status=0 [crawler_status.json 2366 bytes, 23 ms]
2026-09-25 07:29:39.804 INFO  [MainThread] FILE WRITE index.json 14296 bytes 39 ms | overall=RUNNING successful=0 failed=0 unprocessed=24
2026-09-25 07:29:39.953 INFO  [worker_0] [01/24 2401000010500] SCHEME START कृषि विभाग — जिला संगठन (Grant 011) (worker=worker_0)
2026-09-25 07:29:39.954 INFO  [worker_0] [01/24 2401000010500] Attempt 1/3 START
2026-09-25 07:29:39.969 INFO  [worker_1] [02/24 2401001020103] SCHEME START फूड एण्ड न्यूट्रिशन सिक्यूरिटी (कृषि उन्नति योजना) (के.60/रा.40-के.+ रा.) (Grant 011) (worker=worker_1)
2026-09-25 07:29:39.970 INFO  [worker_1] [02/24 2401001020103] Attempt 1/3 START
2026-09-25 07:29:40.034 INFO  [worker_2] [03/24 2401001020129] SCHEME START मिशन फार आत्मनिर्भरता इन पल्सेस (के.60/रा.40-के.+रा.) (Grant 011) (worker=worker_2)
2026-09-25 07:29:40.035 INFO  [worker_2] [03/24 2401001020129] Attempt 1/3 START
2026-09-25 07:29:40.098 INFO  [worker_3] [04/24 2401001030300] SCHEME START प्रयोगात्मक प्रक्षेत्र प्रदर्शन और बीज बर्द्धन प्रक्षेत्र (Grant 011) (worker=worker_3)
2026-09-25 07:29:40.115 INFO  [worker_3] [04/24 2401001030300] Attempt 1/3 START
2026-09-25 07:29:40.260 INFO  [worker_2] [03/24 2401001020129] HTTP GET main page (KoshvaniStatic.aspx) START
2026-09-25 07:29:40.283 INFO  [worker_1] [02/24 2401001020103] HTTP GET main page (KoshvaniStatic.aspx) START
2026-09-25 07:29:40.303 INFO  [worker_3] [04/24 2401001030300] HTTP GET main page (KoshvaniStatic.aspx) START
2026-09-25 07:29:40.313 INFO  [worker_0] [01/24 2401000010500] HTTP GET main page (KoshvaniStatic.aspx) START
2026-09-25 07:29:41.572 INFO  [worker_1] [02/24 2401001020103] HTTP GET main page (KoshvaniStatic.aspx) END status=200 bytes=32533 elapsed=1.29s
2026-09-25 07:29:41.707 INFO  [worker_2] [03/24 2401001020129] HTTP GET main page (KoshvaniStatic.aspx) END status=200 bytes=32533 elapsed=1.44s
2026-09-25 07:29:42.017 INFO  [worker_0] [01/24 2401000010500] HTTP GET main page (KoshvaniStatic.aspx) END status=200 bytes=32533 elapsed=1.70s
2026-09-25 07:29:42.997 INFO  [worker_3] [04/24 2401001030300] HTTP GET main page (KoshvaniStatic.aspx) END status=200 bytes=32533 elapsed=2.69s
2026-09-25 07:29:44.811 INFO  [worker_2] [03/24 2401001020129] HTTP GET grant list (ExpGrant.aspx) START
2026-09-25 07:29:44.861 INFO  [worker_1] [02/24 2401001020103] HTTP GET grant list (ExpGrant.aspx) START
2026-09-25 07:29:44.900 INFO  [worker_3] [04/24 2401001030300] HTTP GET grant list (ExpGrant.aspx) START
2026-09-25 07:29:44.902 INFO  [worker_0] [01/24 2401000010500] HTTP GET grant list (ExpGrant.aspx) START
2026-09-25 07:29:53.827 INFO  [worker_3] [04/24 2401001030300] HTTP GET grant list (ExpGrant.aspx) END status=200 bytes=828 elapsed=8.92s redirects=1 final=ClearSession.aspx
2026-09-25 07:29:53.829 WARNING [worker_3] [04/24 2401001030300] Attempt 1/3 failed after 13.71s kind=unexpected-page: UnexpectedPageError: Unexpected page after following 'Grant-wise expenditure': ClearSession.aspx
2026-09-25 07:29:53.833 INFO  [worker_1] [02/24 2401001020103] HTTP GET grant list (ExpGrant.aspx) END status=200 bytes=828 elapsed=8.96s redirects=1 final=ClearSession.aspx
2026-09-25 07:29:53.836 WARNING [worker_1] [02/24 2401001020103] Attempt 1/3 failed after 13.86s kind=unexpected-page: UnexpectedPageError: Unexpected page after following 'Grant-wise expenditure': ClearSession.aspx
2026-09-25 07:29:53.841 INFO  [worker_3] [04/24 2401001030300] STATUS UPDATE scheme=2401001030300 status=-1 attempts=1 remark="UnexpectedPageError: Unexpected page after following 'Grant-wise expenditure': ClearSession.aspx" [crawler_status.json 2463 bytes, 7 ms]
2026-09-25 07:29:53.851 INFO  [worker_3] [04/24 2401001030300] Waiting 14.2 seconds before retry...
2026-09-25 07:29:53.854 INFO  [worker_1] [02/24 2401001020103] STATUS UPDATE scheme=2401001020103 status=-1 attempts=1 remark="UnexpectedPageError: Unexpected page after following 'Grant-wise expenditure': ClearSession.aspx" [crawler_status.json 2560 bytes, 10 ms]
2026-09-25 07:29:53.861 INFO  [worker_1] [02/24 2401001020103] Waiting 6.1 seconds before retry...
2026-09-25 07:29:53.888 INFO  [worker_2] [03/24 2401001020129] HTTP GET grant list (ExpGrant.aspx) END status=200 bytes=828 elapsed=9.07s redirects=1 final=ClearSession.aspx
2026-09-25 07:29:53.889 WARNING [worker_2] [03/24 2401001020129] Attempt 1/3 failed after 13.85s kind=unexpected-page: UnexpectedPageError: Unexpected page after following 'Grant-wise expenditure': ClearSession.aspx
2026-09-25 07:29:53.892 INFO  [worker_2] [03/24 2401001020129] STATUS UPDATE scheme=2401001020129 status=-1 attempts=1 remark="UnexpectedPageError: Unexpected page after following 'Grant-wise expenditure': ClearSession.aspx" [crawler_status.json 2657 bytes, 2 ms]
2026-09-25 07:29:53.897 INFO  [worker_2] [03/24 2401001020129] Waiting 13.6 seconds before retry...
2026-09-25 07:29:53.902 INFO  [worker_0] [01/24 2401000010500] HTTP GET grant list (ExpGrant.aspx) END status=200 bytes=828 elapsed=8.99s redirects=1 final=ClearSession.aspx
2026-09-25 07:29:53.903 WARNING [worker_0] [01/24 2401000010500] Attempt 1/3 failed after 13.95s kind=unexpected-page: UnexpectedPageError: Unexpected page after following 'Grant-wise expenditure': ClearSession.aspx
2026-09-25 07:29:53.905 INFO  [worker_0] [01/24 2401000010500] STATUS UPDATE scheme=2401000010500 status=-1 attempts=1 remark="UnexpectedPageError: Unexpected page after following 'Grant-wise expenditure': ClearSession.aspx" [crawler_status.json 2754 bytes, 2 ms]
2026-09-25 07:29:53.910 INFO  [worker_0] [01/24 2401000010500] Waiting 6.4 seconds before retry...
2026-09-25 07:29:59.963 INFO  [worker_1] [02/24 2401001020103] Attempt 2/3 START
2026-09-25 07:30:00.000 INFO  [worker_1] [02/24 2401001020103] HTTP GET main page (KoshvaniStatic.aspx) START
2026-09-25 07:30:00.311 INFO  [worker_0] [01/24 2401000010500] Attempt 2/3 START
2026-09-25 07:30:00.342 INFO  [worker_0] [01/24 2401000010500] HTTP GET main page (KoshvaniStatic.aspx) START
2026-09-25 07:30:00.792 INFO  [worker_1] [02/24 2401001020103] HTTP GET main page (KoshvaniStatic.aspx) END status=200 bytes=32533 elapsed=0.79s
2026-09-25 07:30:00.843 INFO  [worker_1] [02/24 2401001020103] HTTP GET grant list (ExpGrant.aspx) START
2026-09-25 07:30:01.398 INFO  [worker_0] [01/24 2401000010500] HTTP GET main page (KoshvaniStatic.aspx) END status=200 bytes=32533 elapsed=1.06s
2026-09-25 07:30:01.455 INFO  [worker_0] [01/24 2401000010500] HTTP GET grant list (ExpGrant.aspx) START
2026-09-25 07:30:07.497 INFO  [worker_2] [03/24 2401001020129] Attempt 2/3 START
2026-09-25 07:30:07.533 INFO  [worker_2] [03/24 2401001020129] HTTP GET main page (KoshvaniStatic.aspx) START
2026-09-25 07:30:08.052 INFO  [worker_3] [04/24 2401001030300] Attempt 2/3 START
2026-09-25 07:30:08.088 INFO  [worker_3] [04/24 2401001030300] HTTP GET main page (KoshvaniStatic.aspx) START
2026-09-25 07:30:08.339 INFO  [worker_2] [03/24 2401001020129] HTTP GET main page (KoshvaniStatic.aspx) END status=200 bytes=32533 elapsed=0.81s
2026-09-25 07:30:08.397 INFO  [worker_2] [03/24 2401001020129] HTTP GET grant list (ExpGrant.aspx) START
2026-09-25 07:30:09.123 INFO  [worker_3] [04/24 2401001030300] HTTP GET main page (KoshvaniStatic.aspx) END status=200 bytes=32533 elapsed=1.03s
2026-09-25 07:30:09.202 INFO  [worker_3] [04/24 2401001030300] HTTP GET grant list (ExpGrant.aspx) START
2026-09-25 07:30:13.553 INFO  [worker_2] [03/24 2401001020129] HTTP GET grant list (ExpGrant.aspx) END status=200 bytes=828 elapsed=5.16s redirects=1 final=ClearSession.aspx
2026-09-25 07:30:13.553 WARNING [worker_2] [03/24 2401001020129] Attempt 2/3 failed after 6.06s kind=unexpected-page: UnexpectedPageError: Unexpected page after following 'Grant-wise expenditure': ClearSession.aspx
2026-09-25 07:30:13.555 INFO  [worker_3] [04/24 2401001030300] HTTP GET grant list (ExpGrant.aspx) END status=200 bytes=828 elapsed=4.35s redirects=1 final=ClearSession.aspx
2026-09-25 07:30:13.556 WARNING [worker_3] [04/24 2401001030300] Attempt 2/3 failed after 5.50s kind=unexpected-page: UnexpectedPageError: Unexpected page after following 'Grant-wise expenditure': ClearSession.aspx
2026-09-25 07:30:13.558 INFO  [worker_0] [01/24 2401000010500] HTTP GET grant list (ExpGrant.aspx) END status=200 bytes=828 elapsed=12.10s redirects=1 final=ClearSession.aspx
2026-09-25 07:30:13.560 WARNING [worker_0] [01/24 2401000010500] Attempt 2/3 failed after 13.25s kind=unexpected-page: UnexpectedPageError: Unexpected page after following 'Grant-wise expenditure': ClearSession.aspx
2026-09-25 07:30:13.560 INFO  [worker_1] [02/24 2401001020103] HTTP GET grant list (ExpGrant.aspx) END status=200 bytes=828 elapsed=12.72s redirects=1 final=ClearSession.aspx
2026-09-25 07:30:13.562 WARNING [worker_1] [02/24 2401001020103] Attempt 2/3 failed after 13.60s kind=unexpected-page: UnexpectedPageError: Unexpected page after following 'Grant-wise expenditure': ClearSession.aspx
2026-09-25 07:30:13.563 INFO  [worker_2] [03/24 2401001020129] STATUS UPDATE scheme=2401001020129 status=-1 attempts=2 remark="UnexpectedPageError: Unexpected page after following 'Grant-wise expenditure': ClearSession.aspx" [crawler_status.json 2754 bytes, 7 ms]
2026-09-25 07:30:13.567 INFO  [worker_2] [03/24 2401001020129] Waiting 22.9 seconds before retry...
2026-09-25 07:30:13.569 INFO  [worker_3] [04/24 2401001030300] STATUS UPDATE scheme=2401001030300 status=-1 attempts=2 remark="UnexpectedPageError: Unexpected page after following 'Grant-wise expenditure': ClearSession.aspx" [crawler_status.json 2754 bytes, 5 ms]
2026-09-25 07:30:13.573 INFO  [worker_3] [04/24 2401001030300] Waiting 28.4 seconds before retry...
2026-09-25 07:30:13.575 INFO  [worker_0] [01/24 2401000010500] STATUS UPDATE scheme=2401000010500 status=-1 attempts=2 remark="UnexpectedPageError: Unexpected page after following 'Grant-wise expenditure': ClearSession.aspx" [crawler_status.json 2754 bytes, 5 ms]
2026-09-25 07:30:13.579 INFO  [worker_0] [01/24 2401000010500] Waiting 28.8 seconds before retry...
2026-09-25 07:30:13.581 INFO  [worker_1] [02/24 2401001020103] STATUS UPDATE scheme=2401001020103 status=-1 attempts=2 remark="UnexpectedPageError: Unexpected page after following 'Grant-wise expenditure': ClearSession.aspx" [crawler_status.json 2754 bytes, 5 ms]
2026-09-25 07:30:13.586 INFO  [worker_1] [02/24 2401001020103] Waiting 15.4 seconds before retry...
2026-09-25 07:30:28.986 INFO  [worker_1] [02/24 2401001020103] Attempt 3/3 START
2026-09-25 07:30:29.015 INFO  [worker_1] [02/24 2401001020103] HTTP GET main page (KoshvaniStatic.aspx) START
2026-09-25 07:30:29.917 INFO  [worker_1] [02/24 2401001020103] HTTP GET main page (KoshvaniStatic.aspx) END status=200 bytes=32533 elapsed=0.90s
2026-09-25 07:30:29.970 INFO  [worker_1] [02/24 2401001020103] HTTP GET grant list (ExpGrant.aspx) START
2026-09-25 07:30:36.468 INFO  [worker_2] [03/24 2401001020129] Attempt 3/3 START
2026-09-25 07:30:36.495 INFO  [worker_2] [03/24 2401001020129] HTTP GET main page (KoshvaniStatic.aspx) START
2026-09-25 07:30:37.057 INFO  [worker_1] [02/24 2401001020103] HTTP GET grant list (ExpGrant.aspx) END status=200 bytes=828 elapsed=7.09s redirects=1 final=ClearSession.aspx
2026-09-25 07:30:37.058 WARNING [worker_1] [02/24 2401001020103] Attempt 3/3 failed after 8.07s kind=unexpected-page: UnexpectedPageError: Unexpected page after following 'Grant-wise expenditure': ClearSession.aspx
2026-09-25 07:30:37.061 INFO  [worker_1] [02/24 2401001020103] STATUS UPDATE scheme=2401001020103 status=-1 attempts=3 remark="UnexpectedPageError: Unexpected page after following 'Grant-wise expenditure': ClearSession.aspx" [crawler_status.json 2754 bytes, 3 ms]
2026-09-25 07:30:37.069 INFO  [worker_1] [02/24 2401001020103] FILE WRITE agri-011-2401001020103.json 599 bytes 2 ms (status=error, rows=0)
2026-09-25 07:30:37.070 INFO  [worker_1] [02/24 2401001020103] FINAL STATUS: FAILED after 3 attempts
2026-09-25 07:30:37.070 WARNING [worker_1] [02/24 2401001020103] SCHEME DONE status=-1 attempts=3 elapsed=57.10s worker=worker_1
2026-09-25 07:30:37.071 INFO  [worker_1] [05/24 2401001030500] SCHEME START संकर बीजों के उपयोग को बढ़ावा देने की योजना (Grant 011) (worker=worker_1)
2026-09-25 07:30:37.071 INFO  [worker_1] [05/24 2401001030500] Attempt 1/3 START
2026-09-25 07:30:37.094 INFO  [MainThread] FILE WRITE index.json 14287 bytes 7 ms | overall=RUNNING successful=0 failed=4 unprocessed=20
2026-09-25 07:30:37.097 INFO  [worker_1] [05/24 2401001030500] HTTP GET main page (KoshvaniStatic.aspx) START
2026-09-25 07:30:37.616 INFO  [worker_2] [03/24 2401001020129] HTTP GET main page (KoshvaniStatic.aspx) END status=200 bytes=32533 elapsed=1.12s
2026-09-25 07:30:37.677 INFO  [worker_2] [03/24 2401001020129] HTTP GET grant list (ExpGrant.aspx) START
2026-09-25 07:30:37.866 INFO  [worker_2] [03/24 2401001020129] HTTP GET grant list (ExpGrant.aspx) END status=200 bytes=828 elapsed=0.19s redirects=1 final=ClearSession.aspx
2026-09-25 07:30:37.867 WARNING [worker_2] [03/24 2401001020129] Attempt 3/3 failed after 1.40s kind=unexpected-page: UnexpectedPageError: Unexpected page after following 'Grant-wise expenditure': ClearSession.aspx
2026-09-25 07:30:37.875 INFO  [worker_2] [03/24 2401001020129] STATUS UPDATE scheme=2401001020129 status=-1 attempts=3 remark="UnexpectedPageError: Unexpected page after following 'Grant-wise expenditure': ClearSession.aspx" [crawler_status.json 2754 bytes, 8 ms]
2026-09-25 07:30:37.883 INFO  [worker_2] [03/24 2401001020129] FILE WRITE agri-011-2401001020129.json 549 bytes 2 ms (status=error, rows=0)
2026-09-25 07:30:37.884 INFO  [worker_2] [03/24 2401001020129] FINAL STATUS: FAILED after 3 attempts
2026-09-25 07:30:37.885 WARNING [worker_2] [03/24 2401001020129] SCHEME DONE status=-1 attempts=3 elapsed=57.85s worker=worker_2
2026-09-25 07:30:37.885 INFO  [worker_2] [06/24 2401001030600] SCHEME START उत्तर प्रदेश मिलेट्स पुनरोद्धार कार्यक्रम (Grant 011) (worker=worker_2)
2026-09-25 07:30:37.887 INFO  [worker_2] [06/24 2401001030600] Attempt 1/3 START
2026-09-25 07:30:37.897 INFO  [MainThread] FILE WRITE index.json 14276 bytes 3 ms | overall=RUNNING successful=0 failed=4 unprocessed=20
2026-09-25 07:30:37.910 INFO  [worker_2] [06/24 2401001030600] HTTP GET main page (KoshvaniStatic.aspx) START
2026-09-25 07:30:38.431 INFO  [worker_1] [05/24 2401001030500] HTTP GET main page (KoshvaniStatic.aspx) END status=200 bytes=32533 elapsed=1.33s
2026-09-25 07:30:38.487 INFO  [worker_1] [05/24 2401001030500] HTTP GET grant list (ExpGrant.aspx) START
2026-09-25 07:30:38.707 INFO  [worker_1] [05/24 2401001030500] HTTP GET grant list (ExpGrant.aspx) END status=200 bytes=828 elapsed=0.22s redirects=1 final=ClearSession.aspx
2026-09-25 07:30:38.708 WARNING [worker_1] [05/24 2401001030500] Attempt 1/3 failed after 1.64s kind=unexpected-page: UnexpectedPageError: Unexpected page after following 'Grant-wise expenditure': ClearSession.aspx
2026-09-25 07:30:38.746 INFO  [worker_1] [05/24 2401001030500] STATUS UPDATE scheme=2401001030500 status=-1 attempts=1 remark="UnexpectedPageError: Unexpected page after following 'Grant-wise expenditure': ClearSession.aspx" [crawler_status.json 2851 bytes, 38 ms]
2026-09-25 07:30:38.751 INFO  [worker_1] [05/24 2401001030500] Waiting 8.9 seconds before retry...
2026-09-25 07:30:39.025 INFO  [worker_2] [06/24 2401001030600] HTTP GET main page (KoshvaniStatic.aspx) END status=200 bytes=32533 elapsed=1.11s
2026-09-25 07:30:39.082 INFO  [worker_2] [06/24 2401001030600] HTTP GET grant list (ExpGrant.aspx) START
2026-09-25 07:30:39.182 INFO  [worker_2] [06/24 2401001030600] HTTP GET grant list (ExpGrant.aspx) END status=200 bytes=828 elapsed=0.10s redirects=1 final=ClearSession.aspx
2026-09-25 07:30:39.183 WARNING [worker_2] [06/24 2401001030600] Attempt 1/3 failed after 1.30s kind=unexpected-page: UnexpectedPageError: Unexpected page after following 'Grant-wise expenditure': ClearSession.aspx
2026-09-25 07:30:39.196 INFO  [worker_2] [06/24 2401001030600] STATUS UPDATE scheme=2401001030600 status=-1 attempts=1 remark="UnexpectedPageError: Unexpected page after following 'Grant-wise expenditure': ClearSession.aspx" [crawler_status.json 2948 bytes, 13 ms]
2026-09-25 07:30:39.203 INFO  [worker_2] [06/24 2401001030600] Waiting 8.5 seconds before retry...
2026-09-25 07:30:41.974 INFO  [worker_3] [04/24 2401001030300] Attempt 3/3 START
2026-09-25 07:30:42.019 INFO  [worker_3] [04/24 2401001030300] HTTP GET main page (KoshvaniStatic.aspx) START
2026-09-25 07:30:42.380 INFO  [worker_0] [01/24 2401000010500] Attempt 3/3 START
2026-09-25 07:30:42.405 INFO  [worker_0] [01/24 2401000010500] HTTP GET main page (KoshvaniStatic.aspx) START
2026-09-25 07:30:42.818 INFO  [worker_3] [04/24 2401001030300] HTTP GET main page (KoshvaniStatic.aspx) END status=200 bytes=32533 elapsed=0.80s
2026-09-25 07:30:42.900 INFO  [worker_3] [04/24 2401001030300] HTTP GET grant list (ExpGrant.aspx) START
2026-09-25 07:30:43.495 INFO  [worker_0] [01/24 2401000010500] HTTP GET main page (KoshvaniStatic.aspx) END status=200 bytes=32533 elapsed=1.09s
2026-09-25 07:30:43.655 INFO  [worker_0] [01/24 2401000010500] HTTP GET grant list (ExpGrant.aspx) START
2026-09-25 07:30:45.763 INFO  [worker_3] [04/24 2401001030300] HTTP GET grant list (ExpGrant.aspx) END status=200 bytes=112794 elapsed=2.86s
2026-09-25 07:30:45.793 INFO  [worker_0] [01/24 2401000010500] HTTP GET grant list (ExpGrant.aspx) END status=200 bytes=112794 elapsed=2.14s
2026-09-25 07:30:46.663 INFO  [worker_3] [04/24 2401001030300] HTTP GET scheme list (Extra_plnDept.aspx) START
2026-09-25 07:30:46.773 INFO  [worker_0] [01/24 2401000010500] HTTP GET scheme list (Extra_plnDept.aspx) START
2026-09-25 07:30:47.651 INFO  [worker_1] [05/24 2401001030500] Attempt 2/3 START
2026-09-25 07:30:47.679 INFO  [worker_1] [05/24 2401001030500] HTTP GET main page (KoshvaniStatic.aspx) START
2026-09-25 07:30:47.703 INFO  [worker_2] [06/24 2401001030600] Attempt 2/3 START
2026-09-25 07:30:47.728 INFO  [worker_2] [06/24 2401001030600] HTTP GET main page (KoshvaniStatic.aspx) START
2026-09-25 07:30:48.548 INFO  [worker_1] [05/24 2401001030500] HTTP GET main page (KoshvaniStatic.aspx) END status=200 bytes=32533 elapsed=0.87s
2026-09-25 07:30:48.666 INFO  [worker_1] [05/24 2401001030500] HTTP GET grant list (ExpGrant.aspx) START
2026-09-25 07:30:48.875 INFO  [worker_2] [06/24 2401001030600] HTTP GET main page (KoshvaniStatic.aspx) END status=200 bytes=32533 elapsed=1.15s
2026-09-25 07:30:49.023 INFO  [worker_2] [06/24 2401001030600] HTTP GET grant list (ExpGrant.aspx) START
2026-09-25 07:30:49.315 INFO  [worker_1] [05/24 2401001030500] HTTP GET grant list (ExpGrant.aspx) END status=200 bytes=112794 elapsed=0.65s
2026-09-25 07:30:49.713 INFO  [worker_1] [05/24 2401001030500] HTTP GET scheme list (Extra_plnDept.aspx) START
2026-09-25 07:30:49.734 INFO  [worker_2] [06/24 2401001030600] HTTP GET grant list (ExpGrant.aspx) END status=200 bytes=112794 elapsed=0.71s
2026-09-25 07:30:50.073 INFO  [worker_2] [06/24 2401001030600] HTTP GET scheme list (Extra_plnDept.aspx) START
2026-09-25 07:30:54.509 INFO  [worker_3] [04/24 2401001030300] HTTP GET scheme list (Extra_plnDept.aspx) END status=200 bytes=724449 elapsed=7.85s redirects=1 final=ExpHead.aspx
2026-09-25 07:30:54.592 INFO  [worker_0] [01/24 2401000010500] HTTP GET scheme list (Extra_plnDept.aspx) END status=200 bytes=724449 elapsed=7.82s redirects=1 final=ExpHead.aspx
2026-09-25 07:30:57.820 INFO  [worker_2] [06/24 2401001030600] HTTP GET scheme list (Extra_plnDept.aspx) END status=200 bytes=724449 elapsed=7.75s redirects=1 final=ExpHead.aspx
2026-09-25 07:30:58.894 INFO  [worker_1] [05/24 2401001030500] HTTP GET scheme list (Extra_plnDept.aspx) END status=200 bytes=724449 elapsed=9.18s redirects=1 final=ExpHead.aspx
2026-09-25 07:31:06.639 INFO  [worker_0] [01/24 2401000010500] HTTP GET scheme report (Extra_plnDept.aspx) START
2026-09-25 07:31:07.087 INFO  [worker_3] [04/24 2401001030300] HTTP GET scheme report (Extra_plnDept.aspx) START
2026-09-25 07:31:10.370 INFO  [worker_2] [06/24 2401001030600] HTTP GET scheme report (Extra_plnDept.aspx) START
2026-09-25 07:31:10.585 INFO  [worker_1] [05/24 2401001030500] HTTP GET scheme report (Extra_plnDept.aspx) START
2026-09-25 07:31:12.535 INFO  [worker_1] [05/24 2401001030500] HTTP GET scheme report (Extra_plnDept.aspx) END status=200 bytes=83746 elapsed=1.95s redirects=1 final=ExpTreas.aspx
2026-09-25 07:31:12.730 INFO  [worker_1] [05/24 2401001030500] PARSE report table: columns=9 district_rows=1 fin_year=2026-2027 months={'prev_month': 'August', 'current_month': 'September'}
2026-09-25 07:31:12.731 INFO  [worker_1] [05/24 2401001030500] VALIDATE ok status=ok rows=1
2026-09-25 07:31:12.738 INFO  [worker_1] [05/24 2401001030500] FILE WRITE agri-011-2401001030500.json 1318 bytes 2 ms (status=ok, rows=1)
2026-09-25 07:31:12.740 INFO  [worker_1] [05/24 2401001030500] STATUS UPDATE scheme=2401001030500 status=1 attempts=2 remark='Recovered on retry' [crawler_status.json 2869 bytes, 2 ms]
2026-09-25 07:31:12.741 INFO  [worker_1] [05/24 2401001030500] Attempt 2/3 succeeded in 25.09s
2026-09-25 07:31:12.741 INFO  [worker_1] [05/24 2401001030500] SCHEME DONE status=1 attempts=2 elapsed=35.67s worker=worker_1
2026-09-25 07:31:12.741 INFO  [worker_1] [07/24 2401001070300] SCHEME START पौध संरक्षण सेवा तथा कृषि रक्षा सेवा (Grant 011) (worker=worker_1)
2026-09-25 07:31:12.742 INFO  [worker_1] [07/24 2401001070300] Attempt 1/3 START
2026-09-25 07:31:12.751 INFO  [MainThread] FILE WRITE index.json 14277 bytes 2 ms | overall=RUNNING successful=1 failed=5 unprocessed=18
2026-09-25 07:31:12.764 INFO  [worker_1] [07/24 2401001070300] HTTP GET main page (KoshvaniStatic.aspx) START
2026-09-25 07:31:13.688 INFO  [worker_2] [06/24 2401001030600] HTTP GET scheme report (Extra_plnDept.aspx) END status=200 bytes=130970 elapsed=3.31s redirects=1 final=ExpTreas.aspx
2026-09-25 07:31:13.807 INFO  [worker_1] [07/24 2401001070300] HTTP GET main page (KoshvaniStatic.aspx) END status=200 bytes=32533 elapsed=1.04s
2026-09-25 07:31:13.926 INFO  [worker_1] [07/24 2401001070300] HTTP GET grant list (ExpGrant.aspx) START
2026-09-25 07:31:14.135 INFO  [worker_2] [06/24 2401001030600] PARSE report table: columns=9 district_rows=2 fin_year=2026-2027 months={'prev_month': 'August', 'current_month': 'September'}
2026-09-25 07:31:14.136 INFO  [worker_2] [06/24 2401001030600] VALIDATE ok status=ok rows=2
2026-09-25 07:31:14.143 INFO  [worker_2] [06/24 2401001030600] FILE WRITE agri-011-2401001030600.json 1638 bytes 2 ms (status=ok, rows=2)
2026-09-25 07:31:14.146 INFO  [worker_2] [06/24 2401001030600] STATUS UPDATE scheme=2401001030600 status=1 attempts=2 remark='Recovered on retry' [crawler_status.json 2790 bytes, 2 ms]
2026-09-25 07:31:14.147 INFO  [worker_2] [06/24 2401001030600] Attempt 2/3 succeeded in 26.44s
2026-09-25 07:31:14.147 INFO  [worker_2] [06/24 2401001030600] SCHEME DONE status=1 attempts=2 elapsed=36.26s worker=worker_2
2026-09-25 07:31:14.147 INFO  [worker_2] [08/24 2401001070400] SCHEME START विभिन्न परिस्थितिकी संसाधनों द्वारा कीट / रोग नियंत्रण (Grant 011) (worker=worker_2)
2026-09-25 07:31:14.148 INFO  [worker_2] [08/24 2401001070400] Attempt 1/3 START
2026-09-25 07:31:14.159 INFO  [MainThread] FILE WRITE index.json 14276 bytes 3 ms | overall=RUNNING successful=2 failed=4 unprocessed=18
2026-09-25 07:31:14.171 INFO  [worker_2] [08/24 2401001070400] HTTP GET main page (KoshvaniStatic.aspx) START
2026-09-25 07:31:14.394 INFO  [worker_1] [07/24 2401001070300] HTTP GET grant list (ExpGrant.aspx) END status=200 bytes=112794 elapsed=0.46s
2026-09-25 07:31:14.648 INFO  [worker_1] [07/24 2401001070300] HTTP GET scheme list (Extra_plnDept.aspx) START
2026-09-25 07:31:14.975 INFO  [worker_2] [08/24 2401001070400] HTTP GET main page (KoshvaniStatic.aspx) END status=200 bytes=32533 elapsed=0.80s
2026-09-25 07:31:15.029 INFO  [worker_2] [08/24 2401001070400] HTTP GET grant list (ExpGrant.aspx) START
2026-09-25 07:31:15.442 INFO  [worker_2] [08/24 2401001070400] HTTP GET grant list (ExpGrant.aspx) END status=200 bytes=112794 elapsed=0.41s
2026-09-25 07:31:15.678 INFO  [worker_2] [08/24 2401001070400] HTTP GET scheme list (Extra_plnDept.aspx) START
2026-09-25 07:31:18.457 INFO  [worker_3] [04/24 2401001030300] HTTP GET scheme report (Extra_plnDept.aspx) END status=200 bytes=346863 elapsed=11.37s redirects=1 final=ExpTreas.aspx
2026-09-25 07:31:19.766 INFO  [worker_3] [04/24 2401001030300] PARSE report table: columns=9 district_rows=11 fin_year=2026-2027 months={'prev_month': 'August', 'current_month': 'September'}
2026-09-25 07:31:19.767 INFO  [worker_3] [04/24 2401001030300] VALIDATE ok status=ok rows=11
2026-09-25 07:31:19.784 INFO  [worker_3] [04/24 2401001030300] FILE WRITE agri-011-2401001030300.json 3485 bytes 12 ms (status=ok, rows=11)
2026-09-25 07:31:19.787 INFO  [worker_3] [04/24 2401001030300] STATUS UPDATE scheme=2401001030300 status=1 attempts=3 remark='Recovered on retry' [crawler_status.json 2711 bytes, 3 ms]
2026-09-25 07:31:19.787 INFO  [worker_3] [04/24 2401001030300] Attempt 3/3 succeeded in 37.81s
2026-09-25 07:31:19.788 INFO  [worker_3] [04/24 2401001030300] SCHEME DONE status=1 attempts=3 elapsed=99.69s worker=worker_3
2026-09-25 07:31:19.788 INFO  [worker_3] [09/24 2401001090103] SCHEME START नेशनल मिशन ऑन एग्रीकल्चर एक्सटेंशन एण्ड टेक्नोलाजी (एन.एम.ए.ई.टी.) के अर्न्तगत सबमिशन ऑन एग्रीकल्चर एक्स्टेंशन (के.60/रा.40-के.+ रा.) (Grant 011) (worker=worker_3)
2026-09-25 07:31:19.789 INFO  [worker_3] [09/24 2401001090103] Attempt 1/3 START
2026-09-25 07:31:19.809 INFO  [MainThread] FILE WRITE index.json 14275 bytes 8 ms | overall=RUNNING successful=3 failed=3 unprocessed=18
2026-09-25 07:31:19.812 INFO  [worker_3] [09/24 2401001090103] HTTP GET main page (KoshvaniStatic.aspx) START
2026-09-25 07:31:20.991 INFO  [worker_3] [09/24 2401001090103] HTTP GET main page (KoshvaniStatic.aspx) END status=200 bytes=32533 elapsed=1.18s
2026-09-25 07:31:21.057 INFO  [worker_3] [09/24 2401001090103] HTTP GET grant list (ExpGrant.aspx) START
2026-09-25 07:31:21.466 INFO  [worker_3] [09/24 2401001090103] HTTP GET grant list (ExpGrant.aspx) END status=200 bytes=112794 elapsed=0.41s
2026-09-25 07:31:21.700 INFO  [worker_3] [09/24 2401001090103] HTTP GET scheme list (Extra_plnDept.aspx) START
2026-09-25 07:31:22.918 INFO  [worker_1] [07/24 2401001070300] HTTP GET scheme list (Extra_plnDept.aspx) END status=200 bytes=724449 elapsed=8.27s redirects=1 final=ExpHead.aspx
2026-09-25 07:31:23.737 INFO  [worker_2] [08/24 2401001070400] HTTP GET scheme list (Extra_plnDept.aspx) END status=200 bytes=724449 elapsed=8.06s redirects=1 final=ExpHead.aspx
2026-09-25 07:31:25.496 INFO  [worker_0] [01/24 2401000010500] HTTP GET scheme report (Extra_plnDept.aspx) END status=200 bytes=601825 elapsed=18.84s redirects=1 final=ExpTreas.aspx
2026-09-25 07:31:29.690 INFO  [worker_1] [07/24 2401001070300] HTTP GET scheme report (Extra_plnDept.aspx) START
2026-09-25 07:31:29.780 INFO  [worker_3] [09/24 2401001090103] HTTP GET scheme list (Extra_plnDept.aspx) END status=200 bytes=724449 elapsed=8.08s redirects=1 final=ExpHead.aspx
2026-09-25 07:31:35.662 INFO  [worker_2] [08/24 2401001070400] HTTP GET scheme report (Extra_plnDept.aspx) START
2026-09-25 07:31:39.408 INFO  [worker_0] [01/24 2401000010500] PARSE report table: columns=9 district_rows=17 fin_year=2026-2027 months={'prev_month': 'August', 'current_month': 'September'}
2026-09-25 07:31:39.410 INFO  [worker_0] [01/24 2401000010500] VALIDATE ok status=ok rows=17
2026-09-25 07:31:39.439 INFO  [worker_0] [01/24 2401000010500] FILE WRITE agri-011-2401000010500.json 4993 bytes 22 ms (status=ok, rows=17)
2026-09-25 07:31:39.453 INFO  [worker_0] [01/24 2401000010500] STATUS UPDATE scheme=2401000010500 status=1 attempts=3 remark='Recovered on retry' [crawler_status.json 2632 bytes, 13 ms]
2026-09-25 07:31:39.454 INFO  [worker_0] [01/24 2401000010500] Attempt 3/3 succeeded in 57.07s
2026-09-25 07:31:39.455 INFO  [worker_0] [01/24 2401000010500] SCHEME DONE status=1 attempts=3 elapsed=119.50s worker=worker_0
2026-09-25 07:31:39.462 INFO  [worker_0] [10/24 2401001090104] SCHEME START नेशनल मिशन ऑन एग्रीकल्चर एक्सटेंशन एण्ड टेक्नोलाजी (एन.एम.ए.ई.टी.) के अर्न्तगत सबमिशन आफ एग्रीकल्चर मेकेनाइजेशन (के.60/रा.40-के.+ रा.) (Grant 011) (worker=worker_0)
2026-09-25 07:31:39.464 INFO  [worker_0] [10/24 2401001090104] Attempt 1/3 START
2026-09-25 07:31:39.562 INFO  [worker_0] [10/24 2401001090104] HTTP GET main page (KoshvaniStatic.aspx) START
2026-09-25 07:31:39.591 INFO  [MainThread] FILE WRITE index.json 14274 bytes 56 ms | overall=RUNNING successful=4 failed=2 unprocessed=18
2026-09-25 07:31:41.280 INFO  [worker_0] [10/24 2401001090104] HTTP GET main page (KoshvaniStatic.aspx) END status=200 bytes=32533 elapsed=1.72s
2026-09-25 07:31:41.542 INFO  [worker_0] [10/24 2401001090104] HTTP GET grant list (ExpGrant.aspx) START
2026-09-25 07:31:42.001 INFO  [worker_3] [09/24 2401001090103] HTTP GET scheme report (Extra_plnDept.aspx) START
2026-09-25 07:31:42.007 INFO  [worker_0] [10/24 2401001090104] HTTP GET grant list (ExpGrant.aspx) END status=200 bytes=112794 elapsed=0.46s
2026-09-25 07:31:42.284 INFO  [worker_0] [10/24 2401001090104] HTTP GET scheme list (Extra_plnDept.aspx) START
2026-09-25 07:31:45.643 INFO  [worker_3] [09/24 2401001090103] HTTP GET scheme report (Extra_plnDept.aspx) END status=200 bytes=158837 elapsed=3.64s redirects=1 final=ExpTreas.aspx
2026-09-25 07:31:46.100 INFO  [worker_3] [09/24 2401001090103] PARSE report table: columns=9 district_rows=3 fin_year=2026-2027 months={'prev_month': 'August', 'current_month': 'September'}
2026-09-25 07:31:46.101 INFO  [worker_3] [09/24 2401001090103] VALIDATE ok status=ok rows=3
2026-09-25 07:31:46.108 INFO  [worker_3] [09/24 2401001090103] FILE WRITE agri-011-2401001090103.json 2059 bytes 2 ms (status=ok, rows=3)
2026-09-25 07:31:46.110 INFO  [worker_3] [09/24 2401001090103] STATUS UPDATE scheme=2401001090103 status=1 attempts=1 remark='' [crawler_status.json 2632 bytes, 2 ms]
2026-09-25 07:31:46.111 INFO  [worker_3] [09/24 2401001090103] Attempt 1/3 succeeded in 26.32s
2026-09-25 07:31:46.111 INFO  [worker_3] [09/24 2401001090103] SCHEME DONE status=1 attempts=1 elapsed=26.32s worker=worker_3
2026-09-25 07:31:46.111 INFO  [worker_3] [11/24 2401001090105] SCHEME START नेशनल मिशन ऑन एग्रीकल्चर एक्सटेंशन एण्ड टेक्नोलाजी (एन.एम.ए.ई.टी.) के अर्न्तगत नेशनल ई-गर्वनेन्स प्रोग्राम (के.60/रा.40-के.+ रा.) (Grant 011) (worker=worker_3)
2026-09-25 07:31:46.113 INFO  [worker_3] [11/24 2401001090105] Attempt 1/3 START
2026-09-25 07:31:46.136 INFO  [worker_3] [11/24 2401001090105] HTTP GET main page (KoshvaniStatic.aspx) START
2026-09-25 07:31:46.140 INFO  [MainThread] FILE WRITE index.json 14274 bytes 7 ms | overall=RUNNING successful=5 failed=2 unprocessed=17
2026-09-25 07:31:46.757 INFO  [worker_3] [11/24 2401001090105] HTTP GET main page (KoshvaniStatic.aspx) END status=200 bytes=32533 elapsed=0.62s
2026-09-25 07:31:46.805 INFO  [worker_3] [11/24 2401001090105] HTTP GET grant list (ExpGrant.aspx) START
2026-09-25 07:31:47.147 INFO  [worker_3] [11/24 2401001090105] HTTP GET grant list (ExpGrant.aspx) END status=200 bytes=112794 elapsed=0.34s
2026-09-25 07:31:47.399 INFO  [worker_3] [11/24 2401001090105] HTTP GET scheme list (Extra_plnDept.aspx) START
2026-09-25 07:31:49.256 INFO  [worker_2] [08/24 2401001070400] HTTP GET scheme report (Extra_plnDept.aspx) END status=200 bytes=445661 elapsed=13.59s redirects=1 final=ExpTreas.aspx
2026-09-25 07:31:50.188 INFO  [worker_0] [10/24 2401001090104] HTTP GET scheme list (Extra_plnDept.aspx) END status=200 bytes=724449 elapsed=7.90s redirects=1 final=ExpHead.aspx
2026-09-25 07:31:51.482 INFO  [worker_1] [07/24 2401001070300] HTTP GET scheme report (Extra_plnDept.aspx) END status=200 bytes=693032 elapsed=21.79s redirects=1 final=ExpTreas.aspx
2026-09-25 07:31:54.003 INFO  [worker_2] [08/24 2401001070400] PARSE report table: columns=9 district_rows=10 fin_year=2026-2027 months={'prev_month': 'August', 'current_month': 'September'}
2026-09-25 07:31:54.028 INFO  [worker_2] [08/24 2401001070400] VALIDATE ok status=ok rows=10
2026-09-25 07:31:54.197 INFO  [worker_2] [08/24 2401001070400] FILE WRITE agri-011-2401001070400.json 3621 bytes 128 ms (status=ok, rows=10)
2026-09-25 07:31:54.288 INFO  [worker_2] [08/24 2401001070400] STATUS UPDATE scheme=2401001070400 status=1 attempts=1 remark='' [crawler_status.json 2632 bytes, 73 ms]
2026-09-25 07:31:54.296 INFO  [worker_2] [08/24 2401001070400] Attempt 1/3 succeeded in 40.15s
2026-09-25 07:31:54.297 INFO  [worker_2] [08/24 2401001070400] SCHEME DONE status=1 attempts=1 elapsed=40.15s worker=worker_2
2026-09-25 07:31:54.303 INFO  [worker_2] [12/24 2401001090300] SCHEME START कृषि प्रसार प्रायोजना तथा प्रदर्शनियां (Grant 011) (worker=worker_2)
2026-09-25 07:31:54.304 INFO  [worker_2] [12/24 2401001090300] Attempt 1/3 START
2026-09-25 07:31:54.370 INFO  [worker_2] [12/24 2401001090300] HTTP GET main page (KoshvaniStatic.aspx) START
2026-09-25 07:31:54.808 INFO  [worker_3] [11/24 2401001090105] HTTP GET scheme list (Extra_plnDept.aspx) END status=200 bytes=724449 elapsed=7.41s redirects=1 final=ExpHead.aspx
2026-09-25 07:31:55.341 INFO  [worker_2] [12/24 2401001090300] HTTP GET main page (KoshvaniStatic.aspx) END status=200 bytes=32533 elapsed=0.97s
2026-09-25 07:31:56.081 INFO  [MainThread] FILE WRITE index.json 14274 bytes 354 ms | overall=RUNNING successful=6 failed=2 unprocessed=16
2026-09-25 07:31:56.120 INFO  [worker_2] [12/24 2401001090300] HTTP GET grant list (ExpGrant.aspx) START
2026-09-25 07:31:56.775 INFO  [worker_2] [12/24 2401001090300] HTTP GET grant list (ExpGrant.aspx) END status=200 bytes=112794 elapsed=0.64s
2026-09-25 07:32:20.666 INFO  [worker_2] [12/24 2401001090300] HTTP GET scheme list (Extra_plnDept.aspx) START
2026-09-25 07:32:29.328 INFO  [worker_2] [12/24 2401001090300] HTTP GET scheme list (Extra_plnDept.aspx) END status=200 bytes=724449 elapsed=3.07s redirects=1 final=ExpHead.aspx
2026-09-25 07:33:13.923 INFO  [worker_0] [10/24 2401001090104] HTTP GET scheme report (Extra_plnDept.aspx) START
2026-09-25 07:33:16.104 INFO  [worker_0] [10/24 2401001090104] HTTP GET scheme report (Extra_plnDept.aspx) END status=200 bytes=87494 elapsed=2.16s redirects=1 final=ExpTreas.aspx
2026-09-25 07:33:18.986 INFO  [worker_0] [10/24 2401001090104] PARSE report table: columns=9 district_rows=1 fin_year=2026-2027 months={'prev_month': 'August', 'current_month': 'September'}
2026-09-25 07:33:19.016 INFO  [worker_0] [10/24 2401001090104] VALIDATE ok status=ok rows=1
2026-09-25 07:33:19.287 INFO  [worker_0] [10/24 2401001090104] FILE WRITE agri-011-2401001090104.json 1513 bytes 197 ms (status=ok, rows=1)
2026-09-25 07:33:19.515 INFO  [worker_0] [10/24 2401001090104] STATUS UPDATE scheme=2401001090104 status=1 attempts=1 remark='' [crawler_status.json 2632 bytes, 211 ms]
2026-09-25 07:33:19.574 INFO  [worker_0] [10/24 2401001090104] Attempt 1/3 succeeded in 35.87s
2026-09-25 07:33:19.591 INFO  [worker_0] [10/24 2401001090104] SCHEME DONE status=1 attempts=1 elapsed=35.88s worker=worker_0
2026-09-25 07:33:19.599 INFO  [worker_0] [13/24 2401001090700] SCHEME START कृषि उत्पादन में वृद्धि के लिए कृषि प्रसार, कृषि निवेश तथा तकनीकी प्रबंधन (Grant 011) (worker=worker_0)
2026-09-25 07:33:19.629 INFO  [worker_0] [13/24 2401001090700] Attempt 1/3 START
2026-09-25 07:33:19.696 INFO  [worker_0] [13/24 2401001090700] HTTP GET main page (KoshvaniStatic.aspx) START
2026-09-25 07:33:20.700 INFO  [worker_0] [13/24 2401001090700] HTTP GET main page (KoshvaniStatic.aspx) END status=200 bytes=32533 elapsed=0.99s
2026-09-25 07:33:21.285 INFO  [worker_0] [13/24 2401001090700] HTTP GET grant list (ExpGrant.aspx) START
2026-09-25 07:33:21.932 INFO  [worker_0] [13/24 2401001090700] HTTP GET grant list (ExpGrant.aspx) END status=200 bytes=112794 elapsed=0.63s
2026-09-25 07:33:22.165 INFO  [MainThread] FILE WRITE index.json 14274 bytes 279 ms | overall=RUNNING successful=7 failed=2 unprocessed=15
2026-09-25 07:33:32.148 INFO  [worker_1] [07/24 2401001070300] PARSE report table: columns=9 district_rows=17 fin_year=2026-2027 months={'prev_month': 'August', 'current_month': 'September'}
2026-09-25 07:33:32.165 INFO  [worker_1] [07/24 2401001070300] VALIDATE ok status=ok rows=17
2026-09-25 07:33:32.357 INFO  [worker_1] [07/24 2401001070300] FILE WRITE agri-011-2401001070300.json 5067 bytes 161 ms (status=ok, rows=17)
2026-09-25 07:33:32.575 INFO  [worker_1] [07/24 2401001070300] STATUS UPDATE scheme=2401001070300 status=1 attempts=1 remark='' [crawler_status.json 2632 bytes, 212 ms]
2026-09-25 07:33:33.523 INFO  [worker_1] [07/24 2401001070300] Attempt 1/3 succeeded in 69.28s
2026-09-25 07:33:33.550 INFO  [worker_1] [07/24 2401001070300] SCHEME DONE status=1 attempts=1 elapsed=69.28s worker=worker_1
2026-09-25 07:33:33.593 INFO  [worker_1] [14/24 2401001090900] SCHEME START प्रशिक्षित कृषि उद्यमी स्वावलंबन योजना (Grant 011) (worker=worker_1)
2026-09-25 07:33:33.594 INFO  [worker_0] [13/24 2401001090700] HTTP GET scheme list (Extra_plnDept.aspx) START
2026-09-25 07:33:33.605 INFO  [worker_1] [14/24 2401001090900] Attempt 1/3 START
2026-09-25 07:33:33.716 INFO  [worker_1] [14/24 2401001090900] HTTP GET main page (KoshvaniStatic.aspx) START
2026-09-25 07:33:34.298 INFO  [worker_3] [11/24 2401001090105] HTTP GET scheme report (Extra_plnDept.aspx) START
2026-09-25 07:33:34.658 INFO  [MainThread] FILE WRITE index.json 14274 bytes 76 ms | overall=RUNNING successful=8 failed=2 unprocessed=14
2026-09-25 07:33:34.980 INFO  [worker_2] [12/24 2401001090300] HTTP GET scheme report (Extra_plnDept.aspx) START
2026-09-25 07:33:35.043 INFO  [worker_1] [14/24 2401001090900] HTTP GET main page (KoshvaniStatic.aspx) END status=200 bytes=32533 elapsed=1.33s
2026-09-25 07:33:35.108 INFO  [worker_1] [14/24 2401001090900] HTTP GET grant list (ExpGrant.aspx) START
2026-09-25 07:33:35.617 INFO  [worker_1] [14/24 2401001090900] HTTP GET grant list (ExpGrant.aspx) END status=200 bytes=112794 elapsed=0.51s
2026-09-25 07:33:35.860 INFO  [worker_1] [14/24 2401001090900] HTTP GET scheme list (Extra_plnDept.aspx) START
2026-09-25 07:33:38.425 INFO  [worker_3] [11/24 2401001090105] HTTP GET scheme report (Extra_plnDept.aspx) END status=200 bytes=174803 elapsed=4.12s redirects=1 final=ExpTreas.aspx
2026-09-25 07:33:38.946 INFO  [worker_3] [11/24 2401001090105] PARSE report table: columns=9 district_rows=3 fin_year=2026-2027 months={'prev_month': 'August', 'current_month': 'September'}
2026-09-25 07:33:38.947 INFO  [worker_3] [11/24 2401001090105] VALIDATE ok status=ok rows=3
2026-09-25 07:33:38.955 INFO  [worker_3] [11/24 2401001090105] FILE WRITE agri-011-2401001090105.json 2160 bytes 2 ms (status=ok, rows=3)
2026-09-25 07:33:38.958 INFO  [worker_3] [11/24 2401001090105] STATUS UPDATE scheme=2401001090105 status=1 attempts=1 remark='' [crawler_status.json 2632 bytes, 2 ms]
2026-09-25 07:33:38.966 INFO  [worker_3] [11/24 2401001090105] Attempt 1/3 succeeded in 41.35s
2026-09-25 07:33:38.966 INFO  [worker_3] [11/24 2401001090105] SCHEME DONE status=1 attempts=1 elapsed=41.35s worker=worker_3
2026-09-25 07:33:38.967 INFO  [worker_3] [15/24 2401001130104] SCHEME START प्रमोशन ऑफ एग्रीमल्चर मैकेनाइजेशन फार इनसीटू मैनेजमेंट ऑफ क्राप रेजडयू (CRM) (के.60/रा.40-के.+ रा.) (Grant 011) (worker=worker_3)
2026-09-25 07:33:38.967 INFO  [worker_3] [15/24 2401001130104] Attempt 1/3 START
2026-09-25 07:33:38.987 INFO  [MainThread] FILE WRITE index.json 14274 bytes 3 ms | overall=RUNNING successful=9 failed=2 unprocessed=13
2026-09-25 07:33:38.992 INFO  [worker_3] [15/24 2401001130104] HTTP GET main page (KoshvaniStatic.aspx) START
2026-09-25 07:33:39.752 INFO  [worker_3] [15/24 2401001130104] HTTP GET main page (KoshvaniStatic.aspx) END status=200 bytes=32533 elapsed=0.76s
2026-09-25 07:33:39.808 INFO  [worker_3] [15/24 2401001130104] HTTP GET grant list (ExpGrant.aspx) START
2026-09-25 07:33:40.203 INFO  [worker_3] [15/24 2401001130104] HTTP GET grant list (ExpGrant.aspx) END status=200 bytes=112794 elapsed=0.39s
2026-09-25 07:33:40.739 INFO  [worker_3] [15/24 2401001130104] HTTP GET scheme list (Extra_plnDept.aspx) START
2026-09-25 07:33:41.778 INFO  [worker_0] [13/24 2401001090700] HTTP GET scheme list (Extra_plnDept.aspx) END status=200 bytes=724449 elapsed=8.10s redirects=1 final=ExpHead.aspx
2026-09-25 07:33:43.986 INFO  [worker_1] [14/24 2401001090900] HTTP GET scheme list (Extra_plnDept.aspx) END status=200 bytes=724449 elapsed=7.99s redirects=1 final=ExpHead.aspx
2026-09-25 07:33:45.218 INFO  [worker_0] [13/24 2401001090700] HTTP GET scheme report (Extra_plnDept.aspx) START
2026-09-25 07:33:49.800 INFO  [worker_3] [15/24 2401001130104] HTTP GET scheme list (Extra_plnDept.aspx) END status=200 bytes=724449 elapsed=8.27s redirects=1 final=ExpHead.aspx
2026-09-25 07:33:50.460 INFO  [worker_1] [14/24 2401001090900] HTTP GET scheme report (Extra_plnDept.aspx) START
2026-09-25 07:33:52.323 INFO  [worker_0] [13/24 2401001090700] HTTP GET scheme report (Extra_plnDept.aspx) END status=200 bytes=249943 elapsed=5.97s redirects=1 final=ExpTreas.aspx
2026-09-25 07:33:53.567 INFO  [worker_1] [14/24 2401001090900] HTTP GET scheme report (Extra_plnDept.aspx) END status=200 bytes=118110 elapsed=3.01s redirects=1 final=ExpTreas.aspx
2026-09-25 07:33:56.170 INFO  [worker_2] [12/24 2401001090300] HTTP GET scheme report (Extra_plnDept.aspx) END status=200 bytes=550763 elapsed=19.92s redirects=1 final=ExpTreas.aspx
2026-09-25 07:33:57.745 INFO  [worker_1] [14/24 2401001090900] PARSE report table: columns=9 district_rows=2 fin_year=2026-2027 months={'prev_month': 'August', 'current_month': 'September'}
2026-09-25 07:33:57.769 INFO  [worker_1] [14/24 2401001090900] VALIDATE ok status=ok rows=2
2026-09-25 07:33:58.131 INFO  [worker_1] [14/24 2401001090900] FILE WRITE agri-011-2401001090900.json 1509 bytes 289 ms (status=ok, rows=2)
2026-09-25 07:33:58.471 INFO  [worker_1] [14/24 2401001090900] STATUS UPDATE scheme=2401001090900 status=1 attempts=1 remark='' [crawler_status.json 2632 bytes, 313 ms]
2026-09-25 07:33:58.489 INFO  [worker_1] [14/24 2401001090900] Attempt 1/3 succeeded in 23.54s
2026-09-25 07:33:58.505 INFO  [worker_1] [14/24 2401001090900] SCHEME DONE status=1 attempts=1 elapsed=23.62s worker=worker_1
2026-09-25 07:33:58.512 INFO  [worker_1] [16/24 2401001140101] SCHEME START नेशनल फूड सिक्योरिटी मिशन (ओ0एस0 / टी0बी0ओ0) (के.60/रा.40-के.+ रा.) (Grant 011) (worker=worker_1)
2026-09-25 07:33:58.525 INFO  [worker_1] [16/24 2401001140101] Attempt 1/3 START
2026-09-25 07:33:58.617 INFO  [worker_1] [16/24 2401001140101] HTTP GET main page (KoshvaniStatic.aspx) START
2026-09-25 07:33:59.027 INFO  [worker_3] [15/24 2401001130104] HTTP GET scheme report (Extra_plnDept.aspx) START
2026-09-25 07:33:59.234 INFO  [worker_0] [13/24 2401001090700] PARSE report table: columns=9 district_rows=5 fin_year=2026-2027 months={'prev_month': 'August', 'current_month': 'September'}
2026-09-25 07:33:59.253 INFO  [worker_0] [13/24 2401001090700] VALIDATE ok status=ok rows=5
2026-09-25 07:33:59.339 INFO  [worker_0] [13/24 2401001090700] FILE WRITE agri-011-2401001090700.json 2372 bytes 56 ms (status=ok, rows=5)
2026-09-25 07:33:59.421 INFO  [worker_0] [13/24 2401001090700] STATUS UPDATE scheme=2401001090700 status=1 attempts=1 remark='' [crawler_status.json 2632 bytes, 75 ms]
2026-09-25 07:33:59.427 INFO  [worker_0] [13/24 2401001090700] Attempt 1/3 succeeded in 31.25s
2026-09-25 07:33:59.434 INFO  [worker_0] [13/24 2401001090700] SCHEME DONE status=1 attempts=1 elapsed=31.29s worker=worker_0
2026-09-25 07:33:59.440 INFO  [worker_0] [17/24 2401001140300] SCHEME START तिलहन बीज मिनीकिट वितरण योजना (Grant 011) (worker=worker_0)
2026-09-25 07:33:59.441 INFO  [worker_0] [17/24 2401001140300] Attempt 1/3 START
2026-09-25 07:33:59.488 INFO  [worker_0] [17/24 2401001140300] HTTP GET main page (KoshvaniStatic.aspx) START
2026-09-25 07:33:59.640 INFO  [worker_1] [16/24 2401001140101] HTTP GET main page (KoshvaniStatic.aspx) END status=200 bytes=32533 elapsed=0.99s
2026-09-25 07:33:59.802 INFO  [worker_1] [16/24 2401001140101] HTTP GET grant list (ExpGrant.aspx) START
2026-09-25 07:33:59.862 INFO  [MainThread] FILE WRITE index.json 14286 bytes 53 ms | overall=RUNNING successful=10 failed=2 unprocessed=12
2026-09-25 07:34:00.182 INFO  [worker_1] [16/24 2401001140101] HTTP GET grant list (ExpGrant.aspx) END status=200 bytes=112794 elapsed=0.37s
2026-09-25 07:34:00.449 INFO  [worker_0] [17/24 2401001140300] HTTP GET main page (KoshvaniStatic.aspx) END status=200 bytes=32533 elapsed=0.96s
2026-09-25 07:34:00.781 INFO  [worker_0] [17/24 2401001140300] HTTP GET grant list (ExpGrant.aspx) START
2026-09-25 07:34:01.248 INFO  [worker_0] [17/24 2401001140300] HTTP GET grant list (ExpGrant.aspx) END status=200 bytes=112794 elapsed=0.45s
2026-09-25 07:34:01.276 INFO  [worker_1] [16/24 2401001140101] HTTP GET scheme list (Extra_plnDept.aspx) START
2026-09-25 07:34:01.358 INFO  [MainThread] FILE WRITE index.json 14299 bytes 178 ms | overall=RUNNING successful=11 failed=2 unprocessed=11
2026-09-25 07:34:02.054 INFO  [worker_3] [15/24 2401001130104] HTTP GET scheme report (Extra_plnDept.aspx) END status=200 bytes=120634 elapsed=2.99s redirects=1 final=ExpTreas.aspx
2026-09-25 07:34:03.309 INFO  [worker_0] [17/24 2401001140300] HTTP GET scheme list (Extra_plnDept.aspx) START
2026-09-25 07:34:04.294 INFO  [worker_3] [15/24 2401001130104] PARSE report table: columns=9 district_rows=2 fin_year=2026-2027 months={'prev_month': 'August', 'current_month': 'September'}
2026-09-25 07:34:04.301 INFO  [worker_3] [15/24 2401001130104] VALIDATE ok status=ok rows=2
2026-09-25 07:34:04.392 INFO  [worker_3] [15/24 2401001130104] FILE WRITE agri-011-2401001130104.json 1641 bytes 66 ms (status=ok, rows=2)
2026-09-25 07:34:04.478 INFO  [worker_3] [15/24 2401001130104] STATUS UPDATE scheme=2401001130104 status=1 attempts=1 remark='' [crawler_status.json 2632 bytes, 78 ms]
2026-09-25 07:34:04.485 INFO  [worker_3] [15/24 2401001130104] Attempt 1/3 succeeded in 24.24s
2026-09-25 07:34:04.492 INFO  [worker_3] [15/24 2401001130104] SCHEME DONE status=1 attempts=1 elapsed=24.25s worker=worker_3
2026-09-25 07:34:04.499 INFO  [worker_3] [18/24 2401008000203] SCHEME START कृषि विकास योजनायें (के.60/रा.40-के.) (Grant 011) (worker=worker_3)
2026-09-25 07:34:04.512 INFO  [worker_3] [18/24 2401008000203] Attempt 1/3 START
2026-09-25 07:34:04.575 INFO  [worker_3] [18/24 2401008000203] HTTP GET main page (KoshvaniStatic.aspx) START
2026-09-25 07:34:04.649 INFO  [worker_2] [12/24 2401001090300] PARSE report table: columns=9 district_rows=13 fin_year=2026-2027 months={'prev_month': 'August', 'current_month': 'September'}
2026-09-25 07:34:04.650 INFO  [worker_2] [12/24 2401001090300] VALIDATE ok status=ok rows=13
2026-09-25 07:34:04.660 INFO  [worker_2] [12/24 2401001090300] FILE WRITE agri-011-2401001090300.json 4033 bytes 4 ms (status=ok, rows=13)
2026-09-25 07:34:04.663 INFO  [worker_2] [12/24 2401001090300] STATUS UPDATE scheme=2401001090300 status=1 attempts=1 remark='' [crawler_status.json 2632 bytes, 3 ms]
2026-09-25 07:34:04.664 INFO  [worker_2] [12/24 2401001090300] Attempt 1/3 succeeded in 57.58s
2026-09-25 07:34:04.664 INFO  [worker_2] [12/24 2401001090300] SCHEME DONE status=1 attempts=1 elapsed=57.58s worker=worker_2
2026-09-25 07:34:04.665 INFO  [worker_2] [19/24 2401008000400] SCHEME START कृषि क्षेत्र की क्षमता एवं कौशल विकास तथा उत्पादन वृद्धि की योजना (Grant 011) (worker=worker_2)
2026-09-25 07:34:04.665 INFO  [worker_2] [19/24 2401008000400] Attempt 1/3 START
2026-09-25 07:34:04.675 INFO  [MainThread] FILE WRITE index.json 14329 bytes 3 ms | overall=RUNNING successful=12 failed=2 unprocessed=10
2026-09-25 07:34:04.686 INFO  [MainThread] FILE WRITE index.json 14328 bytes 3 ms | overall=RUNNING successful=13 failed=2 unprocessed=9
2026-09-25 07:34:04.689 INFO  [worker_2] [19/24 2401008000400] HTTP GET main page (KoshvaniStatic.aspx) START
2026-09-25 07:34:05.527 INFO  [worker_2] [19/24 2401008000400] HTTP GET main page (KoshvaniStatic.aspx) END status=200 bytes=32533 elapsed=0.84s
2026-09-25 07:34:05.592 INFO  [worker_3] [18/24 2401008000203] HTTP GET main page (KoshvaniStatic.aspx) END status=200 bytes=32533 elapsed=1.01s
2026-09-25 07:34:05.604 INFO  [worker_2] [19/24 2401008000400] HTTP GET grant list (ExpGrant.aspx) START
2026-09-25 07:34:05.672 INFO  [worker_3] [18/24 2401008000203] HTTP GET grant list (ExpGrant.aspx) START
2026-09-25 07:34:06.000 INFO  [worker_2] [19/24 2401008000400] HTTP GET grant list (ExpGrant.aspx) END status=200 bytes=112794 elapsed=0.39s
2026-09-25 07:34:06.165 INFO  [worker_3] [18/24 2401008000203] HTTP GET grant list (ExpGrant.aspx) END status=200 bytes=112794 elapsed=0.49s
2026-09-25 07:34:06.410 INFO  [worker_2] [19/24 2401008000400] HTTP GET scheme list (Extra_plnDept.aspx) START
2026-09-25 07:34:06.687 INFO  [worker_3] [18/24 2401008000203] HTTP GET scheme list (Extra_plnDept.aspx) START
2026-09-25 07:34:08.472 INFO  [worker_1] [16/24 2401001140101] HTTP GET scheme list (Extra_plnDept.aspx) END status=200 bytes=724449 elapsed=7.19s redirects=1 final=ExpHead.aspx
2026-09-25 07:34:10.566 INFO  [worker_0] [17/24 2401001140300] HTTP GET scheme list (Extra_plnDept.aspx) END status=200 bytes=724449 elapsed=7.23s redirects=1 final=ExpHead.aspx
2026-09-25 07:34:11.132 INFO  [worker_1] [16/24 2401001140101] HTTP GET scheme report (Extra_plnDept.aspx) START
2026-09-25 07:34:13.266 INFO  [worker_0] [17/24 2401001140300] HTTP GET scheme report (Extra_plnDept.aspx) START
2026-09-25 07:34:14.012 INFO  [worker_2] [19/24 2401008000400] HTTP GET scheme list (Extra_plnDept.aspx) END status=200 bytes=724449 elapsed=7.60s redirects=1 final=ExpHead.aspx
2026-09-25 07:34:14.085 INFO  [worker_1] [16/24 2401001140101] HTTP GET scheme report (Extra_plnDept.aspx) END status=200 bytes=126398 elapsed=2.95s redirects=1 final=ExpTreas.aspx
2026-09-25 07:34:14.534 INFO  [worker_3] [18/24 2401008000203] HTTP GET scheme list (Extra_plnDept.aspx) END status=200 bytes=724449 elapsed=7.85s redirects=1 final=ExpHead.aspx
2026-09-25 07:34:16.146 INFO  [worker_0] [17/24 2401001140300] HTTP GET scheme report (Extra_plnDept.aspx) END status=200 bytes=91212 elapsed=2.88s redirects=1 final=ExpTreas.aspx
2026-09-25 07:34:40.755 INFO  [worker_0] [17/24 2401001140300] PARSE report table: columns=9 district_rows=1 fin_year=2026-2027 months={'prev_month': 'August', 'current_month': 'September'}
2026-09-25 07:34:40.800 INFO  [worker_0] [17/24 2401001140300] VALIDATE ok status=ok rows=1
2026-09-25 07:34:41.516 INFO  [worker_0] [17/24 2401001140300] FILE WRITE agri-011-2401001140300.json 1379 bytes 413 ms (status=ok, rows=1)
2026-09-25 07:34:57.520 INFO  [worker_0] [17/24 2401001140300] STATUS UPDATE scheme=2401001140300 status=1 attempts=1 remark='' [crawler_status.json 2632 bytes, 540 ms]
2026-09-25 07:34:57.553 INFO  [worker_0] [17/24 2401001140300] Attempt 1/3 succeeded in 21.86s
2026-09-25 07:34:57.575 INFO  [worker_0] [17/24 2401001140300] SCHEME DONE status=1 attempts=1 elapsed=21.86s worker=worker_0
2026-09-25 07:34:57.593 INFO  [worker_0] [20/24 2402001020109] SCHEME START नेशनल प्रोजेक्ट ऑन स्वायल हेल्थ फर्टिलिटी (के.60/रा.40-के.+ रा.) (Grant 011) (worker=worker_0)
2026-09-25 07:34:57.601 INFO  [worker_0] [20/24 2402001020109] Attempt 1/3 START
2026-09-25 07:35:00.192 INFO  [worker_0] [20/24 2402001020109] HTTP GET main page (KoshvaniStatic.aspx) START
2026-09-25 07:35:00.760 INFO  [worker_1] [16/24 2401001140101] PARSE report table: columns=9 district_rows=2 fin_year=2026-2027 months={'prev_month': 'August', 'current_month': 'September'}
2026-09-25 07:35:00.769 INFO  [worker_1] [16/24 2401001140101] VALIDATE ok status=ok rows=2
2026-09-25 07:35:00.985 INFO  [worker_1] [16/24 2401001140101] FILE WRITE agri-011-2401001140101.json 1642 bytes 186 ms (status=ok, rows=2)
2026-09-25 07:35:01.217 INFO  [worker_1] [16/24 2401001140101] STATUS UPDATE scheme=2401001140101 status=1 attempts=1 remark='' [crawler_status.json 2632 bytes, 219 ms]
2026-09-25 07:35:01.230 INFO  [worker_1] [16/24 2401001140101] Attempt 1/3 succeeded in 24.09s
2026-09-25 07:35:01.242 INFO  [worker_1] [16/24 2401001140101] SCHEME DONE status=1 attempts=1 elapsed=24.13s worker=worker_1
2026-09-25 07:35:01.249 INFO  [worker_1] [21/24 2402001020111] SCHEME START नेशनल मिशन ऑन नेचुरल फार्मिग (के.60/रा.40-के.+ रा.) (Grant 011) (worker=worker_1)
2026-09-25 07:35:01.267 INFO  [worker_1] [21/24 2402001020111] Attempt 1/3 START
2026-09-25 07:35:01.343 INFO  [worker_1] [21/24 2402001020111] HTTP GET main page (KoshvaniStatic.aspx) START
2026-09-25 07:35:01.453 INFO  [worker_0] [20/24 2402001020109] HTTP GET main page (KoshvaniStatic.aspx) END status=200 bytes=32533 elapsed=1.26s
2026-09-25 07:35:01.860 INFO  [worker_0] [20/24 2402001020109] HTTP GET grant list (ExpGrant.aspx) START
2026-09-25 07:35:02.169 INFO  [worker_1] [21/24 2402001020111] HTTP GET main page (KoshvaniStatic.aspx) END status=200 bytes=32533 elapsed=0.81s
2026-09-25 07:35:02.266 INFO  [MainThread] FILE WRITE index.json 14328 bytes 221 ms | overall=RUNNING successful=14 failed=2 unprocessed=8
2026-09-25 07:35:02.434 INFO  [worker_0] [20/24 2402001020109] HTTP GET grant list (ExpGrant.aspx) END status=200 bytes=112794 elapsed=0.57s
2026-09-25 07:35:02.885 INFO  [worker_1] [21/24 2402001020111] HTTP GET grant list (ExpGrant.aspx) START
2026-09-25 07:35:03.436 INFO  [worker_1] [21/24 2402001020111] HTTP GET grant list (ExpGrant.aspx) END status=200 bytes=112794 elapsed=0.54s
2026-09-25 07:35:19.321 INFO  [MainThread] FILE WRITE index.json 14328 bytes 393 ms | overall=RUNNING successful=15 failed=2 unprocessed=7
2026-09-25 07:35:33.951 INFO  [worker_0] [20/24 2402001020109] HTTP GET scheme list (Extra_plnDept.aspx) START
2026-09-25 07:35:35.706 INFO  [worker_1] [21/24 2402001020111] HTTP GET scheme list (Extra_plnDept.aspx) START
2026-09-25 07:35:38.685 INFO  [worker_2] [19/24 2401008000400] HTTP GET scheme report (Extra_plnDept.aspx) START
2026-09-25 07:35:39.314 INFO  [worker_3] [18/24 2401008000203] HTTP GET scheme report (Extra_plnDept.aspx) START
2026-09-25 07:35:41.320 INFO  [worker_2] [19/24 2401008000400] HTTP GET scheme report (Extra_plnDept.aspx) END status=200 bytes=109401 elapsed=2.63s redirects=1 final=ExpTreas.aspx
2026-09-25 07:35:41.630 INFO  [worker_2] [19/24 2401008000400] PARSE report table: columns=9 district_rows=2 fin_year=2026-2027 months={'prev_month': 'August', 'current_month': 'September'}
2026-09-25 07:35:41.631 INFO  [worker_2] [19/24 2401008000400] VALIDATE ok status=ok rows=2
2026-09-25 07:35:41.645 INFO  [worker_2] [19/24 2401008000400] FILE WRITE agri-011-2401008000400.json 1666 bytes 8 ms (status=ok, rows=2)
2026-09-25 07:35:41.649 INFO  [worker_2] [19/24 2401008000400] STATUS UPDATE scheme=2401008000400 status=1 attempts=1 remark='' [crawler_status.json 2632 bytes, 2 ms]
2026-09-25 07:35:41.649 INFO  [worker_2] [19/24 2401008000400] Attempt 1/3 succeeded in 31.83s
2026-09-25 07:35:41.649 INFO  [worker_2] [19/24 2401008000400] SCHEME DONE status=1 attempts=1 elapsed=31.83s worker=worker_2
2026-09-25 07:35:41.650 INFO  [worker_2] [22/24 4401001030300] SCHEME START प्रयोगात्मक प्रक्षेत्र प्रदर्शन और बीज वर्द्धन प्रक्षेत्र (जिला योजना) (Grant 011) (worker=worker_2)
2026-09-25 07:35:41.650 INFO  [worker_2] [22/24 4401001030300] Attempt 1/3 START
2026-09-25 07:35:41.681 INFO  [worker_2] [22/24 4401001030300] HTTP GET main page (KoshvaniStatic.aspx) START
2026-09-25 07:35:41.701 INFO  [MainThread] FILE WRITE index.json 14328 bytes 7 ms | overall=RUNNING successful=16 failed=2 unprocessed=6
2026-09-25 07:35:42.536 INFO  [worker_2] [22/24 4401001030300] HTTP GET main page (KoshvaniStatic.aspx) END status=200 bytes=32533 elapsed=0.85s
2026-09-25 07:35:42.614 INFO  [worker_2] [22/24 4401001030300] HTTP GET grant list (ExpGrant.aspx) START
2026-09-25 07:35:42.994 INFO  [worker_0] [20/24 2402001020109] HTTP GET scheme list (Extra_plnDept.aspx) END status=200 bytes=724449 elapsed=8.30s redirects=1 final=ExpHead.aspx
2026-09-25 07:35:43.157 INFO  [worker_2] [22/24 4401001030300] HTTP GET grant list (ExpGrant.aspx) END status=200 bytes=112794 elapsed=0.54s
2026-09-25 07:35:43.479 INFO  [worker_1] [21/24 2402001020111] HTTP GET scheme list (Extra_plnDept.aspx) END status=200 bytes=724449 elapsed=7.76s redirects=1 final=ExpHead.aspx
2026-09-25 07:35:43.520 INFO  [worker_3] [18/24 2401008000203] HTTP GET scheme report (Extra_plnDept.aspx) END status=200 bytes=163153 elapsed=4.21s redirects=1 final=ExpTreas.aspx
2026-09-25 07:35:47.761 INFO  [worker_2] [22/24 4401001030300] HTTP GET scheme list (Extra_plnDept.aspx) START
2026-09-25 07:35:52.265 INFO  [worker_3] [18/24 2401008000203] PARSE report table: columns=9 district_rows=3 fin_year=2026-2027 months={'prev_month': 'August', 'current_month': 'September'}
2026-09-25 07:35:52.283 INFO  [worker_3] [18/24 2401008000203] VALIDATE ok status=ok rows=3
2026-09-25 07:35:52.478 INFO  [worker_3] [18/24 2401008000203] FILE WRITE agri-011-2401008000203.json 1782 bytes 134 ms (status=ok, rows=3)
2026-09-25 07:35:52.612 INFO  [worker_3] [18/24 2401008000203] STATUS UPDATE scheme=2401008000203 status=1 attempts=1 remark='' [crawler_status.json 2632 bytes, 111 ms]
2026-09-25 07:35:52.619 INFO  [worker_3] [18/24 2401008000203] Attempt 1/3 succeeded in 42.93s
2026-09-25 07:35:52.632 INFO  [worker_3] [18/24 2401008000203] SCHEME DONE status=1 attempts=1 elapsed=42.97s worker=worker_3
2026-09-25 07:35:52.645 INFO  [worker_3] [23/24 4401001030401] SCHEME START खाद्यान्न/दलहन/तिलहन/बीज की लागत और प्रासंगिक व्यय (Grant 011) (worker=worker_3)
2026-09-25 07:35:52.657 INFO  [worker_3] [23/24 4401001030401] Attempt 1/3 START
2026-09-25 07:35:52.716 INFO  [worker_3] [23/24 4401001030401] HTTP GET main page (KoshvaniStatic.aspx) START
2026-09-25 07:35:54.059 INFO  [worker_3] [23/24 4401001030401] HTTP GET main page (KoshvaniStatic.aspx) END status=200 bytes=32533 elapsed=1.33s
2026-09-25 07:35:54.216 INFO  [MainThread] FILE WRITE index.json 14328 bytes 188 ms | overall=RUNNING successful=17 failed=2 unprocessed=5
2026-09-25 07:35:54.395 INFO  [worker_3] [23/24 4401001030401] HTTP GET grant list (ExpGrant.aspx) START
2026-09-25 07:35:55.058 INFO  [worker_3] [23/24 4401001030401] HTTP GET grant list (ExpGrant.aspx) END status=200 bytes=112794 elapsed=0.65s
2026-09-25 07:35:55.811 INFO  [worker_2] [22/24 4401001030300] HTTP GET scheme list (Extra_plnDept.aspx) END status=200 bytes=724449 elapsed=8.04s redirects=1 final=ExpHead.aspx
2026-09-25 07:35:58.585 INFO  [worker_3] [23/24 4401001030401] HTTP GET scheme list (Extra_plnDept.aspx) START
2026-09-25 07:36:05.518 INFO  [worker_0] [20/24 2402001020109] HTTP GET scheme report (Extra_plnDept.aspx) START
2026-09-25 07:36:08.639 INFO  [worker_3] [23/24 4401001030401] HTTP GET scheme list (Extra_plnDept.aspx) END status=200 bytes=724449 elapsed=6.89s redirects=1 final=ExpHead.aspx
2026-09-25 07:36:13.886 INFO  [worker_0] [20/24 2402001020109] HTTP GET scheme report (Extra_plnDept.aspx) END status=200 bytes=104471 elapsed=3.14s redirects=1 final=ExpTreas.aspx
2026-09-25 07:36:43.944 INFO  [worker_1] [21/24 2402001020111] HTTP GET scheme report (Extra_plnDept.aspx) START
2026-09-25 07:36:45.565 INFO  [worker_0] [20/24 2402001020109] PARSE report table: columns=9 district_rows=1 fin_year=2026-2027 months={'prev_month': 'August', 'current_month': 'September'}
2026-09-25 07:36:45.610 INFO  [worker_0] [20/24 2402001020109] VALIDATE ok status=ok rows=1
2026-09-25 07:36:46.403 INFO  [worker_0] [20/24 2402001020109] FILE WRITE agri-011-2402001020109.json 1353 bytes 342 ms (status=ok, rows=1)
2026-09-25 07:36:46.906 INFO  [worker_0] [20/24 2402001020109] STATUS UPDATE scheme=2402001020109 status=1 attempts=1 remark='' [crawler_status.json 2632 bytes, 387 ms]
2026-09-25 07:36:46.925 INFO  [worker_0] [20/24 2402001020109] Attempt 1/3 succeeded in 46.16s
2026-09-25 07:36:46.937 INFO  [worker_0] [20/24 2402001020109] SCHEME DONE status=1 attempts=1 elapsed=46.16s worker=worker_0
2026-09-25 07:36:46.974 INFO  [worker_0] [24/24 4401001030403] SCHEME START कपास और बिनोले के बीजों की लागत(प्रासंगिक व्यय सहित) (Grant 011) (worker=worker_0)
2026-09-25 07:36:46.985 INFO  [worker_0] [24/24 4401001030403] Attempt 1/3 START
2026-09-25 07:36:47.500 INFO  [worker_0] [24/24 4401001030403] HTTP GET main page (KoshvaniStatic.aspx) START
2026-09-25 07:36:47.749 INFO  [worker_1] [21/24 2402001020111] HTTP GET scheme report (Extra_plnDept.aspx) END status=200 bytes=121352 elapsed=2.65s redirects=1 final=ExpTreas.aspx
2026-09-25 07:36:48.449 INFO  [worker_0] [24/24 4401001030403] HTTP GET main page (KoshvaniStatic.aspx) END status=200 bytes=32533 elapsed=0.94s
2026-09-25 07:36:57.764 INFO  [worker_0] [24/24 4401001030403] HTTP GET grant list (ExpGrant.aspx) START
2026-09-25 07:36:59.050 INFO  [worker_0] [24/24 4401001030403] HTTP GET grant list (ExpGrant.aspx) END status=200 bytes=112794 elapsed=0.74s
2026-09-25 07:36:59.638 INFO  [MainThread] FILE WRITE index.json 14328 bytes 309 ms | overall=RUNNING successful=18 failed=2 unprocessed=4
2026-09-25 07:38:13.331 INFO  [worker_1] [21/24 2402001020111] PARSE report table: columns=9 district_rows=2 fin_year=2026-2027 months={'prev_month': 'August', 'current_month': 'September'}
2026-09-25 07:38:13.339 INFO  [worker_1] [21/24 2402001020111] VALIDATE ok status=ok rows=2
2026-09-25 07:38:13.582 INFO  [worker_1] [21/24 2402001020111] FILE WRITE agri-011-2402001020111.json 1534 bytes 186 ms (status=ok, rows=2)
2026-09-25 07:38:13.734 INFO  [worker_1] [21/24 2402001020111] STATUS UPDATE scheme=2402001020111 status=1 attempts=1 remark='' [crawler_status.json 2632 bytes, 128 ms]
2026-09-25 07:38:13.752 INFO  [worker_1] [21/24 2402001020111] Attempt 1/3 succeeded in 53.37s
2026-09-25 07:38:13.775 INFO  [worker_1] [21/24 2402001020111] SCHEME DONE status=1 attempts=1 elapsed=53.40s worker=worker_1
2026-09-25 07:38:13.980 INFO  [worker_0] [24/24 4401001030403] HTTP GET scheme list (Extra_plnDept.aspx) START
2026-09-25 07:38:15.403 INFO  [MainThread] FILE WRITE index.json 14328 bytes 160 ms | overall=RUNNING successful=19 failed=2 unprocessed=3
2026-09-25 07:38:15.835 INFO  [worker_2] [22/24 4401001030300] HTTP GET scheme report (Extra_plnDept.aspx) START
2026-09-25 07:38:16.665 INFO  [worker_3] [23/24 4401001030401] HTTP GET scheme report (Extra_plnDept.aspx) START
2026-09-25 07:38:16.846 INFO  [worker_2] [22/24 4401001030300] HTTP GET scheme report (Extra_plnDept.aspx) END status=200 bytes=52061 elapsed=1.00s redirects=1 final=ExpTreas.aspx
2026-09-25 07:38:16.967 INFO  [worker_2] [22/24 4401001030300] PARSE report table: columns=9 district_rows=1 fin_year=2026-2027 months={'prev_month': 'August', 'current_month': 'September'}
2026-09-25 07:38:16.968 INFO  [worker_2] [22/24 4401001030300] VALIDATE ok status=ok rows=1
2026-09-25 07:38:16.982 INFO  [worker_2] [22/24 4401001030300] FILE WRITE agri-011-4401001030300.json 1459 bytes 7 ms (status=ok, rows=1)
2026-09-25 07:38:16.985 INFO  [worker_2] [22/24 4401001030300] STATUS UPDATE scheme=4401001030300 status=1 attempts=1 remark='' [crawler_status.json 2632 bytes, 2 ms]
2026-09-25 07:38:16.986 INFO  [worker_2] [22/24 4401001030300] Attempt 1/3 succeeded in 42.79s
2026-09-25 07:38:16.986 INFO  [worker_2] [22/24 4401001030300] SCHEME DONE status=1 attempts=1 elapsed=42.79s worker=worker_2
2026-09-25 07:38:17.016 INFO  [MainThread] FILE WRITE index.json 14328 bytes 6 ms | overall=RUNNING successful=20 failed=2 unprocessed=2
2026-09-25 07:38:19.748 INFO  [worker_3] [23/24 4401001030401] HTTP GET scheme report (Extra_plnDept.aspx) END status=200 bytes=88022 elapsed=2.04s redirects=1 final=ExpTreas.aspx
2026-09-25 07:38:20.446 INFO  [worker_3] [23/24 4401001030401] PARSE report table: columns=9 district_rows=1 fin_year=2026-2027 months={'prev_month': 'August', 'current_month': 'September'}
2026-09-25 07:38:20.448 INFO  [worker_3] [23/24 4401001030401] VALIDATE ok status=ok rows=1
2026-09-25 07:38:20.532 INFO  [worker_3] [23/24 4401001030401] FILE WRITE agri-011-4401001030401.json 1389 bytes 78 ms (status=ok, rows=1)
2026-09-25 07:38:20.535 INFO  [worker_3] [23/24 4401001030401] STATUS UPDATE scheme=4401001030401 status=1 attempts=1 remark='' [crawler_status.json 2632 bytes, 3 ms]
2026-09-25 07:38:20.536 INFO  [worker_3] [23/24 4401001030401] Attempt 1/3 succeeded in 33.95s
2026-09-25 07:38:20.536 INFO  [worker_3] [23/24 4401001030401] SCHEME DONE status=1 attempts=1 elapsed=33.97s worker=worker_3
2026-09-25 07:38:20.562 INFO  [MainThread] FILE WRITE index.json 14328 bytes 6 ms | overall=RUNNING successful=21 failed=2 unprocessed=1
2026-09-25 07:38:21.255 INFO  [worker_0] [24/24 4401001030403] HTTP GET scheme list (Extra_plnDept.aspx) END status=200 bytes=724449 elapsed=5.88s redirects=1 final=ExpHead.aspx
2026-09-25 07:39:45.152 INFO  [worker_0] [24/24 4401001030403] HTTP GET scheme report (Extra_plnDept.aspx) START
2026-09-25 07:39:46.803 INFO  [worker_0] [24/24 4401001030403] HTTP GET scheme report (Extra_plnDept.aspx) END status=200 bytes=85011 elapsed=0.71s redirects=1 final=ExpTreas.aspx
2026-09-25 07:39:47.196 INFO  [worker_0] [24/24 4401001030403] PARSE report table: columns=9 district_rows=1 fin_year=2026-2027 months={'prev_month': 'August', 'current_month': 'September'}
2026-09-25 07:39:47.197 INFO  [worker_0] [24/24 4401001030403] VALIDATE ok status=ok rows=1
2026-09-25 07:39:47.285 INFO  [worker_0] [24/24 4401001030403] FILE WRITE agri-011-4401001030403.json 1337 bytes 80 ms (status=ok, rows=1)
2026-09-25 07:39:47.289 INFO  [worker_0] [24/24 4401001030403] STATUS UPDATE scheme=4401001030403 status=1 attempts=1 remark='' [crawler_status.json 2632 bytes, 3 ms]
2026-09-25 07:39:47.289 INFO  [worker_0] [24/24 4401001030403] Attempt 1/3 succeeded in 22.09s
2026-09-25 07:39:47.289 INFO  [worker_0] [24/24 4401001030403] SCHEME DONE status=1 attempts=1 elapsed=22.13s worker=worker_0
2026-09-25 07:39:47.304 INFO  [MainThread] FILE WRITE index.json 14328 bytes 4 ms | overall=RUNNING successful=22 failed=2 unprocessed=0
2026-09-25 07:39:47.310 INFO  [MainThread] STATUS FINAL overall=WARNING fatal=no [crawler_status.json 2655 bytes, 2 ms]
2026-09-25 07:39:47.324 INFO  [MainThread] FILE WRITE index.json 14328 bytes 3 ms | overall=WARNING successful=22 failed=2 unprocessed=0
2026-09-25 07:39:47.325 INFO  [MainThread] ==================================================
2026-09-25 07:39:47.325 INFO  [MainThread] KOSHVANI CRAWLER SUMMARY
2026-09-25 07:39:47.325 INFO  [MainThread] ==================================================
2026-09-25 07:39:47.326 INFO  [MainThread] Execution ID: 20260925-072935-0457a6
2026-09-25 07:39:47.326 INFO  [MainThread] Total schemes: 24
2026-09-25 07:39:47.326 INFO  [MainThread] Successful: 22
2026-09-25 07:39:47.326 INFO  [MainThread] Failed: 2
2026-09-25 07:39:47.326 INFO  [MainThread] Unprocessed: 0
2026-09-25 07:39:47.327 INFO  [MainThread] Recovered by retry: 4
2026-09-25 07:39:47.327 INFO  [MainThread] Fatal crawler error: No
2026-09-25 07:39:47.327 INFO  [MainThread] Execution status: WARNING
2026-09-25 07:39:47.328 INFO  [MainThread] Wall time: 277.3s | workers: 4 | max attempts per scheme: 3
2026-09-25 07:39:47.328 INFO  [MainThread] Scheme time: min 21.9s | avg 44.8s | max 119.5s
2026-09-25 07:39:47.328 INFO  [MainThread] Slowest schemes: 2401000010500 119.5s (attempts 3, worker_0), 2401001030300 99.7s (attempts 3, worker_3), 2401001070300 69.3s (attempts 1, worker_1)
2026-09-25 07:39:47.329 INFO  [MainThread] Worker utilisation: 97% | worker_0: 6 schemes 277s, worker_1: 6 schemes 263s, worker_2: 6 schemes 266s, worker_3: 6 schemes 269s
2026-09-25 07:39:47.329 INFO  [MainThread] HTTP requests: 112 (ok 112, failed 0) | downloaded 23671 KB
2026-09-25 07:39:47.329 INFO  [MainThread] Request latency: avg 3.86s | p95 12.10s | max 21.79s
2026-09-25 07:39:47.330 INFO  [MainThread] Attempt failures by kind: unexpected-page=12
2026-09-25 07:39:47.330 INFO  [MainThread] Time spent waiting between retries: 153.2s (summed over workers)
2026-09-25 07:39:47.330 INFO  [MainThread] ==================================================
2026-09-25 07:39:50 INFO  [run_daily] SCRAPER END exit_code=0 elapsed=612s

2026-09-25 07:39:50 INFO  [run_daily] Koshvani scraper completed.

2026-09-25 07:39:50 INFO  [run_daily] [4/6] Checking for data changes...
2026-09-25 07:39:50 INFO  [run_daily] Data changes detected:
 M docs/data/agri-011-2401000010500.json
 M docs/data/agri-011-2401001020103.json
 M docs/data/agri-011-2401001020129.json
 M docs/data/agri-011-2401001030300.json
 M docs/data/agri-011-2401001030500.json
 M docs/data/agri-011-2401001030600.json
 M docs/data/agri-011-2401001070300.json
 M docs/data/agri-011-2401001070400.json
 M docs/data/agri-011-2401001090103.json
 M docs/data/agri-011-2401001090104.json
 M docs/data/agri-011-2401001090105.json
 M docs/data/agri-011-2401001090300.json
 M docs/data/agri-011-2401001090700.json
 M docs/data/agri-011-2401001090900.json
 M docs/data/agri-011-2401001130104.json
 M docs/data/agri-011-2401001140101.json
 M docs/data/agri-011-2401001140300.json
 M docs/data/agri-011-2401008000203.json
 M docs/data/agri-011-2401008000400.json
 M docs/data/agri-011-2402001020109.json
 M docs/data/agri-011-2402001020111.json
 M docs/data/agri-011-4401001030300.json
 M docs/data/agri-011-4401001030401.json
 M docs/data/agri-011-4401001030403.json
 M docs/data/crawler_status.json
 M docs/data/index.json

2026-09-25 07:39:50 INFO  [run_daily] [5/6] Committing updated Koshvani data...
2026-09-25 07:39:50 INFO  [run_daily] GIT add data: START
2026-09-25 07:39:50 INFO  [run_daily] GIT add data: END exit_code=0 elapsed=0s
2026-09-25 07:39:51 INFO  [run_daily] GIT commit data: START
[main 62924af] Update Koshvani data
 26 files changed, 564 insertions(+), 285 deletions(-)
2026-09-25 07:39:51 INFO  [run_daily] GIT commit data: END exit_code=0 elapsed=0s
2026-09-25 07:39:51 INFO  [run_daily] Commit successful: 62924af Update Koshvani data
 26 files changed, 564 insertions(+), 285 deletions(-)

2026-09-25 07:39:51 INFO  [run_daily] Pushing to GitHub...
2026-09-25 07:39:51 INFO  [run_daily] GIT push data: START
To https://github.com/abhi24me/koshvani-dashboard.git
   d2af0d1..62924af  main -> main
2026-09-25 07:39:58 INFO  [run_daily] GIT push data: END exit_code=0 elapsed=7s

2026-09-25 07:39:58 INFO  [run_daily] GitHub push successful: HEAD=62924af origin/main=62924af

2026-09-25 07:39:58 INFO  [run_daily] [6/6] Validating scheme results and sending the Gmail report...
2026-09-25 07:40:22.881 INFO  [gmail_alert] Email notification sent successfully to 2 recipient(s).
2026-09-25 07:40:23.004 INFO  [gmail_alert] Report e-mailed (warning).
2026-09-25 07:40:23 INFO  [run_daily] GMAIL report step finished (exit_code=0)

2026-09-25 07:40:23 INFO  [run_daily] ========================================
2026-09-25 07:40:23 INFO  [run_daily] KOSHVANI JOB COMPLETED
2026-09-25 07:40:23 INFO  [run_daily] FINAL STATUS: SUCCESS
2026-09-25 07:40:23 INFO  [run_daily] elapsed=648s
2026-09-25 07:40:23 INFO  [run_daily] ========================================
2026-09-25 07:40:23 INFO  [run_daily] LOG PUBLISH: workflow_exit_code=0 - this log is now being committed and pushed (that outcome is on screen only)
