
========================================
KOSHVANI JOB STARTED
Time: Fri Sep 18 06:02:26 IST 2026
========================================

[1/6] Checking Git status...

[2/6] Pulling latest code from GitHub...
From https://github.com/abhi24me/koshvani-dashboard
 * branch            main       -> FETCH_HEAD
Already up to date.
Git pull successful.

[3/6] Starting Koshvani scraper...
Time: Fri Sep 18 06:02:28 IST 2026

Scraping agri-011-2401000010500 (कृषि विभाग — जिला संगठन (Grant 011))...
    attempt 1/3 failed: Unexpected page after following 'Grant-wise expenditure': https://koshvani.up.nic.in/ClearSession.aspx?aspxerrorpath=/KoshReports/ExpGrant.aspx
    attempt 2/3 failed: Unexpected page after following 'Grant-wise expenditure': https://koshvani.up.nic.in/ClearSession.aspx?aspxerrorpath=/KoshReports/ExpGrant.aspx
    attempt 3/3 failed: Unexpected page after following 'Grant-wise expenditure': https://koshvani.up.nic.in/ClearSession.aspx?aspxerrorpath=/KoshReports/ExpGrant.aspx
  -> status=error
Scraping agri-011-2401001020103 (फूड एण्ड न्यूट्रिशन सिक्यूरिटी (कृषि उन्नति योजना) (के.60/रा.40-के.+ रा.) (Grant 011))...
    attempt 1/3 failed: Unexpected page after following 'Grant-wise expenditure': https://koshvani.up.nic.in/ClearSession.aspx?aspxerrorpath=/KoshReports/ExpGrant.aspx
    attempt 2/3 failed: Unexpected page after following 'Grant-wise expenditure': https://koshvani.up.nic.in/ClearSession.aspx?aspxerrorpath=/KoshReports/ExpGrant.aspx
    attempt 3/3 failed: Unexpected page after following 'Grant-wise expenditure': https://koshvani.up.nic.in/ClearSession.aspx?aspxerrorpath=/KoshReports/ExpGrant.aspx
  -> status=error
Scraping agri-011-2401001020129 (मिशन फार आत्मनिर्भरता इन पल्सेस (के.60/रा.40-के.+रा.) (Grant 011))...
    attempt 1/3 failed: Unexpected page after following 'Grant-wise expenditure': https://koshvani.up.nic.in/ClearSession.aspx?aspxerrorpath=/KoshReports/ExpGrant.aspx
    attempt 2/3 failed: Unexpected page after following 'Grant-wise expenditure': https://koshvani.up.nic.in/ClearSession.aspx?aspxerrorpath=/KoshReports/ExpGrant.aspx
    attempt 3/3 failed: Unexpected page after following 'Grant-wise expenditure': https://koshvani.up.nic.in/ClearSession.aspx?aspxerrorpath=/KoshReports/ExpGrant.aspx
  -> status=error
Scraping agri-011-2401001030300 (प्रयोगात्मक प्रक्षेत्र प्रदर्शन और बीज बर्द्धन प्रक्षेत्र (Grant 011))...
    attempt 1/3 failed: Unexpected page after following 'Grant-wise expenditure': https://koshvani.up.nic.in/ClearSession.aspx?aspxerrorpath=/KoshReports/ExpGrant.aspx
    attempt 2/3 failed: Unexpected page after following 'Grant-wise expenditure': https://koshvani.up.nic.in/ClearSession.aspx?aspxerrorpath=/KoshReports/ExpGrant.aspx
    attempt 3/3 failed: Unexpected page after following 'Grant-wise expenditure': https://koshvani.up.nic.in/ClearSession.aspx?aspxerrorpath=/KoshReports/ExpGrant.aspx
  -> status=error
Scraping agri-011-2401001030500 (संकर बीजों के उपयोग को बढ़ावा देने की योजना (Grant 011))...
    attempt 1/3 failed: Unexpected page after following 'Grant-wise expenditure': https://koshvani.up.nic.in/ClearSession.aspx?aspxerrorpath=/KoshReports/ExpGrant.aspx
  -> status=ok
Scraping agri-011-2401001030600 (उत्तर प्रदेश मिलेट्स पुनरोद्धार कार्यक्रम (Grant 011))...
  -> status=ok
Scraping agri-011-2401001070300 (पौध संरक्षण सेवा तथा कृषि रक्षा सेवा (Grant 011))...
  -> status=ok
Scraping agri-011-2401001070400 (विभिन्न परिस्थितिकी संसाधनों द्वारा कीट / रोग नियंत्रण (Grant 011))...
  -> status=ok
Scraping agri-011-2401001090103 (नेशनल मिशन ऑन एग्रीकल्चर एक्सटेंशन एण्ड टेक्नोलाजी (एन.एम.ए.ई.टी.) के अर्न्तगत सबमिशन ऑन एग्रीकल्चर एक्स्टेंशन (के.60/रा.40-के.+ रा.) (Grant 011))...
  -> status=ok
Scraping agri-011-2401001090104 (नेशनल मिशन ऑन एग्रीकल्चर एक्सटेंशन एण्ड टेक्नोलाजी (एन.एम.ए.ई.टी.) के अर्न्तगत सबमिशन आफ एग्रीकल्चर मेकेनाइजेशन (के.60/रा.40-के.+ रा.) (Grant 011))...
  -> status=ok
Scraping agri-011-2401001090105 (नेशनल मिशन ऑन एग्रीकल्चर एक्सटेंशन एण्ड टेक्नोलाजी (एन.एम.ए.ई.टी.) के अर्न्तगत नेशनल ई-गर्वनेन्स प्रोग्राम (के.60/रा.40-के.+ रा.) (Grant 011))...
  -> status=ok
Scraping agri-011-2401001090300 (कृषि प्रसार प्रायोजना तथा प्रदर्शनियां (Grant 011))...
  -> status=ok
Scraping agri-011-2401001090700 (कृषि उत्पादन में वृद्धि के लिए कृषि प्रसार, कृषि निवेश तथा तकनीकी प्रबंधन (Grant 011))...
    attempt 1/3 failed: Unexpected page after following 'Grant-wise expenditure': https://koshvani.up.nic.in/ClearSession.aspx?aspxerrorpath=/KoshReports/ExpGrant.aspx
    attempt 2/3 failed: Unexpected page after following 'Grant-wise expenditure': https://koshvani.up.nic.in/ClearSession.aspx?aspxerrorpath=/KoshReports/ExpGrant.aspx
    attempt 3/3 failed: Unexpected page after following 'Grant-wise expenditure': https://koshvani.up.nic.in/ClearSession.aspx?aspxerrorpath=/KoshReports/ExpGrant.aspx
  -> status=error
Scraping agri-011-2401001090900 (प्रशिक्षित कृषि उद्यमी स्वावलंबन योजना (Grant 011))...
    attempt 1/3 failed: Unexpected page after following 'Grant-wise expenditure': https://koshvani.up.nic.in/ClearSession.aspx?aspxerrorpath=/KoshReports/ExpGrant.aspx
    attempt 2/3 failed: Unexpected page after following 'Grant-wise expenditure': https://koshvani.up.nic.in/ClearSession.aspx?aspxerrorpath=/KoshReports/ExpGrant.aspx
    attempt 3/3 failed: Unexpected page after following 'Grant-wise expenditure': https://koshvani.up.nic.in/ClearSession.aspx?aspxerrorpath=/KoshReports/ExpGrant.aspx
  -> status=error
Scraping agri-011-2401001130104 (प्रमोशन ऑफ एग्रीमल्चर मैकेनाइजेशन फार इनसीटू मैनेजमेंट ऑफ क्राप रेजडयू (CRM) (के.60/रा.40-के.+ रा.) (Grant 011))...
    attempt 1/3 failed: Unexpected page after following 'Grant-wise expenditure': https://koshvani.up.nic.in/ClearSession.aspx?aspxerrorpath=/KoshReports/ExpGrant.aspx
    attempt 2/3 failed: Unexpected page after following 'Grant-wise expenditure': https://koshvani.up.nic.in/ClearSession.aspx?aspxerrorpath=/KoshReports/ExpGrant.aspx
  -> status=ok
Scraping agri-011-2401001140101 (नेशनल फूड सिक्योरिटी मिशन (ओ0एस0 / टी0बी0ओ0) (के.60/रा.40-के.+ रा.) (Grant 011))...
  -> status=ok
Scraping agri-011-2401001140300 (तिलहन बीज मिनीकिट वितरण योजना (Grant 011))...
  -> status=ok
Scraping agri-011-2401008000203 (कृषि विकास योजनायें (के.60/रा.40-के.) (Grant 011))...
  -> status=ok
Scraping agri-011-2401008000400 (कृषि क्षेत्र की क्षमता एवं कौशल विकास तथा उत्पादन वृद्धि की योजना (Grant 011))...
  -> status=ok
Scraping agri-011-2402001020109 (नेशनल प्रोजेक्ट ऑन स्वायल हेल्थ फर्टिलिटी (के.60/रा.40-के.+ रा.) (Grant 011))...
  -> status=ok
Scraping agri-011-2402001020111 (नेशनल मिशन ऑन नेचुरल फार्मिग (के.60/रा.40-के.+ रा.) (Grant 011))...
  -> status=ok
Scraping agri-011-4401001030300 (प्रयोगात्मक प्रक्षेत्र प्रदर्शन और बीज वर्द्धन प्रक्षेत्र (जिला योजना) (Grant 011))...
  -> status=ok
Scraping agri-011-4401001030401 (खाद्यान्न/दलहन/तिलहन/बीज की लागत और प्रासंगिक व्यय (Grant 011))...
  -> status=ok
Scraping agri-011-4401001030403 (कपास और बिनोले के बीजों की लागत(प्रासंगिक व्यय सहित) (Grant 011))...
  -> status=ok

Koshvani scraper completed successfully.

[4/6] Checking for data changes...
Data changes detected.

[5/6] Committing updated Koshvani data...
[main db1dfb2] Update Koshvani data
 25 files changed, 121 insertions(+), 815 deletions(-)
Commit successful.

Pushing to GitHub...
To https://github.com/abhi24me/koshvani-dashboard.git
   238538e..db1dfb2  main -> main

GitHub push successful.

[6/6] Validating scheme results and notifying Telegram...
[telegram_alert] Report sent (warning).

========================================
KOSHVANI JOB COMPLETED
Status: SUCCESS
Time: Fri Sep 18 06:38:16 IST 2026
========================================

========================================
KOSHVANI JOB STARTED
Time: Fri Sep 18 11:16:43 IST 2026
========================================

[1/6] Checking Git status...

[2/6] Pulling latest code from GitHub...
From https://github.com/abhi24me/koshvani-dashboard
 * branch            main       -> FETCH_HEAD
Already up to date.
Git pull successful.

[3/6] Starting Koshvani scraper...
Time: Fri Sep 18 11:16:44 IST 2026

Scraping agri-011-2401000010500 (कृषि विभाग — जिला संगठन (Grant 011))...
  -> status=ok
Scraping agri-011-2401001020103 (फूड एण्ड न्यूट्रिशन सिक्यूरिटी (कृषि उन्नति योजना) (के.60/रा.40-के.+ रा.) (Grant 011))...
  -> status=ok
Scraping agri-011-2401001020129 (मिशन फार आत्मनिर्भरता इन पल्सेस (के.60/रा.40-के.+रा.) (Grant 011))...
  -> status=ok
Scraping agri-011-2401001030300 (प्रयोगात्मक प्रक्षेत्र प्रदर्शन और बीज बर्द्धन प्रक्षेत्र (Grant 011))...
  -> status=ok
Scraping agri-011-2401001030500 (संकर बीजों के उपयोग को बढ़ावा देने की योजना (Grant 011))...
  -> status=ok
Scraping agri-011-2401001030600 (उत्तर प्रदेश मिलेट्स पुनरोद्धार कार्यक्रम (Grant 011))...
  -> status=ok
Scraping agri-011-2401001070300 (पौध संरक्षण सेवा तथा कृषि रक्षा सेवा (Grant 011))...
  -> status=ok
Scraping agri-011-2401001070400 (विभिन्न परिस्थितिकी संसाधनों द्वारा कीट / रोग नियंत्रण (Grant 011))...
    attempt 1/3 failed: Expected ExpTreas.aspx after selecting scheme, got https://koshvani.up.nic.in/ClearSession.aspx?aspxerrorpath=/Default.aspx
  -> status=ok
Scraping agri-011-2401001090103 (नेशनल मिशन ऑन एग्रीकल्चर एक्सटेंशन एण्ड टेक्नोलाजी (एन.एम.ए.ई.टी.) के अर्न्तगत सबमिशन ऑन एग्रीकल्चर एक्स्टेंशन (के.60/रा.40-के.+ रा.) (Grant 011))...
  -> status=ok
Scraping agri-011-2401001090104 (नेशनल मिशन ऑन एग्रीकल्चर एक्सटेंशन एण्ड टेक्नोलाजी (एन.एम.ए.ई.टी.) के अर्न्तगत सबमिशन आफ एग्रीकल्चर मेकेनाइजेशन (के.60/रा.40-के.+ रा.) (Grant 011))...
  -> status=ok
Scraping agri-011-2401001090105 (नेशनल मिशन ऑन एग्रीकल्चर एक्सटेंशन एण्ड टेक्नोलाजी (एन.एम.ए.ई.टी.) के अर्न्तगत नेशनल ई-गर्वनेन्स प्रोग्राम (के.60/रा.40-के.+ रा.) (Grant 011))...
  -> status=ok
Scraping agri-011-2401001090300 (कृषि प्रसार प्रायोजना तथा प्रदर्शनियां (Grant 011))...
  -> status=ok
Scraping agri-011-2401001090700 (कृषि उत्पादन में वृद्धि के लिए कृषि प्रसार, कृषि निवेश तथा तकनीकी प्रबंधन (Grant 011))...
  -> status=ok
Scraping agri-011-2401001090900 (प्रशिक्षित कृषि उद्यमी स्वावलंबन योजना (Grant 011))...
  -> status=ok
Scraping agri-011-2401001130104 (प्रमोशन ऑफ एग्रीमल्चर मैकेनाइजेशन फार इनसीटू मैनेजमेंट ऑफ क्राप रेजडयू (CRM) (के.60/रा.40-के.+ रा.) (Grant 011))...
  -> status=ok
Scraping agri-011-2401001140101 (नेशनल फूड सिक्योरिटी मिशन (ओ0एस0 / टी0बी0ओ0) (के.60/रा.40-के.+ रा.) (Grant 011))...
    attempt 1/3 failed: Unexpected page after following 'Grant-wise expenditure': https://koshvani.up.nic.in/ClearSession.aspx?aspxerrorpath=/KoshReports/ExpGrant.aspx
  -> status=ok
Scraping agri-011-2401001140300 (तिलहन बीज मिनीकिट वितरण योजना (Grant 011))...
  -> status=ok
Scraping agri-011-2401008000203 (कृषि विकास योजनायें (के.60/रा.40-के.) (Grant 011))...
  -> status=ok
Scraping agri-011-2401008000400 (कृषि क्षेत्र की क्षमता एवं कौशल विकास तथा उत्पादन वृद्धि की योजना (Grant 011))...
  -> status=ok
Scraping agri-011-2402001020109 (नेशनल प्रोजेक्ट ऑन स्वायल हेल्थ फर्टिलिटी (के.60/रा.40-के.+ रा.) (Grant 011))...
  -> status=ok
Scraping agri-011-2402001020111 (नेशनल मिशन ऑन नेचुरल फार्मिग (के.60/रा.40-के.+ रा.) (Grant 011))...
  -> status=ok
Scraping agri-011-4401001030300 (प्रयोगात्मक प्रक्षेत्र प्रदर्शन और बीज वर्द्धन प्रक्षेत्र (जिला योजना) (Grant 011))...
  -> status=ok
Scraping agri-011-4401001030401 (खाद्यान्न/दलहन/तिलहन/बीज की लागत और प्रासंगिक व्यय (Grant 011))...
  -> status=ok
Scraping agri-011-4401001030403 (कपास और बिनोले के बीजों की लागत(प्रासंगिक व्यय सहित) (Grant 011))...
  -> status=ok

Koshvani scraper completed successfully.

[4/6] Checking for data changes...
Data changes detected.

[5/6] Committing updated Koshvani data...
[main bfedfcd] Update Koshvani data
 25 files changed, 815 insertions(+), 121 deletions(-)
Commit successful.

Pushing to GitHub...
To https://github.com/abhi24me/koshvani-dashboard.git
   db1dfb2..bfedfcd  main -> main

GitHub push successful.

[6/6] Validating scheme results and notifying Telegram...
[telegram_alert] Report sent (success).

========================================
KOSHVANI JOB COMPLETED
Status: SUCCESS
Time: Fri Sep 18 11:34:58 IST 2026
========================================
