
========================================
KOSHVANI JOB STARTED
Time: Sun Sep 20 05:15:15 IST 2026
========================================

[1/6] Checking Git status...

[2/6] Pulling latest code from GitHub...
From https://github.com/abhi24me/koshvani-dashboard
 * branch            main       -> FETCH_HEAD
Already up to date.
Git pull successful.

[3/6] Starting Koshvani scraper...
Time: Sun Sep 20 05:15:17 IST 2026

[SCHEME 1/24] कृषि विभाग — जिला संगठन (Grant 011)
  Attempt 1/3
  Attempt 1/3 succeeded.

[SCHEME 2/24] फूड एण्ड न्यूट्रिशन सिक्यूरिटी (कृषि उन्नति योजना) (के.60/रा.40-के.+ रा.) (Grant 011)
  Attempt 1/3
  Attempt 1/3 succeeded.

[SCHEME 3/24] मिशन फार आत्मनिर्भरता इन पल्सेस (के.60/रा.40-के.+रा.) (Grant 011)
  Attempt 1/3
  Attempt 1/3 succeeded.

[SCHEME 4/24] प्रयोगात्मक प्रक्षेत्र प्रदर्शन और बीज बर्द्धन प्रक्षेत्र (Grant 011)
  Attempt 1/3
  Attempt 1/3 succeeded.

[SCHEME 5/24] संकर बीजों के उपयोग को बढ़ावा देने की योजना (Grant 011)
  Attempt 1/3
  Attempt 1/3 succeeded.

[SCHEME 6/24] उत्तर प्रदेश मिलेट्स पुनरोद्धार कार्यक्रम (Grant 011)
  Attempt 1/3
  Attempt 1/3 succeeded.

[SCHEME 7/24] पौध संरक्षण सेवा तथा कृषि रक्षा सेवा (Grant 011)
  Attempt 1/3
  Attempt 1/3 succeeded.

[SCHEME 8/24] विभिन्न परिस्थितिकी संसाधनों द्वारा कीट / रोग नियंत्रण (Grant 011)
  Attempt 1/3
  Attempt 1/3 succeeded.

[SCHEME 9/24] नेशनल मिशन ऑन एग्रीकल्चर एक्सटेंशन एण्ड टेक्नोलाजी (एन.एम.ए.ई.टी.) के अर्न्तगत सबमिशन ऑन एग्रीकल्चर एक्स्टेंशन (के.60/रा.40-के.+ रा.) (Grant 011)
  Attempt 1/3
  Attempt 1/3 failed: MissingLinkError: Could not find scheme code '2401001090103' on ExpHead.aspx
  Waiting 8 seconds before retry...
  Attempt 2/3
  Attempt 2/3 failed: UnexpectedPageError: Unexpected page after following 'Grant-wise expenditure': ClearSession.aspx
  Waiting 20.9 seconds before retry...
  Attempt 3/3
  Attempt 3/3 failed: UnexpectedPageError: Unexpected page after following 'Grant-wise expenditure': ClearSession.aspx
  FINAL STATUS: FAILED

[SCHEME 10/24] नेशनल मिशन ऑन एग्रीकल्चर एक्सटेंशन एण्ड टेक्नोलाजी (एन.एम.ए.ई.टी.) के अर्न्तगत सबमिशन आफ एग्रीकल्चर मेकेनाइजेशन (के.60/रा.40-के.+ रा.) (Grant 011)
  Attempt 1/3
  Attempt 1/3 failed: UnexpectedPageError: Unexpected page after following 'Grant-wise expenditure': ClearSession.aspx
  Waiting 8.4 seconds before retry...
  Attempt 2/3
  Attempt 2/3 failed: UnexpectedPageError: Unexpected page after following 'Grant-wise expenditure': ClearSession.aspx
  Waiting 21.1 seconds before retry...
  Attempt 3/3
  Attempt 3/3 failed: UnexpectedPageError: Unexpected page after following 'Grant-wise expenditure': ClearSession.aspx
  FINAL STATUS: FAILED

[SCHEME 11/24] नेशनल मिशन ऑन एग्रीकल्चर एक्सटेंशन एण्ड टेक्नोलाजी (एन.एम.ए.ई.टी.) के अर्न्तगत नेशनल ई-गर्वनेन्स प्रोग्राम (के.60/रा.40-के.+ रा.) (Grant 011)
  Attempt 1/3
  Attempt 1/3 failed: UnexpectedPageError: Unexpected page after following 'Grant-wise expenditure': ClearSession.aspx
  Waiting 7.8 seconds before retry...
  Attempt 2/3
  Attempt 2/3 failed: UnexpectedPageError: Unexpected page after following 'Grant-wise expenditure': ClearSession.aspx
  Waiting 17.2 seconds before retry...
  Attempt 3/3
  Attempt 3/3 succeeded.

[SCHEME 12/24] कृषि प्रसार प्रायोजना तथा प्रदर्शनियां (Grant 011)
  Attempt 1/3
  Attempt 1/3 succeeded.

[SCHEME 13/24] कृषि उत्पादन में वृद्धि के लिए कृषि प्रसार, कृषि निवेश तथा तकनीकी प्रबंधन (Grant 011)
  Attempt 1/3
  Attempt 1/3 succeeded.

[SCHEME 14/24] प्रशिक्षित कृषि उद्यमी स्वावलंबन योजना (Grant 011)
  Attempt 1/3
  Attempt 1/3 succeeded.

[SCHEME 15/24] प्रमोशन ऑफ एग्रीमल्चर मैकेनाइजेशन फार इनसीटू मैनेजमेंट ऑफ क्राप रेजडयू (CRM) (के.60/रा.40-के.+ रा.) (Grant 011)
  Attempt 1/3
  Attempt 1/3 succeeded.

[SCHEME 16/24] नेशनल फूड सिक्योरिटी मिशन (ओ0एस0 / टी0बी0ओ0) (के.60/रा.40-के.+ रा.) (Grant 011)
  Attempt 1/3
  Attempt 1/3 succeeded.

[SCHEME 17/24] तिलहन बीज मिनीकिट वितरण योजना (Grant 011)
  Attempt 1/3
  Attempt 1/3 succeeded.

[SCHEME 18/24] कृषि विकास योजनायें (के.60/रा.40-के.) (Grant 011)
  Attempt 1/3
  Attempt 1/3 succeeded.

[SCHEME 19/24] कृषि क्षेत्र की क्षमता एवं कौशल विकास तथा उत्पादन वृद्धि की योजना (Grant 011)
  Attempt 1/3
  Attempt 1/3 succeeded.

[SCHEME 20/24] नेशनल प्रोजेक्ट ऑन स्वायल हेल्थ फर्टिलिटी (के.60/रा.40-के.+ रा.) (Grant 011)
  Attempt 1/3
  Attempt 1/3 succeeded.

[SCHEME 21/24] नेशनल मिशन ऑन नेचुरल फार्मिग (के.60/रा.40-के.+ रा.) (Grant 011)
  Attempt 1/3
  Attempt 1/3 succeeded.

[SCHEME 22/24] प्रयोगात्मक प्रक्षेत्र प्रदर्शन और बीज वर्द्धन प्रक्षेत्र (जिला योजना) (Grant 011)
  Attempt 1/3
  Attempt 1/3 succeeded.

[SCHEME 23/24] खाद्यान्न/दलहन/तिलहन/बीज की लागत और प्रासंगिक व्यय (Grant 011)
  Attempt 1/3
  Attempt 1/3 succeeded.

[SCHEME 24/24] कपास और बिनोले के बीजों की लागत(प्रासंगिक व्यय सहित) (Grant 011)
  Attempt 1/3
  Attempt 1/3 succeeded.


==================================================
KOSHVANI CRAWLER SUMMARY
==================================================
Total schemes: 24
Successful: 22
Failed: 2
Unprocessed: 0
Recovered by retry: 1
Fatal crawler error: No
Execution status: WARNING
==================================================

Koshvani scraper completed.

[4/6] Checking for data changes...
Data changes detected.

[5/6] Committing updated Koshvani data...
[main 1e438d8] Update Koshvani data
 26 files changed, 255 insertions(+), 205 deletions(-)
 create mode 100644 docs/data/crawler_status.json
Commit successful.

Pushing to GitHub...
To https://github.com/abhi24me/koshvani-dashboard.git
   6392784..1e438d8  main -> main

GitHub push successful.

[6/6] Validating scheme results and notifying...
[telegram_alert] Report sent (warning).
[telegram_alert] Email notification sent successfully to 2 recipient(s).

========================================
KOSHVANI JOB COMPLETED
Status: SUCCESS
Time: Sun Sep 20 05:41:59 IST 2026
========================================
