
========================================
Koshvani job started: Thu Sep 17 04:46:52 IST 2026
========================================
Running git pull...
error: cannot pull with rebase: You have unstaged changes.
error: Please commit or stash them.
ERROR: Git pull failed: Thu Sep 17 04:46:52 IST 2026
========================================

========================================
Koshvani job started: Thu Sep 17 04:50:07 IST 2026
========================================
Running git pull...
error: cannot pull with rebase: You have unstaged changes.
error: Please commit or stash them.
ERROR: Git pull failed: Thu Sep 17 04:50:07 IST 2026
========================================

========================================
Koshvani job started: Thu Sep 17 04:51:21 IST 2026
========================================
Running git pull...
error: cannot pull with rebase: You have unstaged changes.
error: Please commit or stash them.
ERROR: Git pull failed: Thu Sep 17 04:51:21 IST 2026
========================================
