
2026-09-22 05:26:25 INFO  [run_daily] ========================================
2026-09-22 05:26:26 INFO  [run_daily] KOSHVANI JOB STARTED
2026-09-22 05:26:26 INFO  [run_daily] execution_id=20260922-052625-18432a log=logs/daily-2026-09-22-052625.log
2026-09-22 05:26:26 INFO  [run_daily] host: Linux 5.15.178-android13-8-g8805f47e70a8-ab36 | Python 3.14.6 | git version 2.55.0
2026-09-22 05:26:26 INFO  [run_daily] repo: branch=main HEAD=f95f210 dir=/data/data/com.termux/files/home/koshvani-dashboard
2026-09-22 05:26:26 INFO  [run_daily] ========================================

2026-09-22 05:26:26 INFO  [run_daily] [1/6] Checking Git status...
?? logs/daily-2026-09-22-052625.log

2026-09-22 05:26:26 INFO  [run_daily] [2/6] Pulling latest code from GitHub...
2026-09-22 05:26:26 INFO  [run_daily] GIT pull --rebase: START
From https://github.com/abhi24me/koshvani-dashboard
 * branch            main       -> FETCH_HEAD
Already up to date.
2026-09-22 05:26:27 INFO  [run_daily] GIT pull --rebase: END exit_code=0 elapsed=1s
2026-09-22 05:26:27 INFO  [run_daily] Git pull successful.

2026-09-22 05:26:27 INFO  [run_daily] [3/6] Starting Koshvani scraper...
2026-09-22 05:26:28.888 INFO  [MainThread] ==================================================
2026-09-22 05:26:28.896 INFO  [MainThread] KOSHVANI CRAWLER START
2026-09-22 05:26:28.897 INFO  [MainThread] Execution ID: 20260922-052625-18432a
2026-09-22 05:26:28.898 INFO  [MainThread] Python 3.14.6 | requests 2.34.2 | time zone offset +0530
2026-09-22 05:26:28.902 INFO  [MainThread] Config: schemes=24 workers=4 max_attempts=3 retry_delays=5-15s/15-30s request_timeout=45s
2026-09-22 05:26:28.904 INFO  [MainThread] STATUS RESET execution_id=20260922-052625-18432a schemes=24 all set to status=0 [crawler_status.json 2366 bytes, 2 ms]
2026-09-22 05:26:28.978 INFO  [MainThread] FILE WRITE index.json 14344 bytes 7 ms | overall=RUNNING successful=0 failed=0 unprocessed=24
2026-09-22 05:26:28.981 INFO  [worker_0] [01/24 2401000010500] SCHEME START कृषि विभाग — जिला संगठन (Grant 011) (worker=worker_0)
2026-09-22 05:26:28.982 INFO  [worker_0] [01/24 2401000010500] Attempt 1/3 START
2026-09-22 05:26:28.987 INFO  [worker_1] [02/24 2401001020103] SCHEME START फूड एण्ड न्यूट्रिशन सिक्यूरिटी (कृषि उन्नति योजना) (के.60/रा.40-के.+ रा.) (Grant 011) (worker=worker_1)
2026-09-22 05:26:28.987 INFO  [worker_1] [02/24 2401001020103] Attempt 1/3 START
2026-09-22 05:26:28.990 INFO  [worker_2] [03/24 2401001020129] SCHEME START मिशन फार आत्मनिर्भरता इन पल्सेस (के.60/रा.40-के.+रा.) (Grant 011) (worker=worker_2)
2026-09-22 05:26:28.991 INFO  [worker_2] [03/24 2401001020129] Attempt 1/3 START
2026-09-22 05:26:29.010 INFO  [worker_3] [04/24 2401001030300] SCHEME START प्रयोगात्मक प्रक्षेत्र प्रदर्शन और बीज बर्द्धन प्रक्षेत्र (Grant 011) (worker=worker_3)
2026-09-22 05:26:29.014 INFO  [worker_3] [04/24 2401001030300] Attempt 1/3 START
2026-09-22 05:26:29.024 INFO  [worker_0] [01/24 2401000010500] HTTP GET main page (KoshvaniStatic.aspx) START
2026-09-22 05:26:29.045 INFO  [worker_1] [02/24 2401001020103] HTTP GET main page (KoshvaniStatic.aspx) START
2026-09-22 05:26:29.057 INFO  [worker_2] [03/24 2401001020129] HTTP GET main page (KoshvaniStatic.aspx) START
2026-09-22 05:26:29.083 INFO  [worker_3] [04/24 2401001030300] HTTP GET main page (KoshvaniStatic.aspx) START
2026-09-22 05:26:29.849 INFO  [worker_3] [04/24 2401001030300] HTTP GET main page (KoshvaniStatic.aspx) END status=200 bytes=32533 elapsed=0.77s
2026-09-22 05:26:29.893 INFO  [worker_2] [03/24 2401001020129] HTTP GET main page (KoshvaniStatic.aspx) END status=200 bytes=32533 elapsed=0.84s
2026-09-22 05:26:29.981 INFO  [worker_1] [02/24 2401001020103] HTTP GET main page (KoshvaniStatic.aspx) END status=200 bytes=32533 elapsed=0.94s
2026-09-22 05:26:30.016 INFO  [worker_0] [01/24 2401000010500] HTTP GET main page (KoshvaniStatic.aspx) END status=200 bytes=32533 elapsed=0.99s
2026-09-22 05:26:30.404 INFO  [worker_1] [02/24 2401001020103] HTTP GET grant list (ExpGrant.aspx) START
2026-09-22 05:26:30.408 INFO  [worker_3] [04/24 2401001030300] HTTP GET grant list (ExpGrant.aspx) START
2026-09-22 05:26:30.426 INFO  [worker_2] [03/24 2401001020129] HTTP GET grant list (ExpGrant.aspx) START
2026-09-22 05:26:30.444 INFO  [worker_0] [01/24 2401000010500] HTTP GET grant list (ExpGrant.aspx) START
2026-09-22 05:26:30.779 INFO  [worker_3] [04/24 2401001030300] HTTP GET grant list (ExpGrant.aspx) END status=200 bytes=112782 elapsed=0.37s
2026-09-22 05:26:30.830 INFO  [worker_2] [03/24 2401001020129] HTTP GET grant list (ExpGrant.aspx) END status=200 bytes=112782 elapsed=0.40s
2026-09-22 05:26:31.172 INFO  [worker_1] [02/24 2401001020103] HTTP GET grant list (ExpGrant.aspx) END status=200 bytes=112782 elapsed=0.77s
2026-09-22 05:26:31.598 INFO  [worker_3] [04/24 2401001030300] HTTP GET scheme list (Extra_plnDept.aspx) START
2026-09-22 05:26:31.839 INFO  [worker_2] [03/24 2401001020129] HTTP GET scheme list (Extra_plnDept.aspx) START
2026-09-22 05:26:32.029 INFO  [worker_1] [02/24 2401001020103] HTTP GET scheme list (Extra_plnDept.aspx) START
2026-09-22 05:26:35.123 INFO  [worker_0] [01/24 2401000010500] HTTP GET grant list (ExpGrant.aspx) END status=200 bytes=112782 elapsed=4.68s
2026-09-22 05:26:35.364 INFO  [worker_0] [01/24 2401000010500] HTTP GET scheme list (Extra_plnDept.aspx) START
2026-09-22 05:26:38.709 INFO  [worker_3] [04/24 2401001030300] HTTP GET scheme list (Extra_plnDept.aspx) END status=200 bytes=724167 elapsed=7.10s redirects=1 final=ExpHead.aspx
2026-09-22 05:26:40.908 INFO  [worker_3] [04/24 2401001030300] HTTP GET scheme report (Extra_plnDept.aspx) START
2026-09-22 05:26:41.923 INFO  [worker_2] [03/24 2401001020129] HTTP GET scheme list (Extra_plnDept.aspx) END status=200 bytes=724167 elapsed=10.08s redirects=1 final=ExpHead.aspx
2026-09-22 05:26:42.993 INFO  [worker_1] [02/24 2401001020103] HTTP GET scheme list (Extra_plnDept.aspx) END status=200 bytes=724167 elapsed=10.96s redirects=1 final=ExpHead.aspx
2026-09-22 05:26:46.246 INFO  [worker_0] [01/24 2401000010500] HTTP GET scheme list (Extra_plnDept.aspx) END status=200 bytes=724167 elapsed=10.88s redirects=1 final=ExpHead.aspx
2026-09-22 05:26:47.846 INFO  [worker_2] [03/24 2401001020129] HTTP GET scheme report (Extra_plnDept.aspx) START
2026-09-22 05:26:51.075 INFO  [worker_1] [02/24 2401001020103] HTTP GET scheme report (Extra_plnDept.aspx) START
2026-09-22 05:26:52.423 INFO  [worker_2] [03/24 2401001020129] HTTP GET scheme report (Extra_plnDept.aspx) END status=200 bytes=161646 elapsed=4.55s redirects=1 final=ExpTreas.aspx
2026-09-22 05:26:52.880 INFO  [worker_0] [01/24 2401000010500] HTTP GET scheme report (Extra_plnDept.aspx) START
2026-09-22 05:26:53.056 INFO  [worker_3] [04/24 2401001030300] HTTP GET scheme report (Extra_plnDept.aspx) END status=200 bytes=346774 elapsed=12.15s redirects=1 final=ExpTreas.aspx
2026-09-22 05:26:53.729 INFO  [worker_2] [03/24 2401001020129] PARSE report table: columns=9 district_rows=3 fin_year=2026-2027 months={'prev_month': 'August', 'current_month': 'September'}
2026-09-22 05:26:53.737 INFO  [worker_2] [03/24 2401001020129] VALIDATE ok status=ok rows=3
2026-09-22 05:26:53.809 INFO  [worker_2] [03/24 2401001020129] FILE WRITE agri-011-2401001020129.json 1816 bytes 49 ms (status=ok, rows=3)
2026-09-22 05:26:53.875 INFO  [worker_2] [03/24 2401001020129] STATUS UPDATE scheme=2401001020129 status=1 attempts=1 remark='' [crawler_status.json 2366 bytes, 59 ms]
2026-09-22 05:26:53.882 INFO  [worker_2] [03/24 2401001020129] Attempt 1/3 succeeded in 24.89s
2026-09-22 05:26:53.889 INFO  [worker_2] [03/24 2401001020129] SCHEME DONE status=1 attempts=1 elapsed=24.89s worker=worker_2
2026-09-22 05:26:53.896 INFO  [worker_2] [05/24 2401001030500] SCHEME START संकर बीजों के उपयोग को बढ़ावा देने की योजना (Grant 011) (worker=worker_2)
2026-09-22 05:26:53.910 INFO  [worker_2] [05/24 2401001030500] Attempt 1/3 START
2026-09-22 05:26:53.951 INFO  [worker_2] [05/24 2401001030500] HTTP GET main page (KoshvaniStatic.aspx) START
2026-09-22 05:26:54.696 INFO  [MainThread] FILE WRITE index.json 14344 bytes 88 ms | overall=RUNNING successful=1 failed=0 unprocessed=23
2026-09-22 05:26:54.970 INFO  [worker_3] [04/24 2401001030300] PARSE report table: columns=9 district_rows=11 fin_year=2026-2027 months={'prev_month': 'August', 'current_month': 'September'}
2026-09-22 05:26:54.971 INFO  [worker_3] [04/24 2401001030300] VALIDATE ok status=ok rows=11
2026-09-22 05:26:54.983 INFO  [worker_3] [04/24 2401001030300] FILE WRITE agri-011-2401001030300.json 3485 bytes 8 ms (status=ok, rows=11)
2026-09-22 05:26:54.986 INFO  [worker_3] [04/24 2401001030300] STATUS UPDATE scheme=2401001030300 status=1 attempts=1 remark='' [crawler_status.json 2366 bytes, 2 ms]
2026-09-22 05:26:54.986 INFO  [worker_3] [04/24 2401001030300] Attempt 1/3 succeeded in 25.97s
2026-09-22 05:26:54.987 INFO  [worker_3] [04/24 2401001030300] SCHEME DONE status=1 attempts=1 elapsed=25.98s worker=worker_3
2026-09-22 05:26:54.987 INFO  [worker_3] [06/24 2401001030600] SCHEME START उत्तर प्रदेश मिलेट्स पुनरोद्धार कार्यक्रम (Grant 011) (worker=worker_3)
2026-09-22 05:26:54.987 INFO  [worker_3] [06/24 2401001030600] Attempt 1/3 START
2026-09-22 05:26:55.005 INFO  [MainThread] FILE WRITE index.json 14344 bytes 4 ms | overall=RUNNING successful=2 failed=0 unprocessed=22
2026-09-22 05:26:55.010 INFO  [worker_3] [06/24 2401001030600] HTTP GET main page (KoshvaniStatic.aspx) START
2026-09-22 05:26:55.079 INFO  [worker_2] [05/24 2401001030500] HTTP GET main page (KoshvaniStatic.aspx) END status=200 bytes=32533 elapsed=1.13s
2026-09-22 05:26:55.129 INFO  [worker_2] [05/24 2401001030500] HTTP GET grant list (ExpGrant.aspx) START
2026-09-22 05:26:55.939 INFO  [worker_3] [06/24 2401001030600] HTTP GET main page (KoshvaniStatic.aspx) END status=200 bytes=32533 elapsed=0.93s
2026-09-22 05:26:55.998 INFO  [worker_3] [06/24 2401001030600] HTTP GET grant list (ExpGrant.aspx) START
2026-09-22 05:26:56.058 INFO  [worker_2] [05/24 2401001030500] HTTP GET grant list (ExpGrant.aspx) END status=200 bytes=112782 elapsed=0.93s
2026-09-22 05:26:56.316 INFO  [worker_2] [05/24 2401001030500] HTTP GET scheme list (Extra_plnDept.aspx) START
2026-09-22 05:26:56.322 INFO  [worker_3] [06/24 2401001030600] HTTP GET grant list (ExpGrant.aspx) END status=200 bytes=112782 elapsed=0.32s
2026-09-22 05:26:56.593 INFO  [worker_3] [06/24 2401001030600] HTTP GET scheme list (Extra_plnDept.aspx) START
2026-09-22 05:26:56.832 INFO  [worker_1] [02/24 2401001020103] HTTP GET scheme report (Extra_plnDept.aspx) END status=200 bytes=170740 elapsed=5.75s redirects=1 final=ExpTreas.aspx
2026-09-22 05:26:57.356 INFO  [worker_1] [02/24 2401001020103] PARSE report table: columns=9 district_rows=2 fin_year=2026-2027 months={'prev_month': 'August', 'current_month': 'September'}
2026-09-22 05:26:57.357 INFO  [worker_1] [02/24 2401001020103] VALIDATE ok status=ok rows=2
2026-09-22 05:26:57.370 INFO  [worker_1] [02/24 2401001020103] FILE WRITE agri-011-2401001020103.json 1582 bytes 8 ms (status=ok, rows=2)
2026-09-22 05:26:57.373 INFO  [worker_1] [02/24 2401001020103] STATUS UPDATE scheme=2401001020103 status=1 attempts=1 remark='' [crawler_status.json 2366 bytes, 2 ms]
2026-09-22 05:26:57.373 INFO  [worker_1] [02/24 2401001020103] Attempt 1/3 succeeded in 28.39s
2026-09-22 05:26:57.374 INFO  [worker_1] [02/24 2401001020103] SCHEME DONE status=1 attempts=1 elapsed=28.39s worker=worker_1
2026-09-22 05:26:57.374 INFO  [worker_1] [07/24 2401001070300] SCHEME START पौध संरक्षण सेवा तथा कृषि रक्षा सेवा (Grant 011) (worker=worker_1)
2026-09-22 05:26:57.374 INFO  [worker_1] [07/24 2401001070300] Attempt 1/3 START
2026-09-22 05:26:57.385 INFO  [MainThread] FILE WRITE index.json 14344 bytes 3 ms | overall=RUNNING successful=3 failed=0 unprocessed=21
2026-09-22 05:26:57.397 INFO  [worker_1] [07/24 2401001070300] HTTP GET main page (KoshvaniStatic.aspx) START
2026-09-22 05:26:58.233 INFO  [worker_1] [07/24 2401001070300] HTTP GET main page (KoshvaniStatic.aspx) END status=200 bytes=32533 elapsed=0.84s
2026-09-22 05:26:58.286 INFO  [worker_1] [07/24 2401001070300] HTTP GET grant list (ExpGrant.aspx) START
2026-09-22 05:26:58.670 INFO  [worker_1] [07/24 2401001070300] HTTP GET grant list (ExpGrant.aspx) END status=200 bytes=112782 elapsed=0.38s
2026-09-22 05:26:58.907 INFO  [worker_1] [07/24 2401001070300] HTTP GET scheme list (Extra_plnDept.aspx) START
2026-09-22 05:27:06.167 INFO  [worker_2] [05/24 2401001030500] HTTP GET scheme list (Extra_plnDept.aspx) END status=200 bytes=724167 elapsed=9.85s redirects=1 final=ExpHead.aspx
2026-09-22 05:27:06.258 INFO  [worker_3] [06/24 2401001030600] HTTP GET scheme list (Extra_plnDept.aspx) END status=200 bytes=724167 elapsed=9.66s redirects=1 final=ExpHead.aspx
2026-09-22 05:27:08.324 INFO  [worker_1] [07/24 2401001070300] HTTP GET scheme list (Extra_plnDept.aspx) END status=200 bytes=724167 elapsed=9.42s redirects=1 final=ExpHead.aspx
2026-09-22 05:27:13.718 INFO  [worker_0] [01/24 2401000010500] HTTP GET scheme report (Extra_plnDept.aspx) END status=200 bytes=601646 elapsed=20.82s redirects=1 final=ExpTreas.aspx
2026-09-22 05:27:25.277 INFO  [worker_2] [05/24 2401001030500] HTTP GET scheme report (Extra_plnDept.aspx) START
2026-09-22 05:27:27.146 INFO  [worker_2] [05/24 2401001030500] HTTP GET scheme report (Extra_plnDept.aspx) END status=200 bytes=83726 elapsed=1.87s redirects=1 final=ExpTreas.aspx
2026-09-22 05:27:27.662 INFO  [worker_3] [06/24 2401001030600] HTTP GET scheme report (Extra_plnDept.aspx) START
2026-09-22 05:27:28.833 INFO  [worker_2] [05/24 2401001030500] PARSE report table: columns=9 district_rows=1 fin_year=2026-2027 months={'prev_month': 'August', 'current_month': 'September'}
2026-09-22 05:27:28.841 INFO  [worker_2] [05/24 2401001030500] VALIDATE ok status=ok rows=1
2026-09-22 05:27:28.967 INFO  [worker_2] [05/24 2401001030500] FILE WRITE agri-011-2401001030500.json 1312 bytes 91 ms (status=ok, rows=1)
2026-09-22 05:27:29.068 INFO  [worker_2] [05/24 2401001030500] STATUS UPDATE scheme=2401001030500 status=1 attempts=1 remark='' [crawler_status.json 2366 bytes, 47 ms]
2026-09-22 05:27:29.107 INFO  [worker_2] [05/24 2401001030500] Attempt 1/3 succeeded in 35.19s
2026-09-22 05:27:29.114 INFO  [worker_2] [05/24 2401001030500] SCHEME DONE status=1 attempts=1 elapsed=35.21s worker=worker_2
2026-09-22 05:27:29.121 INFO  [worker_2] [08/24 2401001070400] SCHEME START विभिन्न परिस्थितिकी संसाधनों द्वारा कीट / रोग नियंत्रण (Grant 011) (worker=worker_2)
2026-09-22 05:27:29.129 INFO  [worker_2] [08/24 2401001070400] Attempt 1/3 START
2026-09-22 05:27:29.189 INFO  [worker_2] [08/24 2401001070400] HTTP GET main page (KoshvaniStatic.aspx) START
2026-09-22 05:27:29.766 INFO  [worker_1] [07/24 2401001070300] HTTP GET scheme report (Extra_plnDept.aspx) START
2026-09-22 05:27:30.725 INFO  [worker_2] [08/24 2401001070400] HTTP GET main page (KoshvaniStatic.aspx) END status=200 bytes=32533 elapsed=1.52s
2026-09-22 05:27:30.811 INFO  [MainThread] FILE WRITE index.json 14344 bytes 113 ms | overall=RUNNING successful=4 failed=0 unprocessed=20
2026-09-22 05:27:31.052 INFO  [worker_3] [06/24 2401001030600] HTTP GET scheme report (Extra_plnDept.aspx) END status=200 bytes=130865 elapsed=3.38s redirects=1 final=ExpTreas.aspx
2026-09-22 05:27:31.333 INFO  [worker_2] [08/24 2401001070400] HTTP GET grant list (ExpGrant.aspx) START
2026-09-22 05:27:32.025 INFO  [worker_2] [08/24 2401001070400] HTTP GET grant list (ExpGrant.aspx) END status=200 bytes=112782 elapsed=0.68s
2026-09-22 05:27:33.800 INFO  [worker_3] [06/24 2401001030600] PARSE report table: columns=9 district_rows=2 fin_year=2026-2027 months={'prev_month': 'August', 'current_month': 'September'}
2026-09-22 05:27:33.807 INFO  [worker_3] [06/24 2401001030600] VALIDATE ok status=ok rows=2
2026-09-22 05:27:33.842 INFO  [worker_2] [08/24 2401001070400] HTTP GET scheme list (Extra_plnDept.aspx) START
2026-09-22 05:27:33.886 INFO  [worker_0] [01/24 2401000010500] PARSE report table: columns=9 district_rows=17 fin_year=2026-2027 months={'prev_month': 'August', 'current_month': 'September'}
2026-09-22 05:27:33.887 INFO  [worker_0] [01/24 2401000010500] VALIDATE ok status=ok rows=17
2026-09-22 05:27:33.895 INFO  [worker_3] [06/24 2401001030600] FILE WRITE agri-011-2401001030600.json 1629 bytes 48 ms (status=ok, rows=2)
2026-09-22 05:27:33.898 INFO  [worker_0] [01/24 2401000010500] FILE WRITE agri-011-2401000010500.json 4979 bytes 5 ms (status=ok, rows=17)
2026-09-22 05:27:33.901 INFO  [worker_3] [06/24 2401001030600] STATUS UPDATE scheme=2401001030600 status=1 attempts=1 remark='' [crawler_status.json 2366 bytes, 4 ms]
2026-09-22 05:27:33.903 INFO  [worker_3] [06/24 2401001030600] Attempt 1/3 succeeded in 38.91s
2026-09-22 05:27:33.904 INFO  [worker_3] [06/24 2401001030600] SCHEME DONE status=1 attempts=1 elapsed=38.92s worker=worker_3
2026-09-22 05:27:33.905 INFO  [worker_3] [09/24 2401001090103] SCHEME START नेशनल मिशन ऑन एग्रीकल्चर एक्सटेंशन एण्ड टेक्नोलाजी (एन.एम.ए.ई.टी.) के अर्न्तगत सबमिशन ऑन एग्रीकल्चर एक्स्टेंशन (के.60/रा.40-के.+ रा.) (Grant 011) (worker=worker_3)
2026-09-22 05:27:33.907 INFO  [worker_3] [09/24 2401001090103] Attempt 1/3 START
2026-09-22 05:27:33.909 INFO  [worker_0] [01/24 2401000010500] STATUS UPDATE scheme=2401000010500 status=1 attempts=1 remark='' [crawler_status.json 2366 bytes, 6 ms]
2026-09-22 05:27:33.910 INFO  [worker_0] [01/24 2401000010500] Attempt 1/3 succeeded in 64.93s
2026-09-22 05:27:33.910 INFO  [worker_0] [01/24 2401000010500] SCHEME DONE status=1 attempts=1 elapsed=64.93s worker=worker_0
2026-09-22 05:27:33.910 INFO  [worker_0] [10/24 2401001090104] SCHEME START नेशनल मिशन ऑन एग्रीकल्चर एक्सटेंशन एण्ड टेक्नोलाजी (एन.एम.ए.ई.टी.) के अर्न्तगत सबमिशन आफ एग्रीकल्चर मेकेनाइजेशन (के.60/रा.40-के.+ रा.) (Grant 011) (worker=worker_0)
2026-09-22 05:27:33.911 INFO  [worker_0] [10/24 2401001090104] Attempt 1/3 START
2026-09-22 05:27:33.936 INFO  [worker_3] [09/24 2401001090103] HTTP GET main page (KoshvaniStatic.aspx) START
2026-09-22 05:27:33.937 INFO  [worker_0] [10/24 2401001090104] HTTP GET main page (KoshvaniStatic.aspx) START
2026-09-22 05:27:33.943 INFO  [MainThread] FILE WRITE index.json 14344 bytes 12 ms | overall=RUNNING successful=6 failed=0 unprocessed=18
2026-09-22 05:27:33.961 INFO  [MainThread] FILE WRITE index.json 14344 bytes 6 ms | overall=RUNNING successful=6 failed=0 unprocessed=18
2026-09-22 05:27:34.724 INFO  [worker_0] [10/24 2401001090104] HTTP GET main page (KoshvaniStatic.aspx) END status=200 bytes=32533 elapsed=0.78s
2026-09-22 05:27:34.751 INFO  [worker_3] [09/24 2401001090103] HTTP GET main page (KoshvaniStatic.aspx) END status=200 bytes=32533 elapsed=0.81s
2026-09-22 05:27:34.849 INFO  [worker_0] [10/24 2401001090104] HTTP GET grant list (ExpGrant.aspx) START
2026-09-22 05:27:34.909 INFO  [worker_3] [09/24 2401001090103] HTTP GET grant list (ExpGrant.aspx) START
2026-09-22 05:27:35.125 INFO  [worker_0] [10/24 2401001090104] HTTP GET grant list (ExpGrant.aspx) END status=200 bytes=112782 elapsed=0.28s
2026-09-22 05:27:35.257 INFO  [worker_3] [09/24 2401001090103] HTTP GET grant list (ExpGrant.aspx) END status=200 bytes=112782 elapsed=0.35s
2026-09-22 05:27:35.673 INFO  [worker_0] [10/24 2401001090104] HTTP GET scheme list (Extra_plnDept.aspx) START
2026-09-22 05:27:35.908 INFO  [worker_3] [09/24 2401001090103] HTTP GET scheme list (Extra_plnDept.aspx) START
2026-09-22 05:27:44.160 INFO  [worker_0] [10/24 2401001090104] HTTP GET scheme list (Extra_plnDept.aspx) END status=200 bytes=724167 elapsed=8.49s redirects=1 final=ExpHead.aspx
2026-09-22 05:27:44.283 INFO  [worker_3] [09/24 2401001090103] HTTP GET scheme list (Extra_plnDept.aspx) END status=200 bytes=724167 elapsed=8.37s redirects=1 final=ExpHead.aspx
2026-09-22 05:27:46.139 INFO  [worker_2] [08/24 2401001070400] HTTP GET scheme list (Extra_plnDept.aspx) END status=200 bytes=724167 elapsed=12.30s redirects=1 final=ExpHead.aspx
2026-09-22 05:27:58.615 INFO  [worker_0] [10/24 2401001090104] HTTP GET scheme report (Extra_plnDept.aspx) START
2026-09-22 05:27:59.450 INFO  [worker_1] [07/24 2401001070300] HTTP GET scheme report (Extra_plnDept.aspx) END status=200 bytes=692937 elapsed=29.68s redirects=1 final=ExpTreas.aspx
2026-09-22 05:28:02.166 INFO  [worker_0] [10/24 2401001090104] HTTP GET scheme report (Extra_plnDept.aspx) END status=200 bytes=87418 elapsed=3.53s redirects=1 final=ExpTreas.aspx
2026-09-22 05:28:03.388 INFO  [worker_3] [09/24 2401001090103] HTTP GET scheme report (Extra_plnDept.aspx) START
2026-09-22 05:28:04.140 INFO  [worker_2] [08/24 2401001070400] HTTP GET scheme report (Extra_plnDept.aspx) START
2026-09-22 05:28:04.172 INFO  [worker_0] [10/24 2401001090104] PARSE report table: columns=9 district_rows=1 fin_year=2026-2027 months={'prev_month': 'August', 'current_month': 'September'}
2026-09-22 05:28:04.180 INFO  [worker_0] [10/24 2401001090104] VALIDATE ok status=ok rows=1
2026-09-22 05:28:04.254 INFO  [worker_0] [10/24 2401001090104] FILE WRITE agri-011-2401001090104.json 1513 bytes 52 ms (status=ok, rows=1)
2026-09-22 05:28:04.341 INFO  [worker_0] [10/24 2401001090104] STATUS UPDATE scheme=2401001090104 status=1 attempts=1 remark='' [crawler_status.json 2366 bytes, 81 ms]
2026-09-22 05:28:04.348 INFO  [worker_0] [10/24 2401001090104] Attempt 1/3 succeeded in 30.44s
2026-09-22 05:28:04.355 INFO  [worker_0] [10/24 2401001090104] SCHEME DONE status=1 attempts=1 elapsed=30.44s worker=worker_0
2026-09-22 05:28:04.363 INFO  [worker_0] [11/24 2401001090105] SCHEME START नेशनल मिशन ऑन एग्रीकल्चर एक्सटेंशन एण्ड टेक्नोलाजी (एन.एम.ए.ई.टी.) के अर्न्तगत नेशनल ई-गर्वनेन्स प्रोग्राम (के.60/रा.40-के.+ रा.) (Grant 011) (worker=worker_0)
2026-09-22 05:28:04.378 INFO  [worker_0] [11/24 2401001090105] Attempt 1/3 START
2026-09-22 05:28:04.440 INFO  [worker_0] [11/24 2401001090105] HTTP GET main page (KoshvaniStatic.aspx) START
2026-09-22 05:28:05.462 INFO  [MainThread] FILE WRITE index.json 14344 bytes 131 ms | overall=RUNNING successful=7 failed=0 unprocessed=17
2026-09-22 05:28:05.481 INFO  [worker_0] [11/24 2401001090105] HTTP GET main page (KoshvaniStatic.aspx) END status=200 bytes=32533 elapsed=1.04s
2026-09-22 05:28:05.978 INFO  [worker_0] [11/24 2401001090105] HTTP GET grant list (ExpGrant.aspx) START
2026-09-22 05:28:06.544 INFO  [worker_0] [11/24 2401001090105] HTTP GET grant list (ExpGrant.aspx) END status=200 bytes=112782 elapsed=0.56s
2026-09-22 05:28:07.729 INFO  [worker_1] [07/24 2401001070300] PARSE report table: columns=9 district_rows=17 fin_year=2026-2027 months={'prev_month': 'August', 'current_month': 'September'}
2026-09-22 05:28:07.742 INFO  [worker_1] [07/24 2401001070300] VALIDATE ok status=ok rows=17
2026-09-22 05:28:07.754 INFO  [worker_3] [09/24 2401001090103] HTTP GET scheme report (Extra_plnDept.aspx) END status=200 bytes=158758 elapsed=4.33s redirects=1 final=ExpTreas.aspx
2026-09-22 05:28:07.836 INFO  [worker_1] [07/24 2401001070300] FILE WRITE agri-011-2401001070300.json 5067 bytes 80 ms (status=ok, rows=17)
2026-09-22 05:28:07.968 INFO  [worker_1] [07/24 2401001070300] STATUS UPDATE scheme=2401001070300 status=1 attempts=1 remark='' [crawler_status.json 2366 bytes, 131 ms]
2026-09-22 05:28:07.976 INFO  [worker_1] [07/24 2401001070300] Attempt 1/3 succeeded in 70.60s
2026-09-22 05:28:07.983 INFO  [worker_1] [07/24 2401001070300] SCHEME DONE status=1 attempts=1 elapsed=70.60s worker=worker_1
2026-09-22 05:28:08.000 INFO  [worker_1] [12/24 2401001090300] SCHEME START कृषि प्रसार प्रायोजना तथा प्रदर्शनियां (Grant 011) (worker=worker_1)
2026-09-22 05:28:08.007 INFO  [worker_1] [12/24 2401001090300] Attempt 1/3 START
2026-09-22 05:28:08.047 INFO  [worker_1] [12/24 2401001090300] HTTP GET main page (KoshvaniStatic.aspx) START
2026-09-22 05:28:08.837 INFO  [worker_3] [09/24 2401001090103] PARSE report table: columns=9 district_rows=3 fin_year=2026-2027 months={'prev_month': 'August', 'current_month': 'September'}
2026-09-22 05:28:08.855 INFO  [worker_3] [09/24 2401001090103] VALIDATE ok status=ok rows=3
2026-09-22 05:28:08.860 INFO  [worker_0] [11/24 2401001090105] HTTP GET scheme list (Extra_plnDept.aspx) START
2026-09-22 05:28:08.886 INFO  [worker_3] [09/24 2401001090103] FILE WRITE agri-011-2401001090103.json 2059 bytes 17 ms (status=ok, rows=3)
2026-09-22 05:28:08.891 INFO  [MainThread] FILE WRITE index.json 14344 bytes 7 ms | overall=RUNNING successful=8 failed=0 unprocessed=16
2026-09-22 05:28:08.892 INFO  [worker_3] [09/24 2401001090103] STATUS UPDATE scheme=2401001090103 status=1 attempts=1 remark='' [crawler_status.json 2366 bytes, 4 ms]
2026-09-22 05:28:08.893 INFO  [worker_3] [09/24 2401001090103] Attempt 1/3 succeeded in 34.99s
2026-09-22 05:28:08.893 INFO  [worker_3] [09/24 2401001090103] SCHEME DONE status=1 attempts=1 elapsed=34.99s worker=worker_3
2026-09-22 05:28:08.894 INFO  [worker_3] [13/24 2401001090700] SCHEME START कृषि उत्पादन में वृद्धि के लिए कृषि प्रसार, कृषि निवेश तथा तकनीकी प्रबंधन (Grant 011) (worker=worker_3)
2026-09-22 05:28:08.896 INFO  [worker_3] [13/24 2401001090700] Attempt 1/3 START
2026-09-22 05:28:08.912 INFO  [MainThread] FILE WRITE index.json 14344 bytes 5 ms | overall=RUNNING successful=9 failed=0 unprocessed=15
2026-09-22 05:28:08.927 INFO  [worker_3] [13/24 2401001090700] HTTP GET main page (KoshvaniStatic.aspx) START
2026-09-22 05:28:09.063 INFO  [worker_1] [12/24 2401001090300] HTTP GET main page (KoshvaniStatic.aspx) END status=200 bytes=32533 elapsed=1.02s
2026-09-22 05:28:09.117 INFO  [worker_1] [12/24 2401001090300] HTTP GET grant list (ExpGrant.aspx) START
2026-09-22 05:28:09.903 INFO  [worker_3] [13/24 2401001090700] HTTP GET main page (KoshvaniStatic.aspx) END status=200 bytes=32533 elapsed=0.98s
2026-09-22 05:28:09.957 INFO  [worker_3] [13/24 2401001090700] HTTP GET grant list (ExpGrant.aspx) START
2026-09-22 05:28:10.090 INFO  [worker_1] [12/24 2401001090300] HTTP GET grant list (ExpGrant.aspx) END status=200 bytes=112782 elapsed=0.97s
2026-09-22 05:28:11.580 INFO  [worker_3] [13/24 2401001090700] HTTP GET grant list (ExpGrant.aspx) END status=200 bytes=112782 elapsed=1.62s
2026-09-22 05:28:11.640 INFO  [worker_1] [12/24 2401001090300] HTTP GET scheme list (Extra_plnDept.aspx) START
2026-09-22 05:28:11.894 INFO  [worker_3] [13/24 2401001090700] HTTP GET scheme list (Extra_plnDept.aspx) START
2026-09-22 05:28:17.685 INFO  [worker_0] [11/24 2401001090105] HTTP GET scheme list (Extra_plnDept.aspx) END status=200 bytes=724167 elapsed=8.82s redirects=1 final=ExpHead.aspx
2026-09-22 05:28:19.911 INFO  [worker_0] [11/24 2401001090105] HTTP GET scheme report (Extra_plnDept.aspx) START
2026-09-22 05:28:21.144 INFO  [worker_1] [12/24 2401001090300] HTTP GET scheme list (Extra_plnDept.aspx) END status=200 bytes=724167 elapsed=9.50s redirects=1 final=ExpHead.aspx
2026-09-22 05:28:21.228 INFO  [worker_2] [08/24 2401001070400] HTTP GET scheme report (Extra_plnDept.aspx) END status=200 bytes=445548 elapsed=17.06s redirects=1 final=ExpTreas.aspx
2026-09-22 05:28:21.368 INFO  [worker_3] [13/24 2401001090700] HTTP GET scheme list (Extra_plnDept.aspx) END status=200 bytes=724167 elapsed=9.47s redirects=1 final=ExpHead.aspx
2026-09-22 05:28:24.526 INFO  [worker_0] [11/24 2401001090105] HTTP GET scheme report (Extra_plnDept.aspx) END status=200 bytes=174746 elapsed=4.61s redirects=1 final=ExpTreas.aspx
2026-09-22 05:30:32.603 INFO  [worker_0] [11/24 2401001090105] PARSE report table: columns=9 district_rows=3 fin_year=2026-2027 months={'prev_month': 'August', 'current_month': 'September'}
2026-09-22 05:30:32.638 INFO  [worker_0] [11/24 2401001090105] VALIDATE ok status=ok rows=3
2026-09-22 05:30:32.871 INFO  [worker_0] [11/24 2401001090105] FILE WRITE agri-011-2401001090105.json 2144 bytes 168 ms (status=ok, rows=3)
2026-09-22 05:30:33.043 INFO  [worker_0] [11/24 2401001090105] STATUS UPDATE scheme=2401001090105 status=1 attempts=1 remark='' [crawler_status.json 2366 bytes, 105 ms]
2026-09-22 05:30:33.045 INFO  [worker_0] [11/24 2401001090105] Attempt 1/3 succeeded in 28.14s
2026-09-22 05:30:33.046 INFO  [worker_0] [11/24 2401001090105] SCHEME DONE status=1 attempts=1 elapsed=28.16s worker=worker_0
2026-09-22 05:30:33.047 INFO  [worker_0] [14/24 2401001090900] SCHEME START प्रशिक्षित कृषि उद्यमी स्वावलंबन योजना (Grant 011) (worker=worker_0)
2026-09-22 05:30:33.054 INFO  [worker_0] [14/24 2401001090900] Attempt 1/3 START
2026-09-22 05:30:33.127 INFO  [worker_0] [14/24 2401001090900] HTTP GET main page (KoshvaniStatic.aspx) START
2026-09-22 05:30:34.272 INFO  [worker_0] [14/24 2401001090900] HTTP GET main page (KoshvaniStatic.aspx) END status=200 bytes=32533 elapsed=1.14s
2026-09-22 05:30:34.529 INFO  [MainThread] FILE WRITE index.json 14345 bytes 151 ms | overall=RUNNING successful=10 failed=0 unprocessed=14
2026-09-22 05:30:34.866 INFO  [worker_0] [14/24 2401001090900] HTTP GET grant list (ExpGrant.aspx) START
2026-09-22 05:30:35.350 INFO  [worker_0] [14/24 2401001090900] HTTP GET grant list (ExpGrant.aspx) END status=200 bytes=112782 elapsed=0.45s
2026-09-22 05:30:45.265 INFO  [worker_0] [14/24 2401001090900] HTTP GET scheme list (Extra_plnDept.aspx) START
2026-09-22 05:30:46.021 INFO  [worker_2] [08/24 2401001070400] PARSE report table: columns=9 district_rows=10 fin_year=2026-2027 months={'prev_month': 'August', 'current_month': 'September'}
2026-09-22 05:30:46.028 INFO  [worker_2] [08/24 2401001070400] VALIDATE ok status=ok rows=10
2026-09-22 05:30:46.211 INFO  [worker_2] [08/24 2401001070400] FILE WRITE agri-011-2401001070400.json 3613 bytes 144 ms (status=ok, rows=10)
2026-09-22 05:30:46.411 INFO  [worker_2] [08/24 2401001070400] STATUS UPDATE scheme=2401001070400 status=1 attempts=1 remark='' [crawler_status.json 2366 bytes, 187 ms]
2026-09-22 05:30:46.433 INFO  [worker_2] [08/24 2401001070400] Attempt 1/3 succeeded in 70.85s
2026-09-22 05:30:46.446 INFO  [worker_2] [08/24 2401001070400] SCHEME DONE status=1 attempts=1 elapsed=70.87s worker=worker_2
2026-09-22 05:30:46.468 INFO  [worker_2] [15/24 2401001130104] SCHEME START प्रमोशन ऑफ एग्रीमल्चर मैकेनाइजेशन फार इनसीटू मैनेजमेंट ऑफ क्राप रेजडयू (CRM) (के.60/रा.40-के.+ रा.) (Grant 011) (worker=worker_2)
2026-09-22 05:30:46.492 INFO  [worker_2] [15/24 2401001130104] Attempt 1/3 START
2026-09-22 05:30:46.554 INFO  [worker_2] [15/24 2401001130104] HTTP GET main page (KoshvaniStatic.aspx) START
2026-09-22 05:30:53.352 INFO  [worker_1] [12/24 2401001090300] HTTP GET scheme report (Extra_plnDept.aspx) START
2026-09-22 05:30:53.402 INFO  [worker_2] [15/24 2401001130104] HTTP GET main page (KoshvaniStatic.aspx) END status=200 bytes=32533 elapsed=1.41s
2026-09-22 05:30:53.596 INFO  [worker_3] [13/24 2401001090700] HTTP GET scheme report (Extra_plnDept.aspx) START
2026-09-22 05:30:53.619 INFO  [MainThread] FILE WRITE index.json 14345 bytes 153 ms | overall=RUNNING successful=11 failed=0 unprocessed=13
2026-09-22 05:30:53.668 INFO  [worker_2] [15/24 2401001130104] HTTP GET grant list (ExpGrant.aspx) START
2026-09-22 05:30:53.985 INFO  [worker_2] [15/24 2401001130104] HTTP GET grant list (ExpGrant.aspx) END status=200 bytes=112782 elapsed=0.32s
2026-09-22 05:30:54.234 INFO  [worker_2] [15/24 2401001130104] HTTP GET scheme list (Extra_plnDept.aspx) START
2026-09-22 05:30:57.708 INFO  [worker_0] [14/24 2401001090900] HTTP GET scheme list (Extra_plnDept.aspx) END status=200 bytes=724167 elapsed=7.00s redirects=1 final=ExpHead.aspx
2026-09-22 05:31:00.955 INFO  [worker_0] [14/24 2401001090900] HTTP GET scheme report (Extra_plnDept.aspx) START
2026-09-22 05:31:01.881 INFO  [worker_3] [13/24 2401001090700] HTTP GET scheme report (Extra_plnDept.aspx) END status=200 bytes=249885 elapsed=7.34s redirects=1 final=ExpTreas.aspx
2026-09-22 05:31:04.547 INFO  [worker_2] [15/24 2401001130104] HTTP GET scheme list (Extra_plnDept.aspx) END status=200 bytes=724167 elapsed=8.71s redirects=1 final=ExpHead.aspx
2026-09-22 05:31:04.666 INFO  [worker_0] [14/24 2401001090900] HTTP GET scheme report (Extra_plnDept.aspx) END status=200 bytes=118036 elapsed=3.04s redirects=1 final=ExpTreas.aspx
2026-09-22 05:31:11.745 INFO  [worker_0] [14/24 2401001090900] PARSE report table: columns=9 district_rows=2 fin_year=2026-2027 months={'prev_month': 'August', 'current_month': 'September'}
2026-09-22 05:31:11.781 INFO  [worker_0] [14/24 2401001090900] VALIDATE ok status=ok rows=2
2026-09-22 05:31:11.838 INFO  [worker_3] [13/24 2401001090700] PARSE report table: columns=9 district_rows=5 fin_year=2026-2027 months={'prev_month': 'August', 'current_month': 'September'}
2026-09-22 05:31:11.839 INFO  [worker_3] [13/24 2401001090700] VALIDATE ok status=ok rows=5
2026-09-22 05:31:11.983 INFO  [worker_3] [13/24 2401001090700] FILE WRITE agri-011-2401001090700.json 2372 bytes 124 ms (status=ok, rows=5)
2026-09-22 05:31:12.003 INFO  [worker_0] [14/24 2401001090900] FILE WRITE agri-011-2401001090900.json 1502 bytes 180 ms (status=ok, rows=2)
2026-09-22 05:31:12.061 INFO  [worker_3] [13/24 2401001090700] STATUS UPDATE scheme=2401001090700 status=1 attempts=1 remark='' [crawler_status.json 2366 bytes, 71 ms]
2026-09-22 05:31:12.069 INFO  [worker_3] [13/24 2401001090700] Attempt 1/3 succeeded in 45.46s
2026-09-22 05:31:12.076 INFO  [worker_3] [13/24 2401001090700] SCHEME DONE status=1 attempts=1 elapsed=45.46s worker=worker_3
2026-09-22 05:31:12.110 INFO  [worker_3] [16/24 2401001140101] SCHEME START नेशनल फूड सिक्योरिटी मिशन (ओ0एस0 / टी0बी0ओ0) (के.60/रा.40-के.+ रा.) (Grant 011) (worker=worker_3)
2026-09-22 05:31:12.120 INFO  [worker_3] [16/24 2401001140101] Attempt 1/3 START
2026-09-22 05:31:12.182 INFO  [worker_3] [16/24 2401001140101] HTTP GET main page (KoshvaniStatic.aspx) START
2026-09-22 05:31:12.201 INFO  [worker_0] [14/24 2401001090900] STATUS UPDATE scheme=2401001090900 status=1 attempts=1 remark='' [crawler_status.json 2366 bytes, 92 ms]
2026-09-22 05:31:12.210 INFO  [worker_0] [14/24 2401001090900] Attempt 1/3 succeeded in 21.95s
2026-09-22 05:31:12.216 INFO  [worker_0] [14/24 2401001090900] SCHEME DONE status=1 attempts=1 elapsed=21.97s worker=worker_0
2026-09-22 05:31:12.230 INFO  [worker_0] [17/24 2401001140300] SCHEME START तिलहन बीज मिनीकिट वितरण योजना (Grant 011) (worker=worker_0)
2026-09-22 05:31:12.237 INFO  [worker_0] [17/24 2401001140300] Attempt 1/3 START
2026-09-22 05:31:12.309 INFO  [worker_0] [17/24 2401001140300] HTTP GET main page (KoshvaniStatic.aspx) START
2026-09-22 05:31:13.777 INFO  [worker_3] [16/24 2401001140101] HTTP GET main page (KoshvaniStatic.aspx) END status=200 bytes=32533 elapsed=1.37s
2026-09-22 05:31:13.815 INFO  [worker_0] [17/24 2401001140300] HTTP GET main page (KoshvaniStatic.aspx) END status=200 bytes=32533 elapsed=1.29s
2026-09-22 05:31:13.847 INFO  [MainThread] FILE WRITE index.json 14345 bytes 119 ms | overall=RUNNING successful=13 failed=0 unprocessed=11
2026-09-22 05:31:14.472 INFO  [worker_3] [16/24 2401001140101] HTTP GET grant list (ExpGrant.aspx) START
2026-09-22 05:31:14.574 INFO  [worker_0] [17/24 2401001140300] HTTP GET grant list (ExpGrant.aspx) START
2026-09-22 05:31:14.743 INFO  [worker_1] [12/24 2401001090300] HTTP GET scheme report (Extra_plnDept.aspx) END status=200 bytes=550570 elapsed=15.32s redirects=1 final=ExpTreas.aspx
2026-09-22 05:31:15.026 INFO  [worker_0] [17/24 2401001140300] HTTP GET grant list (ExpGrant.aspx) END status=200 bytes=112782 elapsed=0.45s
2026-09-22 05:31:15.107 INFO  [MainThread] FILE WRITE index.json 14345 bytes 155 ms | overall=RUNNING successful=13 failed=0 unprocessed=11
2026-09-22 05:31:15.892 INFO  [worker_2] [15/24 2401001130104] HTTP GET scheme report (Extra_plnDept.aspx) START
2026-09-22 05:31:15.917 INFO  [worker_3] [16/24 2401001140101] HTTP GET grant list (ExpGrant.aspx) END status=200 bytes=112782 elapsed=1.43s
2026-09-22 05:31:19.211 INFO  [worker_2] [15/24 2401001130104] HTTP GET scheme report (Extra_plnDept.aspx) END status=200 bytes=120553 elapsed=1.55s redirects=1 final=ExpTreas.aspx
2026-09-22 05:31:34.691 INFO  [worker_0] [17/24 2401001140300] HTTP GET scheme list (Extra_plnDept.aspx) START
2026-09-22 05:31:35.496 INFO  [worker_3] [16/24 2401001140101] HTTP GET scheme list (Extra_plnDept.aspx) START
2026-09-22 05:31:36.125 INFO  [worker_2] [15/24 2401001130104] PARSE report table: columns=9 district_rows=2 fin_year=2026-2027 months={'prev_month': 'August', 'current_month': 'September'}
2026-09-22 05:31:36.126 INFO  [worker_2] [15/24 2401001130104] VALIDATE ok status=ok rows=2
2026-09-22 05:31:36.188 INFO  [worker_2] [15/24 2401001130104] FILE WRITE agri-011-2401001130104.json 1641 bytes 49 ms (status=ok, rows=2)
2026-09-22 05:31:36.240 INFO  [worker_2] [15/24 2401001130104] STATUS UPDATE scheme=2401001130104 status=1 attempts=1 remark='' [crawler_status.json 2366 bytes, 46 ms]
2026-09-22 05:31:36.248 INFO  [worker_2] [15/24 2401001130104] Attempt 1/3 succeeded in 21.81s
2026-09-22 05:31:36.255 INFO  [worker_2] [15/24 2401001130104] SCHEME DONE status=1 attempts=1 elapsed=21.85s worker=worker_2
2026-09-22 05:31:36.263 INFO  [worker_2] [18/24 2401008000203] SCHEME START कृषि विकास योजनायें (के.60/रा.40-के.) (Grant 011) (worker=worker_2)
2026-09-22 05:31:36.270 INFO  [worker_2] [18/24 2401008000203] Attempt 1/3 START
2026-09-22 05:31:36.339 INFO  [worker_2] [18/24 2401008000203] HTTP GET main page (KoshvaniStatic.aspx) START
2026-09-22 05:31:37.262 INFO  [MainThread] FILE WRITE index.json 14345 bytes 93 ms | overall=RUNNING successful=14 failed=0 unprocessed=10
2026-09-22 05:31:38.749 INFO  [worker_2] [18/24 2401008000203] HTTP GET main page (KoshvaniStatic.aspx) END status=200 bytes=32533 elapsed=2.40s
2026-09-22 05:31:39.236 INFO  [worker_2] [18/24 2401008000203] HTTP GET grant list (ExpGrant.aspx) START
2026-09-22 05:31:39.601 INFO  [worker_2] [18/24 2401008000203] HTTP GET grant list (ExpGrant.aspx) END status=200 bytes=112782 elapsed=0.36s
2026-09-22 05:31:39.616 INFO  [worker_1] [12/24 2401001090300] PARSE report table: columns=9 district_rows=13 fin_year=2026-2027 months={'prev_month': 'August', 'current_month': 'September'}
2026-09-22 05:31:39.617 INFO  [worker_1] [12/24 2401001090300] VALIDATE ok status=ok rows=13
2026-09-22 05:31:39.678 INFO  [worker_1] [12/24 2401001090300] FILE WRITE agri-011-2401001090300.json 4033 bytes 50 ms (status=ok, rows=13)
2026-09-22 05:31:39.733 INFO  [worker_1] [12/24 2401001090300] STATUS UPDATE scheme=2401001090300 status=1 attempts=1 remark='' [crawler_status.json 2366 bytes, 49 ms]
2026-09-22 05:31:39.739 INFO  [worker_1] [12/24 2401001090300] Attempt 1/3 succeeded in 57.35s
2026-09-22 05:31:39.745 INFO  [worker_1] [12/24 2401001090300] SCHEME DONE status=1 attempts=1 elapsed=57.36s worker=worker_1
2026-09-22 05:31:39.752 INFO  [worker_1] [19/24 2401008000400] SCHEME START कृषि क्षेत्र की क्षमता एवं कौशल विकास तथा उत्पादन वृद्धि की योजना (Grant 011) (worker=worker_1)
2026-09-22 05:31:39.759 INFO  [worker_1] [19/24 2401008000400] Attempt 1/3 START
2026-09-22 05:31:39.827 INFO  [worker_1] [19/24 2401008000400] HTTP GET main page (KoshvaniStatic.aspx) START
2026-09-22 05:31:39.919 INFO  [worker_2] [18/24 2401008000203] HTTP GET scheme list (Extra_plnDept.aspx) START
2026-09-22 05:31:39.955 INFO  [MainThread] FILE WRITE index.json 14344 bytes 11 ms | overall=RUNNING successful=15 failed=0 unprocessed=9
2026-09-22 05:31:40.796 INFO  [worker_1] [19/24 2401008000400] HTTP GET main page (KoshvaniStatic.aspx) END status=200 bytes=32533 elapsed=0.96s
2026-09-22 05:31:40.851 INFO  [worker_1] [19/24 2401008000400] HTTP GET grant list (ExpGrant.aspx) START
2026-09-22 05:31:41.137 INFO  [worker_1] [19/24 2401008000400] HTTP GET grant list (ExpGrant.aspx) END status=200 bytes=112782 elapsed=0.29s
2026-09-22 05:31:41.410 INFO  [worker_1] [19/24 2401008000400] HTTP GET scheme list (Extra_plnDept.aspx) START
2026-09-22 05:31:43.622 INFO  [worker_0] [17/24 2401001140300] HTTP GET scheme list (Extra_plnDept.aspx) END status=200 bytes=724167 elapsed=8.92s redirects=1 final=ExpHead.aspx
2026-09-22 05:31:45.780 INFO  [worker_0] [17/24 2401001140300] HTTP GET scheme report (Extra_plnDept.aspx) START
2026-09-22 05:31:46.949 INFO  [worker_3] [16/24 2401001140101] HTTP GET scheme list (Extra_plnDept.aspx) END status=200 bytes=724167 elapsed=11.44s redirects=1 final=ExpHead.aspx
2026-09-22 05:31:47.440 INFO  [worker_2] [18/24 2401008000203] HTTP GET scheme list (Extra_plnDept.aspx) END status=200 bytes=724167 elapsed=7.52s redirects=1 final=ExpHead.aspx
2026-09-22 05:31:47.588 INFO  [worker_0] [17/24 2401001140300] HTTP GET scheme report (Extra_plnDept.aspx) END status=200 bytes=91212 elapsed=1.81s redirects=1 final=ExpTreas.aspx
2026-09-22 05:31:48.985 INFO  [worker_0] [17/24 2401001140300] PARSE report table: columns=9 district_rows=1 fin_year=2026-2027 months={'prev_month': 'August', 'current_month': 'September'}
2026-09-22 05:31:48.998 INFO  [worker_0] [17/24 2401001140300] VALIDATE ok status=ok rows=1
2026-09-22 05:31:49.111 INFO  [worker_0] [17/24 2401001140300] FILE WRITE agri-011-2401001140300.json 1379 bytes 94 ms (status=ok, rows=1)
2026-09-22 05:31:49.724 INFO  [worker_0] [17/24 2401001140300] STATUS UPDATE scheme=2401001140300 status=1 attempts=1 remark='' [crawler_status.json 2366 bytes, 370 ms]
2026-09-22 05:31:49.737 INFO  [worker_0] [17/24 2401001140300] Attempt 1/3 succeeded in 20.61s
2026-09-22 05:31:49.749 INFO  [worker_0] [17/24 2401001140300] SCHEME DONE status=1 attempts=1 elapsed=20.62s worker=worker_0
2026-09-22 05:31:49.762 INFO  [worker_0] [20/24 2402001020109] SCHEME START नेशनल प्रोजेक्ट ऑन स्वायल हेल्थ फर्टिलिटी (के.60/रा.40-के.+ रा.) (Grant 011) (worker=worker_0)
2026-09-22 05:31:49.772 INFO  [worker_0] [20/24 2402001020109] Attempt 1/3 START
2026-09-22 05:31:49.837 INFO  [worker_0] [20/24 2402001020109] HTTP GET main page (KoshvaniStatic.aspx) START
2026-09-22 05:31:50.787 INFO  [worker_0] [20/24 2402001020109] HTTP GET main page (KoshvaniStatic.aspx) END status=200 bytes=32533 elapsed=0.95s
2026-09-22 05:31:50.888 INFO  [worker_1] [19/24 2401008000400] HTTP GET scheme list (Extra_plnDept.aspx) END status=200 bytes=724167 elapsed=9.25s redirects=1 final=ExpHead.aspx
2026-09-22 05:31:51.191 INFO  [MainThread] FILE WRITE index.json 14344 bytes 164 ms | overall=RUNNING successful=16 failed=0 unprocessed=8
2026-09-22 05:31:54.697 INFO  [worker_0] [20/24 2402001020109] HTTP GET grant list (ExpGrant.aspx) START
2026-09-22 05:31:55.116 INFO  [worker_0] [20/24 2402001020109] HTTP GET grant list (ExpGrant.aspx) END status=200 bytes=112782 elapsed=0.40s
2026-09-22 05:36:51.508 INFO  [worker_0] [20/24 2402001020109] HTTP GET scheme list (Extra_plnDept.aspx) START
2026-09-22 05:37:06.122 INFO  [worker_0] [20/24 2402001020109] HTTP GET scheme list (Extra_plnDept.aspx) END status=200 bytes=724167 elapsed=5.84s redirects=1 final=ExpHead.aspx
2026-09-22 05:40:33.788 INFO  [worker_3] [16/24 2401001140101] HTTP GET scheme report (Extra_plnDept.aspx) START
2026-09-22 05:40:34.585 INFO  [worker_2] [18/24 2401008000203] HTTP GET scheme report (Extra_plnDept.aspx) START
2026-09-22 05:40:37.248 INFO  [worker_1] [19/24 2401008000400] HTTP GET scheme report (Extra_plnDept.aspx) START
2026-09-22 05:40:37.595 INFO  [worker_3] [16/24 2401001140101] HTTP GET scheme report (Extra_plnDept.aspx) END status=200 bytes=126393 elapsed=3.80s redirects=1 final=ExpTreas.aspx
2026-09-22 05:40:41.018 INFO  [worker_3] [16/24 2401001140101] PARSE report table: columns=9 district_rows=2 fin_year=2026-2027 months={'prev_month': 'August', 'current_month': 'September'}
2026-09-22 05:40:41.019 INFO  [worker_3] [16/24 2401001140101] VALIDATE ok status=ok rows=2
2026-09-22 05:40:41.150 INFO  [worker_3] [16/24 2401001140101] FILE WRITE agri-011-2401001140101.json 1642 bytes 119 ms (status=ok, rows=2)
2026-09-22 05:40:41.212 INFO  [worker_3] [16/24 2401001140101] STATUS UPDATE scheme=2401001140101 status=1 attempts=1 remark='' [crawler_status.json 2366 bytes, 61 ms]
2026-09-22 05:40:41.219 INFO  [worker_3] [16/24 2401001140101] Attempt 1/3 succeeded in 43.27s
2026-09-22 05:40:41.238 INFO  [worker_3] [16/24 2401001140101] SCHEME DONE status=1 attempts=1 elapsed=43.29s worker=worker_3
2026-09-22 05:40:41.246 INFO  [worker_3] [21/24 2402001020111] SCHEME START नेशनल मिशन ऑन नेचुरल फार्मिग (के.60/रा.40-के.+ रा.) (Grant 011) (worker=worker_3)
2026-09-22 05:40:41.254 INFO  [worker_3] [21/24 2402001020111] Attempt 1/3 START
2026-09-22 05:40:41.323 INFO  [worker_3] [21/24 2402001020111] HTTP GET main page (KoshvaniStatic.aspx) START
2026-09-22 05:40:41.363 INFO  [worker_2] [18/24 2401008000203] HTTP GET scheme report (Extra_plnDept.aspx) END status=200 bytes=163042 elapsed=5.64s redirects=1 final=ExpTreas.aspx
2026-09-22 05:40:41.509 INFO  [worker_0] [20/24 2402001020109] HTTP GET scheme report (Extra_plnDept.aspx) START
2026-09-22 05:40:41.631 INFO  [worker_1] [19/24 2401008000400] HTTP GET scheme report (Extra_plnDept.aspx) END status=200 bytes=109306 elapsed=3.24s redirects=1 final=ExpTreas.aspx
2026-09-22 05:40:42.319 INFO  [worker_3] [21/24 2402001020111] HTTP GET main page (KoshvaniStatic.aspx) END status=200 bytes=32533 elapsed=0.99s
2026-09-22 05:40:42.365 INFO  [MainThread] FILE WRITE index.json 14344 bytes 133 ms | overall=RUNNING successful=17 failed=0 unprocessed=7
2026-09-22 05:40:43.755 INFO  [worker_2] [18/24 2401008000203] PARSE report table: columns=9 district_rows=3 fin_year=2026-2027 months={'prev_month': 'August', 'current_month': 'September'}
2026-09-22 05:40:43.760 INFO  [worker_2] [18/24 2401008000203] VALIDATE ok status=ok rows=3
2026-09-22 05:40:43.807 INFO  [worker_3] [21/24 2402001020111] HTTP GET grant list (ExpGrant.aspx) START
2026-09-22 05:40:43.942 INFO  [worker_2] [18/24 2401008000203] FILE WRITE agri-011-2401008000203.json 1759 bytes 150 ms (status=ok, rows=3)
2026-09-22 05:40:44.020 INFO  [worker_2] [18/24 2401008000203] STATUS UPDATE scheme=2401008000203 status=1 attempts=1 remark='' [crawler_status.json 2366 bytes, 59 ms]
2026-09-22 05:40:44.028 INFO  [worker_2] [18/24 2401008000203] Attempt 1/3 succeeded in 37.91s
2026-09-22 05:40:44.036 INFO  [worker_2] [18/24 2401008000203] SCHEME DONE status=1 attempts=1 elapsed=37.93s worker=worker_2
2026-09-22 05:40:44.043 INFO  [worker_2] [22/24 4401001030300] SCHEME START प्रयोगात्मक प्रक्षेत्र प्रदर्शन और बीज वर्द्धन प्रक्षेत्र (जिला योजना) (Grant 011) (worker=worker_2)
2026-09-22 05:40:44.046 INFO  [worker_1] [19/24 2401008000400] PARSE report table: columns=9 district_rows=2 fin_year=2026-2027 months={'prev_month': 'August', 'current_month': 'September'}
2026-09-22 05:40:44.050 INFO  [worker_1] [19/24 2401008000400] VALIDATE ok status=ok rows=2
2026-09-22 05:40:44.049 INFO  [worker_2] [22/24 4401001030300] Attempt 1/3 START
2026-09-22 05:40:44.065 INFO  [worker_1] [19/24 2401008000400] FILE WRITE agri-011-2401008000400.json 1666 bytes 10 ms (status=ok, rows=2)
2026-09-22 05:40:44.070 INFO  [worker_1] [19/24 2401008000400] STATUS UPDATE scheme=2401008000400 status=1 attempts=1 remark='' [crawler_status.json 2366 bytes, 4 ms]
2026-09-22 05:40:44.070 INFO  [worker_1] [19/24 2401008000400] Attempt 1/3 succeeded in 34.47s
2026-09-22 05:40:44.071 INFO  [worker_1] [19/24 2401008000400] SCHEME DONE status=1 attempts=1 elapsed=34.48s worker=worker_1
2026-09-22 05:40:44.071 INFO  [worker_1] [23/24 4401001030401] SCHEME START खाद्यान्न/दलहन/तिलहन/बीज की लागत और प्रासंगिक व्यय (Grant 011) (worker=worker_1)
2026-09-22 05:40:44.072 INFO  [worker_1] [23/24 4401001030401] Attempt 1/3 START
2026-09-22 05:40:44.095 INFO  [MainThread] FILE WRITE index.json 14344 bytes 8 ms | overall=RUNNING successful=18 failed=0 unprocessed=6
2026-09-22 05:40:44.096 INFO  [worker_1] [23/24 4401001030401] HTTP GET main page (KoshvaniStatic.aspx) START
2026-09-22 05:40:44.100 INFO  [worker_2] [22/24 4401001030300] HTTP GET main page (KoshvaniStatic.aspx) START
2026-09-22 05:40:44.119 INFO  [MainThread] FILE WRITE index.json 14344 bytes 4 ms | overall=RUNNING successful=19 failed=0 unprocessed=5
2026-09-22 05:40:44.540 INFO  [worker_0] [20/24 2402001020109] HTTP GET scheme report (Extra_plnDept.aspx) END status=200 bytes=104471 elapsed=2.35s redirects=1 final=ExpTreas.aspx
2026-09-22 05:40:44.831 INFO  [worker_0] [20/24 2402001020109] PARSE report table: columns=9 district_rows=1 fin_year=2026-2027 months={'prev_month': 'August', 'current_month': 'September'}
2026-09-22 05:40:44.832 INFO  [worker_0] [20/24 2402001020109] VALIDATE ok status=ok rows=1
2026-09-22 05:40:44.859 INFO  [worker_2] [22/24 4401001030300] HTTP GET main page (KoshvaniStatic.aspx) END status=200 bytes=32533 elapsed=0.75s
2026-09-22 05:40:44.861 INFO  [worker_0] [20/24 2402001020109] FILE WRITE agri-011-2402001020109.json 1353 bytes 21 ms (status=ok, rows=1)
2026-09-22 05:40:44.938 INFO  [worker_0] [20/24 2402001020109] STATUS UPDATE scheme=2402001020109 status=1 attempts=1 remark='' [crawler_status.json 2366 bytes, 70 ms]
2026-09-22 05:40:44.941 INFO  [worker_0] [20/24 2402001020109] Attempt 1/3 succeeded in 25.55s
2026-09-22 05:40:44.941 INFO  [worker_0] [20/24 2402001020109] SCHEME DONE status=1 attempts=1 elapsed=25.57s worker=worker_0
2026-09-22 05:40:44.941 INFO  [worker_0] [24/24 4401001030403] SCHEME START कपास और बिनोले के बीजों की लागत(प्रासंगिक व्यय सहित) (Grant 011) (worker=worker_0)
2026-09-22 05:40:44.942 INFO  [worker_0] [24/24 4401001030403] Attempt 1/3 START
2026-09-22 05:40:44.940 INFO  [worker_2] [22/24 4401001030300] HTTP GET grant list (ExpGrant.aspx) START
2026-09-22 05:40:44.961 INFO  [worker_1] [23/24 4401001030401] HTTP GET main page (KoshvaniStatic.aspx) END status=200 bytes=32533 elapsed=0.86s
2026-09-22 05:40:44.969 INFO  [worker_0] [24/24 4401001030403] HTTP GET main page (KoshvaniStatic.aspx) START
2026-09-22 05:40:45.016 INFO  [MainThread] FILE WRITE index.json 14344 bytes 53 ms | overall=RUNNING successful=20 failed=0 unprocessed=4
2026-09-22 05:40:45.039 INFO  [worker_3] [21/24 2402001020111] HTTP GET grant list (ExpGrant.aspx) END status=200 bytes=112782 elapsed=1.22s
2026-09-22 05:40:45.067 INFO  [worker_1] [23/24 4401001030401] HTTP GET grant list (ExpGrant.aspx) START
2026-09-22 05:40:45.320 INFO  [worker_2] [22/24 4401001030300] HTTP GET grant list (ExpGrant.aspx) END status=200 bytes=112782 elapsed=0.38s
2026-09-22 05:40:45.335 INFO  [worker_3] [21/24 2402001020111] HTTP GET scheme list (Extra_plnDept.aspx) START
2026-09-22 05:40:45.404 INFO  [worker_1] [23/24 4401001030401] HTTP GET grant list (ExpGrant.aspx) END status=200 bytes=112782 elapsed=0.34s
2026-09-22 05:40:45.929 INFO  [worker_0] [24/24 4401001030403] HTTP GET main page (KoshvaniStatic.aspx) END status=200 bytes=32533 elapsed=0.96s
2026-09-22 05:40:46.045 INFO  [worker_2] [22/24 4401001030300] HTTP GET scheme list (Extra_plnDept.aspx) START
2026-09-22 05:40:46.258 INFO  [worker_0] [24/24 4401001030403] HTTP GET grant list (ExpGrant.aspx) START
2026-09-22 05:40:46.428 INFO  [worker_1] [23/24 4401001030401] HTTP GET scheme list (Extra_plnDept.aspx) START
2026-09-22 05:40:46.552 INFO  [worker_0] [24/24 4401001030403] HTTP GET grant list (ExpGrant.aspx) END status=200 bytes=112782 elapsed=0.29s
2026-09-22 05:40:46.802 INFO  [worker_0] [24/24 4401001030403] HTTP GET scheme list (Extra_plnDept.aspx) START
2026-09-22 05:40:55.540 INFO  [worker_0] [24/24 4401001030403] HTTP GET scheme list (Extra_plnDept.aspx) END status=200 bytes=724167 elapsed=4.37s redirects=1 final=ExpHead.aspx
2026-09-22 05:40:56.814 INFO  [worker_3] [21/24 2402001020111] HTTP GET scheme list (Extra_plnDept.aspx) END status=200 bytes=724167 elapsed=7.11s redirects=1 final=ExpHead.aspx
2026-09-22 05:40:57.084 INFO  [worker_1] [23/24 4401001030401] HTTP GET scheme list (Extra_plnDept.aspx) END status=200 bytes=724167 elapsed=6.29s redirects=1 final=ExpHead.aspx
2026-09-22 05:40:57.461 INFO  [worker_2] [22/24 4401001030300] HTTP GET scheme list (Extra_plnDept.aspx) END status=200 bytes=724167 elapsed=7.03s redirects=1 final=ExpHead.aspx
2026-09-22 05:54:50.900 INFO  [worker_0] [24/24 4401001030403] HTTP GET scheme report (Extra_plnDept.aspx) START
2026-09-22 05:54:53.708 INFO  [worker_0] [24/24 4401001030403] HTTP GET scheme report (Extra_plnDept.aspx) END status=200 bytes=84995 elapsed=2.80s redirects=1 final=ExpTreas.aspx
2026-09-22 05:58:46.724 INFO  [worker_0] [24/24 4401001030403] PARSE report table: columns=9 district_rows=1 fin_year=2026-2027 months={'prev_month': 'August', 'current_month': 'September'}
2026-09-22 05:58:46.741 INFO  [worker_0] [24/24 4401001030403] VALIDATE ok status=ok rows=1
2026-09-22 05:58:47.017 INFO  [worker_0] [24/24 4401001030403] FILE WRITE agri-011-4401001030403.json 1337 bytes 238 ms (status=ok, rows=1)
2026-09-22 05:58:47.123 INFO  [worker_0] [24/24 4401001030403] STATUS UPDATE scheme=4401001030403 status=1 attempts=1 remark='' [crawler_status.json 2366 bytes, 100 ms]
2026-09-22 05:58:47.134 INFO  [worker_0] [24/24 4401001030403] Attempt 1/3 succeeded in 26.90s
2026-09-22 05:58:47.151 INFO  [worker_0] [24/24 4401001030403] SCHEME DONE status=1 attempts=1 elapsed=26.90s worker=worker_0
2026-09-22 06:00:01.310 INFO  [MainThread] FILE WRITE index.json 14344 bytes 138 ms | overall=RUNNING successful=21 failed=0 unprocessed=3
2026-09-22 06:01:56.810 INFO  [worker_1] [23/24 4401001030401] HTTP GET scheme report (Extra_plnDept.aspx) START
2026-09-22 06:01:57.804 INFO  [worker_1] [23/24 4401001030401] HTTP GET scheme report (Extra_plnDept.aspx) END status=200 bytes=833 elapsed=0.98s redirects=1 final=ClearSession.aspx
2026-09-22 06:01:57.811 INFO  [worker_3] [21/24 2402001020111] HTTP GET scheme report (Extra_plnDept.aspx) START
2026-09-22 06:01:57.819 WARNING [worker_1] [23/24 4401001030401] Attempt 1/3 failed after 34.02s kind=unexpected-page: UnexpectedPageError: Expected ExpTreas.aspx after selecting scheme, got ClearSession.aspx
2026-09-22 06:01:57.851 INFO  [worker_2] [22/24 4401001030300] HTTP GET scheme report (Extra_plnDept.aspx) START
2026-09-22 06:01:57.869 INFO  [worker_1] [23/24 4401001030401] STATUS UPDATE scheme=4401001030401 status=-1 attempts=1 remark='UnexpectedPageError: Expected ExpTreas.aspx after selecting scheme, got ClearSession.aspx' [crawler_status.json 2456 bytes, 16 ms]
2026-09-22 06:01:57.881 INFO  [worker_1] [23/24 4401001030401] Waiting 10.2 seconds before retry...
2026-09-22 06:01:58.446 INFO  [worker_2] [22/24 4401001030300] HTTP GET scheme report (Extra_plnDept.aspx) END status=200 bytes=833 elapsed=0.59s redirects=1 final=ClearSession.aspx
2026-09-22 06:01:58.447 WARNING [worker_2] [22/24 4401001030300] Attempt 1/3 failed after 34.66s kind=unexpected-page: UnexpectedPageError: Expected ExpTreas.aspx after selecting scheme, got ClearSession.aspx
2026-09-22 06:01:58.455 INFO  [worker_2] [22/24 4401001030300] STATUS UPDATE scheme=4401001030300 status=-1 attempts=1 remark='UnexpectedPageError: Expected ExpTreas.aspx after selecting scheme, got ClearSession.aspx' [crawler_status.json 2546 bytes, 7 ms]
2026-09-22 06:01:58.461 INFO  [worker_2] [22/24 4401001030300] Waiting 13.8 seconds before retry...
2026-09-22 06:01:58.504 INFO  [worker_3] [21/24 2402001020111] HTTP GET scheme report (Extra_plnDept.aspx) END status=200 bytes=833 elapsed=0.67s redirects=1 final=ClearSession.aspx
2026-09-22 06:01:58.505 WARNING [worker_3] [21/24 2402001020111] Attempt 1/3 failed after 36.84s kind=unexpected-page: UnexpectedPageError: Expected ExpTreas.aspx after selecting scheme, got ClearSession.aspx
2026-09-22 06:01:58.508 INFO  [worker_3] [21/24 2402001020111] STATUS UPDATE scheme=2402001020111 status=-1 attempts=1 remark='UnexpectedPageError: Expected ExpTreas.aspx after selecting scheme, got ClearSession.aspx' [crawler_status.json 2636 bytes, 3 ms]
2026-09-22 06:01:58.514 INFO  [worker_3] [21/24 2402001020111] Waiting 12.5 seconds before retry...
2026-09-22 06:11:55.746 INFO  [worker_1] [23/24 4401001030401] Attempt 2/3 START
2026-09-22 06:11:55.781 INFO  [worker_1] [23/24 4401001030401] HTTP GET main page (KoshvaniStatic.aspx) START
2026-09-22 06:11:56.811 INFO  [worker_1] [23/24 4401001030401] HTTP GET main page (KoshvaniStatic.aspx) END status=200 bytes=32533 elapsed=1.02s
2026-09-22 06:11:56.870 INFO  [worker_1] [23/24 4401001030401] HTTP GET grant list (ExpGrant.aspx) START
2026-09-22 06:11:57.053 INFO  [worker_1] [23/24 4401001030401] HTTP GET grant list (ExpGrant.aspx) END status=200 bytes=828 elapsed=0.18s redirects=1 final=ClearSession.aspx
2026-09-22 06:11:57.054 WARNING [worker_1] [23/24 4401001030401] Attempt 2/3 failed after 1.29s kind=unexpected-page: UnexpectedPageError: Unexpected page after following 'Grant-wise expenditure': ClearSession.aspx
2026-09-22 06:11:57.139 INFO  [worker_1] [23/24 4401001030401] STATUS UPDATE scheme=4401001030401 status=-1 attempts=2 remark="UnexpectedPageError: Unexpected page after following 'Grant-wise expenditure': ClearSession.aspx" [crawler_status.json 2643 bytes, 84 ms]
2026-09-22 06:11:57.145 INFO  [worker_1] [23/24 4401001030401] Waiting 23.2 seconds before retry...
2026-09-22 06:13:01.768 INFO  [worker_3] [21/24 2402001020111] Attempt 2/3 START
2026-09-22 06:13:01.792 INFO  [worker_3] [21/24 2402001020111] HTTP GET main page (KoshvaniStatic.aspx) START
2026-09-22 06:13:02.692 INFO  [worker_3] [21/24 2402001020111] HTTP GET main page (KoshvaniStatic.aspx) END status=200 bytes=32533 elapsed=0.90s
2026-09-22 06:13:02.751 INFO  [worker_3] [21/24 2402001020111] HTTP GET grant list (ExpGrant.aspx) START
2026-09-22 06:13:03.015 INFO  [worker_2] [22/24 4401001030300] Attempt 2/3 START
2026-09-22 06:13:03.039 INFO  [worker_2] [22/24 4401001030300] HTTP GET main page (KoshvaniStatic.aspx) START
2026-09-22 06:13:03.941 INFO  [worker_2] [22/24 4401001030300] HTTP GET main page (KoshvaniStatic.aspx) END status=200 bytes=32533 elapsed=0.90s
2026-09-22 06:13:04.000 INFO  [worker_2] [22/24 4401001030300] HTTP GET grant list (ExpGrant.aspx) START
2026-09-22 06:13:04.102 INFO  [worker_3] [21/24 2402001020111] HTTP GET grant list (ExpGrant.aspx) END status=200 bytes=112782 elapsed=1.35s
2026-09-22 06:13:04.349 INFO  [worker_3] [21/24 2402001020111] HTTP GET scheme list (Extra_plnDept.aspx) START
2026-09-22 06:13:05.464 INFO  [worker_2] [22/24 4401001030300] HTTP GET grant list (ExpGrant.aspx) END status=200 bytes=112782 elapsed=1.46s
2026-09-22 06:13:05.726 INFO  [worker_2] [22/24 4401001030300] HTTP GET scheme list (Extra_plnDept.aspx) START
2026-09-22 06:13:14.571 INFO  [worker_3] [21/24 2402001020111] HTTP GET scheme list (Extra_plnDept.aspx) END status=200 bytes=724167 elapsed=6.55s redirects=1 final=ExpHead.aspx
2026-09-22 06:13:16.293 INFO  [worker_2] [22/24 4401001030300] HTTP GET scheme list (Extra_plnDept.aspx) END status=200 bytes=724167 elapsed=6.90s redirects=1 final=ExpHead.aspx
2026-09-22 06:13:57.856 INFO  [worker_3] [21/24 2402001020111] HTTP GET scheme report (Extra_plnDept.aspx) START
2026-09-22 06:14:02.407 INFO  [worker_2] [22/24 4401001030300] HTTP GET scheme report (Extra_plnDept.aspx) START
2026-09-22 06:14:02.531 INFO  [worker_3] [21/24 2402001020111] HTTP GET scheme report (Extra_plnDept.aspx) END status=200 bytes=121299 elapsed=2.28s redirects=1 final=ExpTreas.aspx
2026-09-22 06:14:02.874 INFO  [worker_3] [21/24 2402001020111] PARSE report table: columns=9 district_rows=2 fin_year=2026-2027 months={'prev_month': 'August', 'current_month': 'September'}
2026-09-22 06:14:02.875 INFO  [worker_3] [21/24 2402001020111] VALIDATE ok status=ok rows=2
2026-09-22 06:14:02.885 INFO  [worker_3] [21/24 2402001020111] FILE WRITE agri-011-2402001020111.json 1534 bytes 5 ms (status=ok, rows=2)
2026-09-22 06:14:02.888 INFO  [worker_3] [21/24 2402001020111] STATUS UPDATE scheme=2402001020111 status=1 attempts=2 remark='Recovered on retry' [crawler_status.json 2571 bytes, 2 ms]
2026-09-22 06:14:02.889 INFO  [worker_3] [21/24 2402001020111] Attempt 2/3 succeeded in 15.41s
2026-09-22 06:14:02.889 INFO  [worker_3] [21/24 2402001020111] SCHEME DONE status=1 attempts=2 elapsed=64.78s worker=worker_3
2026-09-22 06:14:02.915 INFO  [MainThread] FILE WRITE index.json 14346 bytes 5 ms | overall=RUNNING successful=22 failed=2 unprocessed=0
2026-09-22 06:14:03.542 INFO  [worker_2] [22/24 4401001030300] HTTP GET scheme report (Extra_plnDept.aspx) END status=200 bytes=52056 elapsed=1.13s redirects=1 final=ExpTreas.aspx
2026-09-22 06:14:03.652 INFO  [worker_2] [22/24 4401001030300] PARSE report table: columns=9 district_rows=1 fin_year=2026-2027 months={'prev_month': 'August', 'current_month': 'September'}
2026-09-22 06:14:03.653 INFO  [worker_2] [22/24 4401001030300] VALIDATE ok status=ok rows=1
2026-09-22 06:14:03.666 INFO  [worker_2] [22/24 4401001030300] FILE WRITE agri-011-4401001030300.json 1459 bytes 7 ms (status=ok, rows=1)
2026-09-22 06:14:03.669 INFO  [worker_2] [22/24 4401001030300] STATUS UPDATE scheme=4401001030300 status=1 attempts=2 remark='Recovered on retry' [crawler_status.json 2499 bytes, 2 ms]
2026-09-22 06:14:03.669 INFO  [worker_2] [22/24 4401001030300] Attempt 2/3 succeeded in 14.94s
2026-09-22 06:14:03.669 INFO  [worker_2] [22/24 4401001030300] SCHEME DONE status=1 attempts=2 elapsed=63.44s worker=worker_2
2026-09-22 06:14:03.682 INFO  [MainThread] FILE WRITE index.json 14345 bytes 4 ms | overall=RUNNING successful=23 failed=1 unprocessed=0
2026-09-22 06:22:28.883 INFO  [worker_1] [23/24 4401001030401] Attempt 3/3 START
2026-09-22 06:22:28.907 INFO  [worker_1] [23/24 4401001030401] HTTP GET main page (KoshvaniStatic.aspx) START
2026-09-22 06:22:29.797 INFO  [worker_1] [23/24 4401001030401] HTTP GET main page (KoshvaniStatic.aspx) END status=200 bytes=32533 elapsed=0.89s
2026-09-22 06:22:29.852 INFO  [worker_1] [23/24 4401001030401] HTTP GET grant list (ExpGrant.aspx) START
2026-09-22 06:22:30.131 INFO  [worker_1] [23/24 4401001030401] HTTP GET grant list (ExpGrant.aspx) END status=200 bytes=112782 elapsed=0.28s
2026-09-22 06:22:30.366 INFO  [worker_1] [23/24 4401001030401] HTTP GET scheme list (Extra_plnDept.aspx) START
2026-09-22 06:22:44.337 INFO  [worker_1] [23/24 4401001030401] HTTP GET scheme list (Extra_plnDept.aspx) END status=200 bytes=724167 elapsed=7.93s redirects=1 final=ExpHead.aspx
2026-09-22 06:23:44.898 INFO  [worker_1] [23/24 4401001030401] HTTP GET scheme report (Extra_plnDept.aspx) START
2026-09-22 06:23:47.403 INFO  [worker_1] [23/24 4401001030401] HTTP GET scheme report (Extra_plnDept.aspx) END status=200 bytes=88018 elapsed=2.50s redirects=1 final=ExpTreas.aspx
2026-09-22 06:23:47.611 INFO  [worker_1] [23/24 4401001030401] PARSE report table: columns=9 district_rows=1 fin_year=2026-2027 months={'prev_month': 'August', 'current_month': 'September'}
2026-09-22 06:23:47.612 INFO  [worker_1] [23/24 4401001030401] VALIDATE ok status=ok rows=1
2026-09-22 06:23:47.626 INFO  [worker_1] [23/24 4401001030401] FILE WRITE agri-011-4401001030401.json 1381 bytes 8 ms (status=ok, rows=1)
2026-09-22 06:23:47.629 INFO  [worker_1] [23/24 4401001030401] STATUS UPDATE scheme=4401001030401 status=1 attempts=3 remark='Recovered on retry' [crawler_status.json 2420 bytes, 2 ms]
2026-09-22 06:23:47.630 INFO  [worker_1] [23/24 4401001030401] Attempt 3/3 succeeded in 16.15s
2026-09-22 06:23:47.630 INFO  [worker_1] [23/24 4401001030401] SCHEME DONE status=1 attempts=3 elapsed=85.02s worker=worker_1
2026-09-22 06:23:47.640 INFO  [MainThread] FILE WRITE index.json 14344 bytes 3 ms | overall=RUNNING successful=24 failed=0 unprocessed=0
2026-09-22 06:23:47.646 INFO  [MainThread] STATUS FINAL overall=SUCCESS fatal=no [crawler_status.json 2443 bytes, 2 ms]
2026-09-22 06:23:47.657 INFO  [MainThread] FILE WRITE index.json 14344 bytes 4 ms | overall=SUCCESS successful=24 failed=0 unprocessed=0
2026-09-22 06:23:47.658 INFO  [MainThread] ==================================================
2026-09-22 06:23:47.658 INFO  [MainThread] KOSHVANI CRAWLER SUMMARY
2026-09-22 06:23:47.658 INFO  [MainThread] ==================================================
2026-09-22 06:23:47.658 INFO  [MainThread] Execution ID: 20260922-052625-18432a
2026-09-22 06:23:47.659 INFO  [MainThread] Total schemes: 24
2026-09-22 06:23:47.659 INFO  [MainThread] Successful: 24
2026-09-22 06:23:47.659 INFO  [MainThread] Failed: 0
2026-09-22 06:23:47.659 INFO  [MainThread] Unprocessed: 0
2026-09-22 06:23:47.659 INFO  [MainThread] Recovered by retry: 3
2026-09-22 06:23:47.659 INFO  [MainThread] Fatal crawler error: No
2026-09-22 06:23:47.659 INFO  [MainThread] Execution status: SUCCESS
2026-09-22 06:23:47.660 INFO  [MainThread] Wall time: 276.0s | workers: 4 | max attempts per scheme: 3
2026-09-22 06:23:47.660 INFO  [MainThread] Scheme time: min 20.6s | avg 41.8s | max 85.0s
2026-09-22 06:23:47.660 INFO  [MainThread] Slowest schemes: 4401001030401 85.0s (attempts 3, worker_1), 2401001070400 70.9s (attempts 1, worker_2), 2401001070300 70.6s (attempts 1, worker_1)
2026-09-22 06:23:47.661 INFO  [MainThread] Worker utilisation: 91% | worker_0: 7 schemes 219s, worker_1: 5 schemes 276s, worker_2: 6 schemes 254s, worker_3: 6 schemes 253s
2026-09-22 06:23:47.661 INFO  [MainThread] HTTP requests: 110 (ok 110, failed 0) | downloaded 27877 KB
2026-09-22 06:23:47.661 INFO  [MainThread] Request latency: avg 4.03s | p95 12.15s | max 29.68s
2026-09-22 06:23:47.661 INFO  [MainThread] Attempt failures by kind: unexpected-page=4
2026-09-22 06:23:47.661 INFO  [MainThread] Time spent waiting between retries: 59.7s (summed over workers)
2026-09-22 06:23:47.662 INFO  [MainThread] ==================================================
2026-09-22 06:23:48 INFO  [run_daily] SCRAPER END exit_code=0 elapsed=3441s

2026-09-22 06:23:48 INFO  [run_daily] Koshvani scraper completed.

2026-09-22 06:23:48 INFO  [run_daily] [4/6] Checking for data changes...
2026-09-22 06:23:48 INFO  [run_daily] Data changes detected:
 M docs/data/agri-011-2401000010500.json
 M docs/data/agri-011-2401001020103.json
 M docs/data/agri-011-2401001020129.json
 M docs/data/agri-011-2401001030300.json
 M docs/data/agri-011-2401001030500.json
 M docs/data/agri-011-2401001030600.json
 M docs/data/agri-011-2401001070300.json
 M docs/data/agri-011-2401001070400.json
 M docs/data/agri-011-2401001090103.json
 M docs/data/agri-011-2401001090104.json
 M docs/data/agri-011-2401001090105.json
 M docs/data/agri-011-2401001090300.json
 M docs/data/agri-011-2401001090700.json
 M docs/data/agri-011-2401001090900.json
 M docs/data/agri-011-2401001130104.json
 M docs/data/agri-011-2401001140101.json
 M docs/data/agri-011-2401001140300.json
 M docs/data/agri-011-2401008000203.json
 M docs/data/agri-011-2401008000400.json
 M docs/data/agri-011-2402001020109.json
 M docs/data/agri-011-2402001020111.json
 M docs/data/agri-011-4401001030300.json
 M docs/data/agri-011-4401001030401.json
 M docs/data/agri-011-4401001030403.json
 M docs/data/crawler_status.json
 M docs/data/index.json

2026-09-22 06:23:48 INFO  [run_daily] [5/6] Committing updated Koshvani data...
2026-09-22 06:23:48 INFO  [run_daily] GIT add data: START
2026-09-22 06:23:48 INFO  [run_daily] GIT add data: END exit_code=0 elapsed=0s
2026-09-22 06:23:48 INFO  [run_daily] GIT commit data: START
[main e530bc9] Update Koshvani data
 26 files changed, 72 insertions(+), 72 deletions(-)
2026-09-22 06:23:48 INFO  [run_daily] GIT commit data: END exit_code=0 elapsed=0s
2026-09-22 06:23:48 INFO  [run_daily] Commit successful: e530bc9 Update Koshvani data
 26 files changed, 72 insertions(+), 72 deletions(-)

2026-09-22 06:27:54 INFO  [run_daily] Pushing to GitHub...
2026-09-22 06:27:54 INFO  [run_daily] GIT push data: START
To https://github.com/abhi24me/koshvani-dashboard.git
   f95f210..e530bc9  main -> main
2026-09-22 06:27:57 INFO  [run_daily] GIT push data: END exit_code=0 elapsed=3s

2026-09-22 06:27:57 INFO  [run_daily] GitHub push successful: HEAD=e530bc9 origin/main=e530bc9

2026-09-22 06:27:57 INFO  [run_daily] [6/6] Validating scheme results and sending the Gmail report...
2026-09-22 06:32:30.162 INFO  [gmail_alert] Email notification sent successfully to 2 recipient(s).
2026-09-22 06:32:30.192 INFO  [gmail_alert] Report e-mailed (success).
2026-09-22 06:32:30 INFO  [run_daily] GMAIL report step finished (exit_code=0)

2026-09-22 06:32:30 INFO  [run_daily] ========================================
2026-09-22 06:32:30 INFO  [run_daily] KOSHVANI JOB COMPLETED
2026-09-22 06:32:30 INFO  [run_daily] FINAL STATUS: SUCCESS
2026-09-22 06:32:30 INFO  [run_daily] elapsed=3965s
2026-09-22 06:32:30 INFO  [run_daily] ========================================
2026-09-22 06:32:30 INFO  [run_daily] LOG PUBLISH: workflow_exit_code=0 - this log is now being committed and pushed (that outcome is on screen only)
