
2026-10-07 04:56:25 INFO  [run_daily] ========================================
2026-10-07 04:56:25 INFO  [run_daily] KOSHVANI JOB STARTED
2026-10-07 04:56:25 INFO  [run_daily] execution_id=20261007-045625-796dc7 log=logs/daily-2026-10-07-045625.log
2026-10-07 04:56:25 INFO  [run_daily] host: Linux 5.15.178-android13-8-g8805f47e70a8-ab36 | Python 3.14.6 | git version 2.55.0
2026-10-07 04:56:25 INFO  [run_daily] repo: branch=main HEAD=7abe292 dir=/data/data/com.termux/files/home/koshvani-dashboard
2026-10-07 04:56:25 INFO  [run_daily] ========================================

2026-10-07 04:56:25 INFO  [run_daily] [1/6] Checking Git status...
?? logs/daily-2026-10-07-045625.log

2026-10-07 04:56:25 INFO  [run_daily] [2/6] Pulling latest code from GitHub...
2026-10-07 04:56:25 INFO  [run_daily] GIT pull --rebase: START
From https://github.com/abhi24me/koshvani-dashboard
 * branch            main       -> FETCH_HEAD
Already up to date.
2026-10-07 04:56:26 INFO  [run_daily] GIT pull --rebase: END exit_code=0 elapsed=1s
2026-10-07 04:56:26 INFO  [run_daily] Git pull successful.

2026-10-07 04:56:26 INFO  [run_daily] [3/6] Starting Koshvani scraper...
2026-10-07 04:56:28.682 INFO  [MainThread] ==================================================
2026-10-07 04:56:28.685 INFO  [MainThread] KOSHVANI CRAWLER START
2026-10-07 04:56:28.686 INFO  [MainThread] Execution ID: 20261007-045625-796dc7
2026-10-07 04:56:28.686 INFO  [MainThread] Python 3.14.6 | requests 2.34.2 | time zone offset +0530
2026-10-07 04:56:28.692 INFO  [MainThread] Config: schemes=24 workers=4 max_attempts=3 retry_delays=5-15s/15-30s request_timeout=45s stagger=4+0-2s bounce_hold=60-120s cooldown_rounds=2x300s
2026-10-07 04:56:28.696 INFO  [MainThread] STATUS RESET execution_id=20261007-045625-796dc7 schemes=24 all set to status=0 [crawler_status.json 2366 bytes, 4 ms]
2026-10-07 04:56:28.750 INFO  [MainThread] FILE WRITE index.json 14350 bytes 4 ms | overall=RUNNING successful=0 failed=0 unprocessed=24
2026-10-07 04:56:28.752 INFO  [worker_0] [01/24 2401000010500] SCHEME START कृषि विभाग — जिला संगठन (Grant 011) (worker=worker_0)
2026-10-07 04:56:28.753 INFO  [worker_0] [01/24 2401000010500] Attempt 1/3 START
2026-10-07 04:56:28.755 INFO  [worker_1] [02/24 2401001020103] SCHEME START फूड एण्ड न्यूट्रिशन सिक्यूरिटी (कृषि उन्नति योजना) (के.60/रा.40-के.+ रा.) (Grant 011) (worker=worker_1)
2026-10-07 04:56:28.757 INFO  [worker_1] [02/24 2401001020103] Start stagger: waiting 4.5s so workers do not hit the portal together
2026-10-07 04:56:28.761 INFO  [worker_2] [03/24 2401001020129] SCHEME START मिशन फार आत्मनिर्भरता इन पल्सेस (के.60/रा.40-के.+रा.) (Grant 011) (worker=worker_2)
2026-10-07 04:56:28.764 INFO  [worker_2] [03/24 2401001020129] Start stagger: waiting 10.5s so workers do not hit the portal together
2026-10-07 04:56:28.765 INFO  [worker_3] [04/24 2401001030300] SCHEME START प्रयोगात्मक प्रक्षेत्र प्रदर्शन और बीज बर्द्धन प्रक्षेत्र (Grant 011) (worker=worker_3)
2026-10-07 04:56:28.766 INFO  [worker_3] [04/24 2401001030300] Start stagger: waiting 16.4s so workers do not hit the portal together
2026-10-07 04:56:28.788 INFO  [worker_0] [01/24 2401000010500] HTTP GET main page (KoshvaniStatic.aspx) START
2026-10-07 04:56:29.789 INFO  [worker_0] [01/24 2401000010500] HTTP GET main page (KoshvaniStatic.aspx) END status=200 bytes=32533 elapsed=1.00s
2026-10-07 04:56:29.943 INFO  [worker_0] [01/24 2401000010500] HTTP GET grant list (ExpGrant.aspx) START
2026-10-07 04:56:30.541 INFO  [worker_0] [01/24 2401000010500] HTTP GET grant list (ExpGrant.aspx) END status=200 bytes=112705 elapsed=0.60s
2026-10-07 04:56:30.794 INFO  [worker_0] [01/24 2401000010500] HTTP GET scheme list (Extra_plnDept.aspx) START
2026-10-07 04:56:33.298 INFO  [worker_1] [02/24 2401001020103] Attempt 1/3 START
2026-10-07 04:56:33.331 INFO  [worker_1] [02/24 2401001020103] HTTP GET main page (KoshvaniStatic.aspx) START
2026-10-07 04:56:33.997 INFO  [worker_1] [02/24 2401001020103] HTTP GET main page (KoshvaniStatic.aspx) END status=200 bytes=32533 elapsed=0.67s
2026-10-07 04:56:34.054 INFO  [worker_1] [02/24 2401001020103] HTTP GET grant list (ExpGrant.aspx) START
2026-10-07 04:56:34.453 INFO  [worker_1] [02/24 2401001020103] HTTP GET grant list (ExpGrant.aspx) END status=200 bytes=112705 elapsed=0.40s
2026-10-07 04:56:34.696 INFO  [worker_1] [02/24 2401001020103] HTTP GET scheme list (Extra_plnDept.aspx) START
2026-10-07 04:56:38.198 INFO  [worker_0] [01/24 2401000010500] HTTP GET scheme list (Extra_plnDept.aspx) END status=200 bytes=726751 elapsed=7.40s redirects=1 final=ExpHead.aspx
2026-10-07 04:56:39.237 INFO  [worker_2] [03/24 2401001020129] Attempt 1/3 START
2026-10-07 04:56:39.276 INFO  [worker_2] [03/24 2401001020129] HTTP GET main page (KoshvaniStatic.aspx) START
2026-10-07 04:56:40.092 INFO  [worker_2] [03/24 2401001020129] HTTP GET main page (KoshvaniStatic.aspx) END status=200 bytes=32533 elapsed=0.81s
2026-10-07 04:56:40.297 INFO  [worker_2] [03/24 2401001020129] HTTP GET grant list (ExpGrant.aspx) START
2026-10-07 04:56:40.442 INFO  [worker_0] [01/24 2401000010500] HTTP GET scheme report (Extra_plnDept.aspx) START
2026-10-07 04:56:40.874 INFO  [worker_2] [03/24 2401001020129] HTTP GET grant list (ExpGrant.aspx) END status=200 bytes=112705 elapsed=0.57s
2026-10-07 04:56:41.123 INFO  [worker_2] [03/24 2401001020129] HTTP GET scheme list (Extra_plnDept.aspx) START
2026-10-07 04:56:42.793 INFO  [worker_1] [02/24 2401001020103] HTTP GET scheme list (Extra_plnDept.aspx) END status=200 bytes=726751 elapsed=8.10s redirects=1 final=ExpHead.aspx
2026-10-07 04:56:45.074 INFO  [worker_1] [02/24 2401001020103] HTTP GET scheme report (Extra_plnDept.aspx) START
2026-10-07 04:56:45.147 INFO  [worker_3] [04/24 2401001030300] Attempt 1/3 START
2026-10-07 04:56:45.179 INFO  [worker_3] [04/24 2401001030300] HTTP GET main page (KoshvaniStatic.aspx) START
2026-10-07 04:56:45.983 INFO  [worker_3] [04/24 2401001030300] HTTP GET main page (KoshvaniStatic.aspx) END status=200 bytes=32533 elapsed=0.80s
2026-10-07 04:56:46.037 INFO  [worker_3] [04/24 2401001030300] HTTP GET grant list (ExpGrant.aspx) START
2026-10-07 04:56:46.554 INFO  [worker_3] [04/24 2401001030300] HTTP GET grant list (ExpGrant.aspx) END status=200 bytes=112705 elapsed=0.52s
2026-10-07 04:56:46.792 INFO  [worker_3] [04/24 2401001030300] HTTP GET scheme list (Extra_plnDept.aspx) START
2026-10-07 04:56:48.057 INFO  [worker_2] [03/24 2401001020129] HTTP GET scheme list (Extra_plnDept.aspx) END status=200 bytes=726751 elapsed=6.93s redirects=1 final=ExpHead.aspx
2026-10-07 04:56:50.170 INFO  [worker_2] [03/24 2401001020129] HTTP GET scheme report (Extra_plnDept.aspx) START
2026-10-07 04:56:51.018 INFO  [worker_1] [02/24 2401001020103] HTTP GET scheme report (Extra_plnDept.aspx) END status=200 bytes=170523 elapsed=5.94s redirects=1 final=ExpTreas.aspx
2026-10-07 04:56:51.541 INFO  [worker_1] [02/24 2401001020103] PARSE report table: columns=9 district_rows=2 fin_year=2026-2027 months={'prev_month': 'September', 'current_month': 'October'}
2026-10-07 04:56:51.542 INFO  [worker_1] [02/24 2401001020103] VALIDATE ok status=ok rows=2
2026-10-07 04:56:51.555 INFO  [worker_1] [02/24 2401001020103] FILE WRITE agri-011-2401001020103.json 1582 bytes 7 ms (status=ok, rows=2)
2026-10-07 04:56:51.558 INFO  [worker_1] [02/24 2401001020103] STATUS UPDATE scheme=2401001020103 status=1 attempts=1 remark='' [crawler_status.json 2366 bytes, 2 ms]
2026-10-07 04:56:51.559 INFO  [worker_1] [02/24 2401001020103] Attempt 1/3 succeeded in 18.26s
2026-10-07 04:56:51.559 INFO  [worker_1] [02/24 2401001020103] SCHEME DONE status=1 attempts=1 elapsed=22.80s worker=worker_1
2026-10-07 04:56:51.560 INFO  [worker_1] [05/24 2401001030500] SCHEME START संकर बीजों के उपयोग को बढ़ावा देने की योजना (Grant 011) (worker=worker_1)
2026-10-07 04:56:51.560 INFO  [worker_1] [05/24 2401001030500] Attempt 1/3 START
2026-10-07 04:56:51.571 INFO  [MainThread] FILE WRITE index.json 14350 bytes 3 ms | overall=RUNNING successful=1 failed=0 unprocessed=23
2026-10-07 04:56:51.584 INFO  [worker_1] [05/24 2401001030500] HTTP GET main page (KoshvaniStatic.aspx) START
2026-10-07 04:56:52.337 INFO  [worker_1] [05/24 2401001030500] HTTP GET main page (KoshvaniStatic.aspx) END status=200 bytes=32533 elapsed=0.75s
2026-10-07 04:56:52.392 INFO  [worker_1] [05/24 2401001030500] HTTP GET grant list (ExpGrant.aspx) START
2026-10-07 04:56:52.870 INFO  [worker_1] [05/24 2401001030500] HTTP GET grant list (ExpGrant.aspx) END status=200 bytes=112705 elapsed=0.48s
2026-10-07 04:56:53.116 INFO  [worker_1] [05/24 2401001030500] HTTP GET scheme list (Extra_plnDept.aspx) START
2026-10-07 04:56:54.011 INFO  [worker_2] [03/24 2401001020129] HTTP GET scheme report (Extra_plnDept.aspx) END status=200 bytes=161716 elapsed=3.84s redirects=1 final=ExpTreas.aspx
2026-10-07 04:56:54.437 INFO  [worker_3] [04/24 2401001030300] HTTP GET scheme list (Extra_plnDept.aspx) END status=200 bytes=726751 elapsed=7.64s redirects=1 final=ExpHead.aspx
2026-10-07 04:56:55.994 INFO  [worker_2] [03/24 2401001020129] PARSE report table: columns=9 district_rows=3 fin_year=2026-2027 months={'prev_month': 'September', 'current_month': 'October'}
2026-10-07 04:56:56.001 INFO  [worker_2] [03/24 2401001020129] VALIDATE ok status=ok rows=3
2026-10-07 04:56:56.074 INFO  [worker_2] [03/24 2401001020129] FILE WRITE agri-011-2401001020129.json 1816 bytes 50 ms (status=ok, rows=3)
2026-10-07 04:56:56.149 INFO  [worker_2] [03/24 2401001020129] STATUS UPDATE scheme=2401001020129 status=1 attempts=1 remark='' [crawler_status.json 2366 bytes, 69 ms]
2026-10-07 04:56:56.156 INFO  [worker_2] [03/24 2401001020129] Attempt 1/3 succeeded in 16.37s
2026-10-07 04:56:56.163 INFO  [worker_2] [03/24 2401001020129] SCHEME DONE status=1 attempts=1 elapsed=26.85s worker=worker_2
2026-10-07 04:56:56.170 INFO  [worker_2] [06/24 2401001030600] SCHEME START उत्तर प्रदेश मिलेट्स पुनरोद्धार कार्यक्रम (Grant 011) (worker=worker_2)
2026-10-07 04:56:56.178 INFO  [worker_2] [06/24 2401001030600] Start stagger: waiting 1.6s so workers do not hit the portal together
2026-10-07 04:57:00.180 INFO  [MainThread] FILE WRITE index.json 14350 bytes 106 ms | overall=RUNNING successful=2 failed=0 unprocessed=22
2026-10-07 04:57:00.808 INFO  [worker_2] [06/24 2401001030600] Attempt 1/3 START
2026-10-07 04:57:00.870 INFO  [worker_2] [06/24 2401001030600] HTTP GET main page (KoshvaniStatic.aspx) START
2026-10-07 04:57:01.003 INFO  [worker_0] [01/24 2401000010500] HTTP GET scheme report (Extra_plnDept.aspx) END status=200 bytes=602595 elapsed=17.56s redirects=1 final=ExpTreas.aspx
2026-10-07 04:57:01.328 INFO  [worker_1] [05/24 2401001030500] HTTP GET scheme list (Extra_plnDept.aspx) END status=200 bytes=726751 elapsed=5.21s redirects=1 final=ExpHead.aspx
2026-10-07 04:57:01.885 INFO  [worker_2] [06/24 2401001030600] HTTP GET main page (KoshvaniStatic.aspx) END status=200 bytes=32533 elapsed=1.01s
2026-10-07 04:57:02.451 INFO  [worker_2] [06/24 2401001030600] HTTP GET grant list (ExpGrant.aspx) START
2026-10-07 04:57:12.028 INFO  [worker_2] [06/24 2401001030600] HTTP GET grant list (ExpGrant.aspx) END status=200 bytes=112705 elapsed=1.07s
2026-10-07 04:59:59.321 INFO  [worker_2] [06/24 2401001030600] HTTP GET scheme list (Extra_plnDept.aspx) START
2026-10-07 05:00:00.627 INFO  [worker_3] [04/24 2401001030300] HTTP GET scheme report (Extra_plnDept.aspx) START
2026-10-07 05:00:07.450 INFO  [worker_2] [06/24 2401001030600] HTTP GET scheme list (Extra_plnDept.aspx) END status=200 bytes=726751 elapsed=4.88s redirects=1 final=ExpHead.aspx
2026-10-07 05:00:12.815 INFO  [worker_3] [04/24 2401001030300] HTTP GET scheme report (Extra_plnDept.aspx) END status=200 bytes=346896 elapsed=4.94s redirects=1 final=ExpTreas.aspx
2026-10-07 05:02:01.574 INFO  [worker_0] [01/24 2401000010500] PARSE report table: columns=9 district_rows=17 fin_year=2026-2027 months={'prev_month': 'September', 'current_month': 'October'}
2026-10-07 05:02:01.609 INFO  [worker_0] [01/24 2401000010500] VALIDATE ok status=ok rows=17
2026-10-07 05:02:02.183 INFO  [worker_0] [01/24 2401000010500] FILE WRITE agri-011-2401000010500.json 4989 bytes 448 ms (status=ok, rows=17)
2026-10-07 05:02:02.662 INFO  [worker_0] [01/24 2401000010500] STATUS UPDATE scheme=2401000010500 status=1 attempts=1 remark='' [crawler_status.json 2366 bytes, 326 ms]
2026-10-07 05:02:02.684 INFO  [worker_0] [01/24 2401000010500] Attempt 1/3 succeeded in 57.58s
2026-10-07 05:02:02.686 INFO  [worker_0] [01/24 2401000010500] SCHEME DONE status=1 attempts=1 elapsed=57.58s worker=worker_0
2026-10-07 05:02:02.687 INFO  [worker_0] [07/24 2401001070300] SCHEME START पौध संरक्षण सेवा तथा कृषि रक्षा सेवा (Grant 011) (worker=worker_0)
2026-10-07 05:02:02.707 INFO  [worker_0] [07/24 2401001070300] Attempt 1/3 START
2026-10-07 05:02:05.099 INFO  [worker_0] [07/24 2401001070300] HTTP GET main page (KoshvaniStatic.aspx) START
2026-10-07 05:02:05.691 INFO  [worker_1] [05/24 2401001030500] HTTP GET scheme report (Extra_plnDept.aspx) START
2026-10-07 05:02:06.326 INFO  [worker_0] [07/24 2401001070300] HTTP GET main page (KoshvaniStatic.aspx) END status=200 bytes=32533 elapsed=1.17s
2026-10-07 05:02:07.739 INFO  [worker_0] [07/24 2401001070300] HTTP GET grant list (ExpGrant.aspx) START
2026-10-07 05:02:08.035 INFO  [MainThread] FILE WRITE index.json 14350 bytes 168 ms | overall=RUNNING successful=3 failed=0 unprocessed=21
2026-10-07 05:02:08.089 INFO  [worker_1] [05/24 2401001030500] HTTP GET scheme report (Extra_plnDept.aspx) END status=200 bytes=83673 elapsed=1.79s redirects=1 final=ExpTreas.aspx
2026-10-07 05:02:08.350 INFO  [worker_0] [07/24 2401001070300] HTTP GET grant list (ExpGrant.aspx) END status=200 bytes=112705 elapsed=0.59s
2026-10-07 05:02:29.296 INFO  [worker_1] [05/24 2401001030500] PARSE report table: columns=9 district_rows=1 fin_year=2026-2027 months={'prev_month': 'September', 'current_month': 'October'}
2026-10-07 05:02:29.315 INFO  [worker_1] [05/24 2401001030500] VALIDATE ok status=ok rows=1
2026-10-07 05:02:29.635 INFO  [worker_1] [05/24 2401001030500] FILE WRITE agri-011-2401001030500.json 1312 bytes 262 ms (status=ok, rows=1)
2026-10-07 05:02:30.170 INFO  [worker_1] [05/24 2401001030500] STATUS UPDATE scheme=2401001030500 status=1 attempts=1 remark='' [crawler_status.json 2366 bytes, 340 ms]
2026-10-07 05:02:30.187 INFO  [worker_1] [05/24 2401001030500] Attempt 1/3 succeeded in 40.16s
2026-10-07 05:02:30.210 INFO  [worker_1] [05/24 2401001030500] SCHEME DONE status=1 attempts=1 elapsed=40.16s worker=worker_1
2026-10-07 05:02:30.227 INFO  [worker_1] [08/24 2401001070400] SCHEME START विभिन्न परिस्थितिकी संसाधनों द्वारा कीट / रोग नियंत्रण (Grant 011) (worker=worker_1)
2026-10-07 05:02:30.246 INFO  [worker_1] [08/24 2401001070400] Attempt 1/3 START
2026-10-07 05:02:38.694 INFO  [worker_1] [08/24 2401001070400] HTTP GET main page (KoshvaniStatic.aspx) START
2026-10-07 05:02:38.993 INFO  [worker_0] [07/24 2401001070300] HTTP GET scheme list (Extra_plnDept.aspx) START
2026-10-07 05:02:39.674 INFO  [worker_1] [08/24 2401001070400] HTTP GET main page (KoshvaniStatic.aspx) END status=200 bytes=32533 elapsed=0.98s
2026-10-07 05:02:39.867 INFO  [worker_1] [08/24 2401001070400] HTTP GET grant list (ExpGrant.aspx) START
2026-10-07 05:02:40.097 INFO  [worker_3] [04/24 2401001030300] PARSE report table: columns=9 district_rows=11 fin_year=2026-2027 months={'prev_month': 'September', 'current_month': 'October'}
2026-10-07 05:02:40.121 INFO  [worker_3] [04/24 2401001030300] VALIDATE ok status=ok rows=11
2026-10-07 05:02:40.162 INFO  [MainThread] FILE WRITE index.json 14350 bytes 77 ms | overall=RUNNING successful=4 failed=0 unprocessed=20
2026-10-07 05:02:40.229 INFO  [worker_3] [04/24 2401001030300] FILE WRITE agri-011-2401001030300.json 3485 bytes 87 ms (status=ok, rows=11)
2026-10-07 05:02:40.336 INFO  [worker_3] [04/24 2401001030300] STATUS UPDATE scheme=2401001030300 status=1 attempts=1 remark='' [crawler_status.json 2366 bytes, 96 ms]
2026-10-07 05:02:40.343 INFO  [worker_3] [04/24 2401001030300] Attempt 1/3 succeeded in 48.59s
2026-10-07 05:02:40.580 INFO  [worker_3] [04/24 2401001030300] SCHEME DONE status=1 attempts=1 elapsed=64.97s worker=worker_3
2026-10-07 05:02:40.588 INFO  [worker_3] [09/24 2401001090103] SCHEME START नेशनल मिशन ऑन एग्रीकल्चर एक्सटेंशन एण्ड टेक्नोलाजी (एन.एम.ए.ई.टी.) के अर्न्तगत सबमिशन ऑन एग्रीकल्चर एक्स्टेंशन (के.60/रा.40-के.+ रा.) (Grant 011) (worker=worker_3)
2026-10-07 05:02:40.604 INFO  [worker_3] [09/24 2401001090103] Start stagger: waiting 2.0s so workers do not hit the portal together
2026-10-07 05:02:40.763 INFO  [worker_1] [08/24 2401001070400] HTTP GET grant list (ExpGrant.aspx) END status=200 bytes=112705 elapsed=0.84s
2026-10-07 05:02:40.940 INFO  [worker_2] [06/24 2401001030600] HTTP GET scheme report (Extra_plnDept.aspx) START
2026-10-07 05:02:41.279 INFO  [worker_1] [08/24 2401001070400] HTTP GET scheme list (Extra_plnDept.aspx) START
2026-10-07 05:02:41.378 INFO  [MainThread] FILE WRITE index.json 14350 bytes 87 ms | overall=RUNNING successful=5 failed=0 unprocessed=19
2026-10-07 05:02:44.258 INFO  [worker_2] [06/24 2401001030600] HTTP GET scheme report (Extra_plnDept.aspx) END status=200 bytes=130874 elapsed=1.60s redirects=1 final=ExpTreas.aspx
2026-10-07 05:02:44.339 INFO  [worker_3] [09/24 2401001090103] Attempt 1/3 START
2026-10-07 05:02:44.411 INFO  [worker_3] [09/24 2401001090103] HTTP GET main page (KoshvaniStatic.aspx) START
2026-10-07 05:02:44.628 INFO  [worker_2] [06/24 2401001030600] PARSE report table: columns=9 district_rows=2 fin_year=2026-2027 months={'prev_month': 'September', 'current_month': 'October'}
2026-10-07 05:02:44.629 INFO  [worker_2] [06/24 2401001030600] VALIDATE ok status=ok rows=2
2026-10-07 05:02:44.637 INFO  [worker_2] [06/24 2401001030600] FILE WRITE agri-011-2401001030600.json 1630 bytes 3 ms (status=ok, rows=2)
2026-10-07 05:02:44.640 INFO  [worker_2] [06/24 2401001030600] STATUS UPDATE scheme=2401001030600 status=1 attempts=1 remark='' [crawler_status.json 2366 bytes, 2 ms]
2026-10-07 05:02:44.641 INFO  [worker_2] [06/24 2401001030600] Attempt 1/3 succeeded in 38.50s
2026-10-07 05:02:44.641 INFO  [worker_2] [06/24 2401001030600] SCHEME DONE status=1 attempts=1 elapsed=40.69s worker=worker_2
2026-10-07 05:02:44.641 INFO  [worker_2] [10/24 2401001090104] SCHEME START नेशनल मिशन ऑन एग्रीकल्चर एक्सटेंशन एण्ड टेक्नोलाजी (एन.एम.ए.ई.टी.) के अर्न्तगत सबमिशन आफ एग्रीकल्चर मेकेनाइजेशन (के.60/रा.40-के.+ रा.) (Grant 011) (worker=worker_2)
2026-10-07 05:02:44.642 INFO  [worker_2] [10/24 2401001090104] Start stagger: waiting 4.2s so workers do not hit the portal together
2026-10-07 05:02:44.669 INFO  [MainThread] FILE WRITE index.json 14350 bytes 5 ms | overall=RUNNING successful=6 failed=0 unprocessed=18
2026-10-07 05:02:45.240 INFO  [worker_3] [09/24 2401001090103] HTTP GET main page (KoshvaniStatic.aspx) END status=200 bytes=32533 elapsed=0.82s
2026-10-07 05:02:45.294 INFO  [worker_3] [09/24 2401001090103] HTTP GET grant list (ExpGrant.aspx) START
2026-10-07 05:02:45.831 INFO  [worker_3] [09/24 2401001090103] HTTP GET grant list (ExpGrant.aspx) END status=200 bytes=112705 elapsed=0.54s
2026-10-07 05:02:46.137 INFO  [worker_3] [09/24 2401001090103] HTTP GET scheme list (Extra_plnDept.aspx) START
2026-10-07 05:02:46.507 INFO  [worker_0] [07/24 2401001070300] HTTP GET scheme list (Extra_plnDept.aspx) END status=200 bytes=726751 elapsed=5.79s redirects=1 final=ExpHead.aspx
2026-10-07 05:02:49.552 INFO  [worker_2] [10/24 2401001090104] Attempt 1/3 START
2026-10-07 05:02:49.604 INFO  [worker_2] [10/24 2401001090104] HTTP GET main page (KoshvaniStatic.aspx) START
2026-10-07 05:02:50.022 INFO  [worker_1] [08/24 2401001070400] HTTP GET scheme list (Extra_plnDept.aspx) END status=200 bytes=726751 elapsed=6.67s redirects=1 final=ExpHead.aspx
2026-10-07 05:02:50.598 INFO  [worker_2] [10/24 2401001090104] HTTP GET main page (KoshvaniStatic.aspx) END status=200 bytes=32533 elapsed=0.99s
2026-10-07 05:02:51.109 INFO  [worker_2] [10/24 2401001090104] HTTP GET grant list (ExpGrant.aspx) START
2026-10-07 05:02:51.708 INFO  [worker_2] [10/24 2401001090104] HTTP GET grant list (ExpGrant.aspx) END status=200 bytes=112705 elapsed=0.57s
2026-10-07 05:02:52.234 INFO  [worker_0] [07/24 2401001070300] HTTP GET scheme report (Extra_plnDept.aspx) START
2026-10-07 05:02:52.956 INFO  [worker_2] [10/24 2401001090104] HTTP GET scheme list (Extra_plnDept.aspx) START
2026-10-07 05:02:53.638 INFO  [worker_3] [09/24 2401001090103] HTTP GET scheme list (Extra_plnDept.aspx) END status=200 bytes=726751 elapsed=7.15s redirects=1 final=ExpHead.aspx
2026-10-07 05:03:00.806 INFO  [worker_2] [10/24 2401001090104] HTTP GET scheme list (Extra_plnDept.aspx) END status=200 bytes=726751 elapsed=3.38s redirects=1 final=ExpHead.aspx
2026-10-07 05:03:15.643 INFO  [worker_0] [07/24 2401001070300] HTTP GET scheme report (Extra_plnDept.aspx) END status=200 bytes=693186 elapsed=6.39s redirects=1 final=ExpTreas.aspx
2026-10-07 05:05:35.540 INFO  [worker_1] [08/24 2401001070400] HTTP GET scheme report (Extra_plnDept.aspx) START
2026-10-07 05:06:06.512 INFO  [worker_1] [08/24 2401001070400] HTTP GET scheme report (Extra_plnDept.aspx) END status=200 bytes=445595 elapsed=4.09s redirects=1 final=ExpTreas.aspx
2026-10-07 05:10:06.548 INFO  [worker_3] [09/24 2401001090103] HTTP GET scheme report (Extra_plnDept.aspx) START
2026-10-07 05:10:52.472 INFO  [worker_3] [09/24 2401001090103] HTTP GET scheme report (Extra_plnDept.aspx) END status=200 bytes=158538 elapsed=3.30s redirects=1 final=ExpTreas.aspx
2026-10-07 05:14:05.998 INFO  [worker_1] [08/24 2401001070400] PARSE report table: columns=9 district_rows=10 fin_year=2026-2027 months={'prev_month': 'September', 'current_month': 'October'}
2026-10-07 05:14:06.022 INFO  [worker_1] [08/24 2401001070400] VALIDATE ok status=ok rows=10
2026-10-07 05:14:06.165 INFO  [worker_2] [10/24 2401001090104] HTTP GET scheme report (Extra_plnDept.aspx) START
2026-10-07 05:14:12.280 INFO  [worker_1] [08/24 2401001070400] FILE WRITE agri-011-2401001070400.json 3613 bytes 328 ms (status=ok, rows=10)
2026-10-07 05:14:12.477 INFO  [worker_1] [08/24 2401001070400] STATUS UPDATE scheme=2401001070400 status=1 attempts=1 remark='' [crawler_status.json 2366 bytes, 195 ms]
2026-10-07 05:14:12.493 INFO  [worker_1] [08/24 2401001070400] Attempt 1/3 succeeded in 63.55s
2026-10-07 05:14:12.505 INFO  [worker_1] [08/24 2401001070400] SCHEME DONE status=1 attempts=1 elapsed=63.57s worker=worker_1
2026-10-07 05:14:12.519 INFO  [worker_1] [11/24 2401001090105] SCHEME START नेशनल मिशन ऑन एग्रीकल्चर एक्सटेंशन एण्ड टेक्नोलाजी (एन.एम.ए.ई.टी.) के अर्न्तगत नेशनल ई-गर्वनेन्स प्रोग्राम (के.60/रा.40-के.+ रा.) (Grant 011) (worker=worker_1)
2026-10-07 05:14:12.528 INFO  [worker_1] [11/24 2401001090105] Attempt 1/3 START
2026-10-07 05:14:12.615 INFO  [worker_1] [11/24 2401001090105] HTTP GET main page (KoshvaniStatic.aspx) START
2026-10-07 05:14:12.619 INFO  [worker_3] [09/24 2401001090103] PARSE report table: columns=9 district_rows=3 fin_year=2026-2027 months={'prev_month': 'September', 'current_month': 'October'}
2026-10-07 05:14:12.631 INFO  [worker_3] [09/24 2401001090103] VALIDATE ok status=ok rows=3
2026-10-07 05:14:12.701 INFO  [worker_3] [09/24 2401001090103] FILE WRITE agri-011-2401001090103.json 2059 bytes 57 ms (status=ok, rows=3)
2026-10-07 05:14:12.752 INFO  [worker_3] [09/24 2401001090103] STATUS UPDATE scheme=2401001090103 status=1 attempts=1 remark='' [crawler_status.json 2366 bytes, 43 ms]
2026-10-07 05:14:12.761 INFO  [worker_3] [09/24 2401001090103] Attempt 1/3 succeeded in 59.56s
2026-10-07 05:14:12.779 INFO  [worker_3] [09/24 2401001090103] SCHEME DONE status=1 attempts=1 elapsed=61.62s worker=worker_3
2026-10-07 05:14:12.786 INFO  [worker_3] [12/24 2401001090300] SCHEME START कृषि प्रसार प्रायोजना तथा प्रदर्शनियां (Grant 011) (worker=worker_3)
2026-10-07 05:14:12.795 INFO  [worker_3] [12/24 2401001090300] Start stagger: waiting 4.5s so workers do not hit the portal together
2026-10-07 05:14:13.423 INFO  [worker_1] [11/24 2401001090105] HTTP GET main page (KoshvaniStatic.aspx) END status=200 bytes=32533 elapsed=0.76s
2026-10-07 05:14:13.681 INFO  [worker_1] [11/24 2401001090105] HTTP GET grant list (ExpGrant.aspx) START
2026-10-07 05:14:13.809 INFO  [MainThread] FILE WRITE index.json 14350 bytes 69 ms | overall=RUNNING successful=7 failed=0 unprocessed=17
2026-10-07 05:14:13.935 INFO  [worker_0] [07/24 2401001070300] PARSE report table: columns=9 district_rows=17 fin_year=2026-2027 months={'prev_month': 'September', 'current_month': 'October'}
2026-10-07 05:14:13.936 INFO  [worker_0] [07/24 2401001070300] VALIDATE ok status=ok rows=17
2026-10-07 05:14:13.949 INFO  [worker_0] [07/24 2401001070300] FILE WRITE agri-011-2401001070300.json 5067 bytes 6 ms (status=ok, rows=17)
2026-10-07 05:14:13.956 INFO  [worker_0] [07/24 2401001070300] STATUS UPDATE scheme=2401001070300 status=1 attempts=1 remark='' [crawler_status.json 2366 bytes, 6 ms]
2026-10-07 05:14:13.957 INFO  [worker_0] [07/24 2401001070300] Attempt 1/3 succeeded in 70.36s
2026-10-07 05:14:13.957 INFO  [worker_0] [07/24 2401001070300] SCHEME DONE status=1 attempts=1 elapsed=70.41s worker=worker_0
2026-10-07 05:14:13.957 INFO  [worker_0] [13/24 2401001090700] SCHEME START कृषि उत्पादन में वृद्धि के लिए कृषि प्रसार, कृषि निवेश तथा तकनीकी प्रबंधन (Grant 011) (worker=worker_0)
2026-10-07 05:14:13.958 INFO  [worker_0] [13/24 2401001090700] Start stagger: waiting 8.0s so workers do not hit the portal together
2026-10-07 05:14:13.985 INFO  [MainThread] FILE WRITE index.json 14350 bytes 8 ms | overall=RUNNING successful=8 failed=0 unprocessed=16
2026-10-07 05:14:13.999 INFO  [MainThread] FILE WRITE index.json 14350 bytes 4 ms | overall=RUNNING successful=9 failed=0 unprocessed=15
2026-10-07 05:14:14.052 INFO  [worker_1] [11/24 2401001090105] HTTP GET grant list (ExpGrant.aspx) END status=200 bytes=112705 elapsed=0.37s
2026-10-07 05:14:14.579 INFO  [worker_1] [11/24 2401001090105] HTTP GET scheme list (Extra_plnDept.aspx) START
2026-10-07 05:14:14.816 INFO  [worker_2] [10/24 2401001090104] HTTP GET scheme report (Extra_plnDept.aspx) END status=200 bytes=87485 elapsed=2.67s redirects=1 final=ExpTreas.aspx
2026-10-07 05:14:15.019 INFO  [worker_2] [10/24 2401001090104] PARSE report table: columns=9 district_rows=1 fin_year=2026-2027 months={'prev_month': 'September', 'current_month': 'October'}
2026-10-07 05:14:15.020 INFO  [worker_2] [10/24 2401001090104] VALIDATE ok status=ok rows=1
2026-10-07 05:14:15.033 INFO  [worker_2] [10/24 2401001090104] FILE WRITE agri-011-2401001090104.json 1513 bytes 7 ms (status=ok, rows=1)
2026-10-07 05:14:15.036 INFO  [worker_2] [10/24 2401001090104] STATUS UPDATE scheme=2401001090104 status=1 attempts=1 remark='' [crawler_status.json 2366 bytes, 2 ms]
2026-10-07 05:14:15.036 INFO  [worker_2] [10/24 2401001090104] Attempt 1/3 succeeded in 56.90s
2026-10-07 05:14:15.037 INFO  [worker_2] [10/24 2401001090104] SCHEME DONE status=1 attempts=1 elapsed=61.47s worker=worker_2
2026-10-07 05:14:15.037 INFO  [worker_2] [14/24 2401001090900] SCHEME START प्रशिक्षित कृषि उद्यमी स्वावलंबन योजना (Grant 011) (worker=worker_2)
2026-10-07 05:14:15.038 INFO  [worker_2] [14/24 2401001090900] Start stagger: waiting 12.9s so workers do not hit the portal together
2026-10-07 05:14:15.049 INFO  [MainThread] FILE WRITE index.json 14351 bytes 4 ms | overall=RUNNING successful=10 failed=0 unprocessed=14
2026-10-07 05:14:21.913 INFO  [worker_1] [11/24 2401001090105] HTTP GET scheme list (Extra_plnDept.aspx) END status=200 bytes=726751 elapsed=2.09s redirects=1 final=ExpHead.aspx
2026-10-07 05:14:22.690 INFO  [worker_3] [12/24 2401001090300] Attempt 1/3 START
2026-10-07 05:14:24.362 INFO  [worker_3] [12/24 2401001090300] HTTP GET main page (KoshvaniStatic.aspx) START
2026-10-07 05:14:25.212 INFO  [worker_3] [12/24 2401001090300] HTTP GET main page (KoshvaniStatic.aspx) END status=200 bytes=32533 elapsed=0.83s
2026-10-07 05:14:46.343 INFO  [worker_3] [12/24 2401001090300] HTTP GET grant list (ExpGrant.aspx) START
2026-10-07 05:14:46.786 INFO  [worker_3] [12/24 2401001090300] HTTP GET grant list (ExpGrant.aspx) END status=200 bytes=112705 elapsed=0.43s
2026-10-07 05:14:47.239 INFO  [worker_1] [11/24 2401001090105] HTTP GET scheme report (Extra_plnDept.aspx) START
2026-10-07 05:14:47.474 INFO  [worker_3] [12/24 2401001090300] HTTP GET scheme list (Extra_plnDept.aspx) START
2026-10-07 05:14:48.996 INFO  [worker_0] [13/24 2401001090700] Attempt 1/3 START
2026-10-07 05:14:49.021 INFO  [worker_0] [13/24 2401001090700] HTTP GET main page (KoshvaniStatic.aspx) START
2026-10-07 05:14:49.616 INFO  [worker_0] [13/24 2401001090700] HTTP GET main page (KoshvaniStatic.aspx) END status=200 bytes=32533 elapsed=0.59s
2026-10-07 05:14:49.674 INFO  [worker_0] [13/24 2401001090700] HTTP GET grant list (ExpGrant.aspx) START
2026-10-07 05:14:49.970 INFO  [worker_0] [13/24 2401001090700] HTTP GET grant list (ExpGrant.aspx) END status=200 bytes=112705 elapsed=0.29s
2026-10-07 05:14:50.215 INFO  [worker_0] [13/24 2401001090700] HTTP GET scheme list (Extra_plnDept.aspx) START
2026-10-07 05:14:50.978 INFO  [worker_1] [11/24 2401001090105] HTTP GET scheme report (Extra_plnDept.aspx) END status=200 bytes=174728 elapsed=3.74s redirects=1 final=ExpTreas.aspx
2026-10-07 05:14:51.472 INFO  [worker_1] [11/24 2401001090105] PARSE report table: columns=9 district_rows=3 fin_year=2026-2027 months={'prev_month': 'September', 'current_month': 'October'}
2026-10-07 05:14:51.473 INFO  [worker_1] [11/24 2401001090105] VALIDATE ok status=ok rows=3
2026-10-07 05:14:51.487 INFO  [worker_1] [11/24 2401001090105] FILE WRITE agri-011-2401001090105.json 2148 bytes 8 ms (status=ok, rows=3)
2026-10-07 05:14:51.490 INFO  [worker_1] [11/24 2401001090105] STATUS UPDATE scheme=2401001090105 status=1 attempts=1 remark='' [crawler_status.json 2366 bytes, 2 ms]
2026-10-07 05:14:51.490 INFO  [worker_1] [11/24 2401001090105] Attempt 1/3 succeeded in 11.87s
2026-10-07 05:14:51.490 INFO  [worker_1] [11/24 2401001090105] SCHEME DONE status=1 attempts=1 elapsed=11.90s worker=worker_1
2026-10-07 05:14:51.491 INFO  [worker_1] [15/24 2401001130104] SCHEME START प्रमोशन ऑफ एग्रीमल्चर मैकेनाइजेशन फार इनसीटू मैनेजमेंट ऑफ क्राप रेजडयू (CRM) (के.60/रा.40-के.+ रा.) (Grant 011) (worker=worker_1)
2026-10-07 05:14:51.492 INFO  [worker_1] [15/24 2401001130104] Start stagger: waiting 7.5s so workers do not hit the portal together
2026-10-07 05:14:51.503 INFO  [MainThread] FILE WRITE index.json 14351 bytes 3 ms | overall=RUNNING successful=11 failed=0 unprocessed=13
2026-10-07 05:14:55.070 INFO  [worker_3] [12/24 2401001090300] HTTP GET scheme list (Extra_plnDept.aspx) END status=200 bytes=726751 elapsed=6.50s redirects=1 final=ExpHead.aspx
2026-10-07 05:14:57.197 INFO  [worker_2] [14/24 2401001090900] Attempt 1/3 START
2026-10-07 05:14:57.239 INFO  [worker_2] [14/24 2401001090900] HTTP GET main page (KoshvaniStatic.aspx) START
2026-10-07 05:14:57.919 INFO  [worker_0] [13/24 2401001090700] HTTP GET scheme list (Extra_plnDept.aspx) END status=200 bytes=726751 elapsed=5.45s redirects=1 final=ExpHead.aspx
2026-10-07 05:15:00.042 INFO  [worker_2] [14/24 2401001090900] HTTP GET main page (KoshvaniStatic.aspx) END status=200 bytes=32533 elapsed=2.80s
2026-10-07 05:15:12.384 INFO  [worker_2] [14/24 2401001090900] HTTP GET grant list (ExpGrant.aspx) START
2026-10-07 05:15:25.920 INFO  [worker_1] [15/24 2401001130104] Attempt 1/3 START
2026-10-07 05:15:25.991 INFO  [worker_1] [15/24 2401001130104] HTTP GET main page (KoshvaniStatic.aspx) START
2026-10-07 05:15:26.288 INFO  [worker_2] [14/24 2401001090900] HTTP GET grant list (ExpGrant.aspx) END status=200 bytes=112705 elapsed=0.78s
2026-10-07 05:15:27.020 INFO  [worker_1] [15/24 2401001130104] HTTP GET main page (KoshvaniStatic.aspx) END status=200 bytes=32533 elapsed=1.02s
2026-10-07 05:16:05.905 INFO  [worker_1] [15/24 2401001130104] HTTP GET grant list (ExpGrant.aspx) START
2026-10-07 05:16:06.559 INFO  [worker_1] [15/24 2401001130104] HTTP GET grant list (ExpGrant.aspx) END status=200 bytes=112705 elapsed=0.62s
2026-10-07 05:16:21.252 INFO  [worker_2] [14/24 2401001090900] HTTP GET scheme list (Extra_plnDept.aspx) START
2026-10-07 05:16:33.181 INFO  [worker_3] [12/24 2401001090300] HTTP GET scheme report (Extra_plnDept.aspx) START
2026-10-07 05:16:33.735 INFO  [worker_1] [15/24 2401001130104] HTTP GET scheme list (Extra_plnDept.aspx) START
2026-10-07 05:16:39.580 INFO  [worker_0] [13/24 2401001090700] HTTP GET scheme report (Extra_plnDept.aspx) START
2026-10-07 05:16:40.555 INFO  [worker_2] [14/24 2401001090900] HTTP GET scheme list (Extra_plnDept.aspx) END status=200 bytes=726751 elapsed=4.19s redirects=1 final=ExpHead.aspx
2026-10-07 05:16:41.105 INFO  [worker_1] [15/24 2401001130104] HTTP GET scheme list (Extra_plnDept.aspx) END status=200 bytes=726751 elapsed=3.42s redirects=1 final=ExpHead.aspx
2026-10-07 05:16:47.454 INFO  [worker_2] [14/24 2401001090900] HTTP GET scheme report (Extra_plnDept.aspx) START
2026-10-07 05:16:48.054 INFO  [worker_1] [15/24 2401001130104] HTTP GET scheme report (Extra_plnDept.aspx) START
2026-10-07 05:16:48.359 INFO  [worker_0] [13/24 2401001090700] HTTP GET scheme report (Extra_plnDept.aspx) END status=200 bytes=249901 elapsed=8.78s redirects=1 final=ExpTreas.aspx
2026-10-07 05:16:49.178 INFO  [worker_0] [13/24 2401001090700] PARSE report table: columns=9 district_rows=5 fin_year=2026-2027 months={'prev_month': 'September', 'current_month': 'October'}
2026-10-07 05:16:49.180 INFO  [worker_0] [13/24 2401001090700] VALIDATE ok status=ok rows=5
2026-10-07 05:16:49.193 INFO  [worker_0] [13/24 2401001090700] FILE WRITE agri-011-2401001090700.json 2382 bytes 8 ms (status=ok, rows=5)
2026-10-07 05:16:49.196 INFO  [worker_0] [13/24 2401001090700] STATUS UPDATE scheme=2401001090700 status=1 attempts=1 remark='' [crawler_status.json 2366 bytes, 2 ms]
2026-10-07 05:16:49.196 INFO  [worker_0] [13/24 2401001090700] Attempt 1/3 succeeded in 26.74s
2026-10-07 05:16:49.196 INFO  [worker_0] [13/24 2401001090700] SCHEME DONE status=1 attempts=1 elapsed=34.76s worker=worker_0
2026-10-07 05:16:49.197 INFO  [worker_0] [16/24 2401001140101] SCHEME START नेशनल फूड सिक्योरिटी मिशन (ओ0एस0 / टी0बी0ओ0) (के.60/रा.40-के.+ रा.) (Grant 011) (worker=worker_0)
2026-10-07 05:16:49.197 INFO  [worker_0] [16/24 2401001140101] Attempt 1/3 START
2026-10-07 05:16:49.207 INFO  [MainThread] FILE WRITE index.json 14351 bytes 3 ms | overall=RUNNING successful=12 failed=0 unprocessed=12
2026-10-07 05:16:49.220 INFO  [worker_0] [16/24 2401001140101] HTTP GET main page (KoshvaniStatic.aspx) START
2026-10-07 05:16:50.226 INFO  [worker_0] [16/24 2401001140101] HTTP GET main page (KoshvaniStatic.aspx) END status=200 bytes=32533 elapsed=1.00s
2026-10-07 05:16:50.287 INFO  [worker_0] [16/24 2401001140101] HTTP GET grant list (ExpGrant.aspx) START
2026-10-07 05:16:50.295 INFO  [worker_2] [14/24 2401001090900] HTTP GET scheme report (Extra_plnDept.aspx) END status=200 bytes=118186 elapsed=2.83s redirects=1 final=ExpTreas.aspx
2026-10-07 05:16:50.636 INFO  [worker_1] [15/24 2401001130104] HTTP GET scheme report (Extra_plnDept.aspx) END status=200 bytes=120771 elapsed=2.58s redirects=1 final=ExpTreas.aspx
2026-10-07 05:16:50.715 INFO  [worker_2] [14/24 2401001090900] PARSE report table: columns=9 district_rows=2 fin_year=2026-2027 months={'prev_month': 'September', 'current_month': 'October'}
2026-10-07 05:16:50.722 INFO  [worker_2] [14/24 2401001090900] VALIDATE ok status=ok rows=2
2026-10-07 05:16:50.790 INFO  [worker_2] [14/24 2401001090900] FILE WRITE agri-011-2401001090900.json 1509 bytes 56 ms (status=ok, rows=2)
2026-10-07 05:16:50.839 INFO  [worker_2] [14/24 2401001090900] STATUS UPDATE scheme=2401001090900 status=1 attempts=1 remark='' [crawler_status.json 2366 bytes, 48 ms]
2026-10-07 05:16:50.851 INFO  [worker_2] [14/24 2401001090900] Attempt 1/3 succeeded in 22.44s
2026-10-07 05:16:50.858 INFO  [worker_2] [14/24 2401001090900] SCHEME DONE status=1 attempts=1 elapsed=35.38s worker=worker_2
2026-10-07 05:16:50.866 INFO  [worker_2] [17/24 2401001140300] SCHEME START तिलहन बीज मिनीकिट वितरण योजना (Grant 011) (worker=worker_2)
2026-10-07 05:16:50.873 INFO  [worker_2] [17/24 2401001140300] Start stagger: waiting 2.6s so workers do not hit the portal together
2026-10-07 05:16:51.219 INFO  [worker_1] [15/24 2401001130104] PARSE report table: columns=9 district_rows=2 fin_year=2026-2027 months={'prev_month': 'September', 'current_month': 'October'}
2026-10-07 05:16:51.220 INFO  [worker_1] [15/24 2401001130104] VALIDATE ok status=ok rows=2
2026-10-07 05:16:51.238 INFO  [worker_1] [15/24 2401001130104] FILE WRITE agri-011-2401001130104.json 1641 bytes 11 ms (status=ok, rows=2)
2026-10-07 05:16:51.244 INFO  [worker_1] [15/24 2401001130104] STATUS UPDATE scheme=2401001130104 status=1 attempts=1 remark='' [crawler_status.json 2366 bytes, 5 ms]
2026-10-07 05:16:51.244 INFO  [worker_1] [15/24 2401001130104] Attempt 1/3 succeeded in 18.83s
2026-10-07 05:16:51.245 INFO  [worker_1] [15/24 2401001130104] SCHEME DONE status=1 attempts=1 elapsed=26.30s worker=worker_1
2026-10-07 05:16:51.245 INFO  [worker_1] [18/24 2401008000203] SCHEME START कृषि विकास योजनायें (के.60/रा.40-के.) (Grant 011) (worker=worker_1)
2026-10-07 05:16:51.245 INFO  [worker_1] [18/24 2401008000203] Start stagger: waiting 6.3s so workers do not hit the portal together
2026-10-07 05:16:51.264 INFO  [MainThread] FILE WRITE index.json 14351 bytes 8 ms | overall=RUNNING successful=13 failed=0 unprocessed=11
2026-10-07 05:16:51.288 INFO  [MainThread] FILE WRITE index.json 14351 bytes 7 ms | overall=RUNNING successful=14 failed=0 unprocessed=10
2026-10-07 05:16:51.544 INFO  [worker_0] [16/24 2401001140101] HTTP GET grant list (ExpGrant.aspx) END status=200 bytes=112705 elapsed=1.25s
2026-10-07 05:16:51.799 INFO  [worker_0] [16/24 2401001140101] HTTP GET scheme list (Extra_plnDept.aspx) START
2026-10-07 05:16:52.334 INFO  [worker_3] [12/24 2401001090300] HTTP GET scheme report (Extra_plnDept.aspx) END status=200 bytes=579178 elapsed=15.14s redirects=1 final=ExpTreas.aspx
2026-10-07 05:16:58.244 INFO  [worker_2] [17/24 2401001140300] Attempt 1/3 START
2026-10-07 05:16:58.307 INFO  [worker_2] [17/24 2401001140300] HTTP GET main page (KoshvaniStatic.aspx) START
2026-10-07 05:16:59.127 INFO  [worker_2] [17/24 2401001140300] HTTP GET main page (KoshvaniStatic.aspx) END status=200 bytes=32533 elapsed=0.81s
2026-10-07 05:16:59.617 INFO  [worker_2] [17/24 2401001140300] HTTP GET grant list (ExpGrant.aspx) START
2026-10-07 05:16:59.660 INFO  [worker_0] [16/24 2401001140101] HTTP GET scheme list (Extra_plnDept.aspx) END status=200 bytes=726751 elapsed=3.13s redirects=1 final=ExpHead.aspx
2026-10-07 05:17:02.244 INFO  [worker_1] [18/24 2401008000203] Attempt 1/3 START
2026-10-07 05:17:02.288 INFO  [worker_1] [18/24 2401008000203] HTTP GET main page (KoshvaniStatic.aspx) START
2026-10-07 05:17:03.107 INFO  [worker_1] [18/24 2401008000203] HTTP GET main page (KoshvaniStatic.aspx) END status=200 bytes=32533 elapsed=0.81s
2026-10-07 05:17:03.477 INFO  [worker_2] [17/24 2401001140300] HTTP GET grant list (ExpGrant.aspx) END status=200 bytes=112705 elapsed=3.85s
2026-10-07 05:17:03.671 INFO  [worker_1] [18/24 2401008000203] HTTP GET grant list (ExpGrant.aspx) START
2026-10-07 05:17:04.209 INFO  [worker_3] [12/24 2401001090300] PARSE report table: columns=9 district_rows=15 fin_year=2026-2027 months={'prev_month': 'September', 'current_month': 'October'}
2026-10-07 05:17:04.238 INFO  [worker_3] [12/24 2401001090300] VALIDATE ok status=ok rows=15
2026-10-07 05:17:04.252 INFO  [worker_1] [18/24 2401008000203] HTTP GET grant list (ExpGrant.aspx) END status=200 bytes=112705 elapsed=0.55s
2026-10-07 05:17:04.485 INFO  [worker_3] [12/24 2401001090300] FILE WRITE agri-011-2401001090300.json 4490 bytes 186 ms (status=ok, rows=15)
2026-10-07 05:17:04.699 INFO  [worker_3] [12/24 2401001090300] STATUS UPDATE scheme=2401001090300 status=1 attempts=1 remark='' [crawler_status.json 2366 bytes, 197 ms]
2026-10-07 05:17:04.716 INFO  [worker_3] [12/24 2401001090300] Attempt 1/3 succeeded in 42.10s
2026-10-07 05:17:04.743 INFO  [worker_3] [12/24 2401001090300] SCHEME DONE status=1 attempts=1 elapsed=46.68s worker=worker_3
2026-10-07 05:17:04.756 INFO  [worker_3] [19/24 2401008000400] SCHEME START कृषि क्षेत्र की क्षमता एवं कौशल विकास तथा उत्पादन वृद्धि की योजना (Grant 011) (worker=worker_3)
2026-10-07 05:17:04.768 INFO  [worker_3] [19/24 2401008000400] Start stagger: waiting 1.7s so workers do not hit the portal together
2026-10-07 05:17:15.404 INFO  [worker_2] [17/24 2401001140300] HTTP GET scheme list (Extra_plnDept.aspx) START
2026-10-07 05:17:16.162 INFO  [worker_3] [19/24 2401008000400] Attempt 1/3 START
2026-10-07 05:17:16.797 INFO  [worker_3] [19/24 2401008000400] HTTP GET main page (KoshvaniStatic.aspx) START
2026-10-07 05:17:17.543 INFO  [MainThread] FILE WRITE index.json 14350 bytes 161 ms | overall=RUNNING successful=15 failed=0 unprocessed=9
2026-10-07 05:17:17.811 INFO  [worker_1] [18/24 2401008000203] HTTP GET scheme list (Extra_plnDept.aspx) START
2026-10-07 05:17:18.225 INFO  [worker_3] [19/24 2401008000400] HTTP GET main page (KoshvaniStatic.aspx) END status=200 bytes=32533 elapsed=1.43s
2026-10-07 05:17:19.132 INFO  [worker_3] [19/24 2401008000400] HTTP GET grant list (ExpGrant.aspx) START
2026-10-07 05:17:19.355 INFO  [worker_0] [16/24 2401001140101] HTTP GET scheme report (Extra_plnDept.aspx) START
2026-10-07 05:17:20.225 INFO  [worker_3] [19/24 2401008000400] HTTP GET grant list (ExpGrant.aspx) END status=200 bytes=112705 elapsed=1.04s
2026-10-07 05:17:20.490 INFO  [worker_3] [19/24 2401008000400] HTTP GET scheme list (Extra_plnDept.aspx) START
2026-10-07 05:17:22.972 INFO  [worker_0] [16/24 2401001140101] HTTP GET scheme report (Extra_plnDept.aspx) END status=200 bytes=126316 elapsed=3.57s redirects=1 final=ExpTreas.aspx
2026-10-07 05:17:23.342 INFO  [worker_0] [16/24 2401001140101] PARSE report table: columns=9 district_rows=2 fin_year=2026-2027 months={'prev_month': 'September', 'current_month': 'October'}
2026-10-07 05:17:23.343 INFO  [worker_0] [16/24 2401001140101] VALIDATE ok status=ok rows=2
2026-10-07 05:17:23.352 INFO  [worker_0] [16/24 2401001140101] FILE WRITE agri-011-2401001140101.json 1642 bytes 3 ms (status=ok, rows=2)
2026-10-07 05:17:23.354 INFO  [worker_0] [16/24 2401001140101] STATUS UPDATE scheme=2401001140101 status=1 attempts=1 remark='' [crawler_status.json 2366 bytes, 2 ms]
2026-10-07 05:17:23.355 INFO  [worker_0] [16/24 2401001140101] Attempt 1/3 succeeded in 19.16s
2026-10-07 05:17:23.355 INFO  [worker_0] [16/24 2401001140101] SCHEME DONE status=1 attempts=1 elapsed=19.16s worker=worker_0
2026-10-07 05:17:23.355 INFO  [worker_0] [20/24 2402001020109] SCHEME START नेशनल प्रोजेक्ट ऑन स्वायल हेल्थ फर्टिलिटी (के.60/रा.40-के.+ रा.) (Grant 011) (worker=worker_0)
2026-10-07 05:17:23.356 INFO  [worker_0] [20/24 2402001020109] Attempt 1/3 START
2026-10-07 05:17:23.381 INFO  [worker_0] [20/24 2402001020109] HTTP GET main page (KoshvaniStatic.aspx) START
2026-10-07 05:17:23.390 INFO  [MainThread] FILE WRITE index.json 14350 bytes 4 ms | overall=RUNNING successful=16 failed=0 unprocessed=8
2026-10-07 05:17:24.040 INFO  [worker_0] [20/24 2402001020109] HTTP GET main page (KoshvaniStatic.aspx) END status=200 bytes=32533 elapsed=0.66s
2026-10-07 05:17:24.096 INFO  [worker_0] [20/24 2402001020109] HTTP GET grant list (ExpGrant.aspx) START
2026-10-07 05:17:24.891 INFO  [worker_0] [20/24 2402001020109] HTTP GET grant list (ExpGrant.aspx) END status=200 bytes=112705 elapsed=0.79s
2026-10-07 05:17:25.225 INFO  [worker_0] [20/24 2402001020109] HTTP GET scheme list (Extra_plnDept.aspx) START
2026-10-07 05:17:25.798 INFO  [worker_1] [18/24 2401008000203] HTTP GET scheme list (Extra_plnDept.aspx) END status=200 bytes=726751 elapsed=7.69s redirects=1 final=ExpHead.aspx
2026-10-07 05:17:27.206 INFO  [worker_2] [17/24 2401001140300] HTTP GET scheme list (Extra_plnDept.aspx) END status=200 bytes=726751 elapsed=10.81s redirects=1 final=ExpHead.aspx
2026-10-07 05:17:29.747 INFO  [worker_3] [19/24 2401008000400] HTTP GET scheme list (Extra_plnDept.aspx) END status=200 bytes=726751 elapsed=9.26s redirects=1 final=ExpHead.aspx
2026-10-07 05:17:30.918 INFO  [worker_1] [18/24 2401008000203] HTTP GET scheme report (Extra_plnDept.aspx) START
2026-10-07 05:17:32.840 INFO  [worker_0] [20/24 2402001020109] HTTP GET scheme list (Extra_plnDept.aspx) END status=200 bytes=726751 elapsed=7.61s redirects=1 final=ExpHead.aspx
2026-10-07 05:17:37.490 INFO  [worker_1] [18/24 2401008000203] HTTP GET scheme report (Extra_plnDept.aspx) END status=200 bytes=164179 elapsed=3.51s redirects=1 final=ExpTreas.aspx
2026-10-07 05:22:06.675 INFO  [worker_1] [18/24 2401008000203] PARSE report table: columns=9 district_rows=3 fin_year=2026-2027 months={'prev_month': 'September', 'current_month': 'October'}
2026-10-07 05:22:06.714 INFO  [worker_1] [18/24 2401008000203] VALIDATE ok status=ok rows=3
2026-10-07 05:22:06.956 INFO  [worker_1] [18/24 2401008000203] FILE WRITE agri-011-2401008000203.json 1809 bytes 168 ms (status=ok, rows=3)
2026-10-07 05:22:10.358 INFO  [worker_1] [18/24 2401008000203] STATUS UPDATE scheme=2401008000203 status=1 attempts=1 remark='' [crawler_status.json 2366 bytes, 509 ms]
2026-10-07 05:22:10.381 INFO  [worker_1] [18/24 2401008000203] Attempt 1/3 succeeded in 35.36s
2026-10-07 05:22:10.424 INFO  [worker_1] [18/24 2401008000203] SCHEME DONE status=1 attempts=1 elapsed=41.64s worker=worker_1
2026-10-07 05:22:10.436 INFO  [worker_1] [21/24 2402001020111] SCHEME START नेशनल मिशन ऑन नेचुरल फार्मिग (के.60/रा.40-के.+ रा.) (Grant 011) (worker=worker_1)
2026-10-07 05:22:11.050 INFO  [worker_1] [21/24 2402001020111] Attempt 1/3 START
2026-10-07 05:22:11.124 INFO  [worker_1] [21/24 2402001020111] HTTP GET main page (KoshvaniStatic.aspx) START
2026-10-07 05:22:12.205 INFO  [worker_1] [21/24 2402001020111] HTTP GET main page (KoshvaniStatic.aspx) END status=200 bytes=32533 elapsed=1.08s
2026-10-07 05:22:12.644 INFO  [worker_1] [21/24 2402001020111] HTTP GET grant list (ExpGrant.aspx) START
2026-10-07 05:22:13.392 INFO  [worker_1] [21/24 2402001020111] HTTP GET grant list (ExpGrant.aspx) END status=200 bytes=112705 elapsed=0.71s
2026-10-07 05:22:13.907 INFO  [MainThread] FILE WRITE index.json 14351 bytes 379 ms | overall=RUNNING successful=17 failed=0 unprocessed=7
2026-10-07 05:23:27.540 INFO  [worker_2] [17/24 2401001140300] HTTP GET scheme report (Extra_plnDept.aspx) START
2026-10-07 05:23:50.598 INFO  [worker_1] [21/24 2402001020111] HTTP GET scheme list (Extra_plnDept.aspx) START
2026-10-07 05:23:52.521 INFO  [worker_2] [17/24 2401001140300] HTTP GET scheme report (Extra_plnDept.aspx) END status=200 bytes=91189 elapsed=3.53s redirects=1 final=ExpTreas.aspx
2026-10-07 05:23:58.526 INFO  [worker_3] [19/24 2401008000400] HTTP GET scheme report (Extra_plnDept.aspx) START
2026-10-07 05:23:59.246 INFO  [worker_2] [17/24 2401001140300] PARSE report table: columns=9 district_rows=1 fin_year=2026-2027 months={'prev_month': 'September', 'current_month': 'October'}
2026-10-07 05:23:59.262 INFO  [worker_2] [17/24 2401001140300] VALIDATE ok status=ok rows=1
2026-10-07 05:23:59.313 INFO  [worker_1] [21/24 2402001020111] HTTP GET scheme list (Extra_plnDept.aspx) END status=200 bytes=726751 elapsed=3.93s redirects=1 final=ExpHead.aspx
2026-10-07 05:23:59.875 INFO  [worker_2] [17/24 2401001140300] FILE WRITE agri-011-2401001140300.json 1379 bytes 340 ms (status=ok, rows=1)
2026-10-07 05:24:01.596 INFO  [worker_2] [17/24 2401001140300] STATUS UPDATE scheme=2401001140300 status=1 attempts=1 remark='' [crawler_status.json 2366 bytes, 448 ms]
2026-10-07 05:24:01.607 INFO  [worker_2] [17/24 2401001140300] Attempt 1/3 succeeded in 53.60s
2026-10-07 05:24:01.615 INFO  [worker_2] [17/24 2401001140300] SCHEME DONE status=1 attempts=1 elapsed=56.26s worker=worker_2
2026-10-07 05:24:01.622 INFO  [worker_2] [22/24 4401001030300] SCHEME START प्रयोगात्मक प्रक्षेत्र प्रदर्शन और बीज वर्द्धन प्रक्षेत्र (जिला योजना) (Grant 011) (worker=worker_2)
2026-10-07 05:24:01.636 INFO  [worker_2] [22/24 4401001030300] Attempt 1/3 START
2026-10-07 05:24:01.641 INFO  [worker_0] [20/24 2402001020109] HTTP GET scheme report (Extra_plnDept.aspx) START
2026-10-07 05:24:01.697 INFO  [worker_2] [22/24 4401001030300] HTTP GET main page (KoshvaniStatic.aspx) START
2026-10-07 05:24:02.116 INFO  [worker_3] [19/24 2401008000400] HTTP GET scheme report (Extra_plnDept.aspx) END status=200 bytes=109468 elapsed=2.06s redirects=1 final=ExpTreas.aspx
2026-10-07 05:24:02.603 INFO  [worker_2] [22/24 4401001030300] HTTP GET main page (KoshvaniStatic.aspx) END status=200 bytes=32533 elapsed=0.90s
2026-10-07 05:24:03.010 INFO  [worker_2] [22/24 4401001030300] HTTP GET grant list (ExpGrant.aspx) START
2026-10-07 05:24:03.427 INFO  [MainThread] FILE WRITE index.json 14351 bytes 194 ms | overall=RUNNING successful=18 failed=0 unprocessed=6
2026-10-07 05:24:03.592 INFO  [worker_2] [22/24 4401001030300] HTTP GET grant list (ExpGrant.aspx) END status=200 bytes=112705 elapsed=0.56s
2026-10-07 05:24:03.880 INFO  [worker_3] [19/24 2401008000400] PARSE report table: columns=9 district_rows=2 fin_year=2026-2027 months={'prev_month': 'September', 'current_month': 'October'}
2026-10-07 05:24:03.904 INFO  [worker_3] [19/24 2401008000400] VALIDATE ok status=ok rows=2
2026-10-07 05:24:04.101 INFO  [worker_3] [19/24 2401008000400] FILE WRITE agri-011-2401008000400.json 1666 bytes 150 ms (status=ok, rows=2)
2026-10-07 05:24:04.290 INFO  [worker_3] [19/24 2401008000400] STATUS UPDATE scheme=2401008000400 status=1 attempts=1 remark='' [crawler_status.json 2366 bytes, 153 ms]
2026-10-07 05:24:04.303 INFO  [worker_3] [19/24 2401008000400] Attempt 1/3 succeeded in 47.99s
2026-10-07 05:24:04.315 INFO  [worker_3] [19/24 2401008000400] SCHEME DONE status=1 attempts=1 elapsed=49.79s worker=worker_3
2026-10-07 05:24:04.327 INFO  [worker_3] [23/24 4401001030401] SCHEME START खाद्यान्न/दलहन/तिलहन/बीज की लागत और प्रासंगिक व्यय (Grant 011) (worker=worker_3)
2026-10-07 05:24:04.341 INFO  [worker_3] [23/24 4401001030401] Start stagger: waiting 1.4s so workers do not hit the portal together
2026-10-07 05:24:04.564 INFO  [worker_2] [22/24 4401001030300] HTTP GET scheme list (Extra_plnDept.aspx) START
2026-10-07 05:24:04.614 INFO  [worker_0] [20/24 2402001020109] HTTP GET scheme report (Extra_plnDept.aspx) END status=200 bytes=104442 elapsed=2.96s redirects=1 final=ExpTreas.aspx
2026-10-07 05:24:06.424 INFO  [worker_3] [23/24 4401001030401] Attempt 1/3 START
2026-10-07 05:24:06.725 INFO  [worker_3] [23/24 4401001030401] HTTP GET main page (KoshvaniStatic.aspx) START
2026-10-07 05:24:07.179 INFO  [MainThread] FILE WRITE index.json 14351 bytes 139 ms | overall=RUNNING successful=19 failed=0 unprocessed=5
2026-10-07 05:24:07.195 INFO  [worker_0] [20/24 2402001020109] PARSE report table: columns=9 district_rows=1 fin_year=2026-2027 months={'prev_month': 'September', 'current_month': 'October'}
2026-10-07 05:24:07.234 INFO  [worker_0] [20/24 2402001020109] VALIDATE ok status=ok rows=1
2026-10-07 05:24:07.312 INFO  [worker_0] [20/24 2402001020109] FILE WRITE agri-011-2402001020109.json 1353 bytes 55 ms (status=ok, rows=1)
2026-10-07 05:24:07.374 INFO  [worker_0] [20/24 2402001020109] STATUS UPDATE scheme=2402001020109 status=1 attempts=1 remark='' [crawler_status.json 2366 bytes, 56 ms]
2026-10-07 05:24:07.381 INFO  [worker_0] [20/24 2402001020109] Attempt 1/3 succeeded in 43.87s
2026-10-07 05:24:07.388 INFO  [worker_0] [20/24 2402001020109] SCHEME DONE status=1 attempts=1 elapsed=43.87s worker=worker_0
2026-10-07 05:24:07.395 INFO  [worker_0] [24/24 4401001030403] SCHEME START कपास और बिनोले के बीजों की लागत(प्रासंगिक व्यय सहित) (Grant 011) (worker=worker_0)
2026-10-07 05:24:07.409 INFO  [worker_0] [24/24 4401001030403] Start stagger: waiting 3.8s so workers do not hit the portal together
2026-10-07 05:24:07.711 INFO  [worker_3] [23/24 4401001030401] HTTP GET main page (KoshvaniStatic.aspx) END status=200 bytes=32533 elapsed=0.97s
2026-10-07 05:24:11.143 INFO  [worker_1] [21/24 2402001020111] HTTP GET scheme report (Extra_plnDept.aspx) START
2026-10-07 05:24:11.149 INFO  [worker_3] [23/24 4401001030401] HTTP GET grant list (ExpGrant.aspx) START
2026-10-07 05:24:11.249 INFO  [MainThread] FILE WRITE index.json 14351 bytes 92 ms | overall=RUNNING successful=20 failed=0 unprocessed=4
2026-10-07 05:24:11.749 INFO  [worker_3] [23/24 4401001030401] HTTP GET grant list (ExpGrant.aspx) END status=200 bytes=112705 elapsed=0.59s
2026-10-07 05:24:12.601 INFO  [worker_2] [22/24 4401001030300] HTTP GET scheme list (Extra_plnDept.aspx) END status=200 bytes=726751 elapsed=4.35s redirects=1 final=ExpHead.aspx
2026-10-07 05:24:14.119 INFO  [worker_3] [23/24 4401001030401] HTTP GET scheme list (Extra_plnDept.aspx) START
2026-10-07 05:24:14.233 INFO  [worker_1] [21/24 2402001020111] HTTP GET scheme report (Extra_plnDept.aspx) END status=200 bytes=121134 elapsed=1.56s redirects=1 final=ExpTreas.aspx
2026-10-07 05:24:18.690 INFO  [worker_0] [24/24 4401001030403] Attempt 1/3 START
2026-10-07 05:24:18.763 INFO  [worker_0] [24/24 4401001030403] HTTP GET main page (KoshvaniStatic.aspx) START
2026-10-07 05:24:20.621 INFO  [worker_1] [21/24 2402001020111] PARSE report table: columns=9 district_rows=2 fin_year=2026-2027 months={'prev_month': 'September', 'current_month': 'October'}
2026-10-07 05:24:20.622 INFO  [worker_1] [21/24 2402001020111] VALIDATE ok status=ok rows=2
2026-10-07 05:24:20.744 INFO  [worker_1] [21/24 2402001020111] FILE WRITE agri-011-2402001020111.json 1534 bytes 99 ms (status=ok, rows=2)
2026-10-07 05:24:20.879 INFO  [worker_1] [21/24 2402001020111] STATUS UPDATE scheme=2402001020111 status=1 attempts=1 remark='' [crawler_status.json 2366 bytes, 128 ms]
2026-10-07 05:24:20.888 INFO  [worker_1] [21/24 2402001020111] Attempt 1/3 succeeded in 23.89s
2026-10-07 05:24:20.902 INFO  [worker_1] [21/24 2402001020111] SCHEME DONE status=1 attempts=1 elapsed=24.10s worker=worker_1
2026-10-07 05:24:28.114 INFO  [worker_0] [24/24 4401001030403] HTTP GET main page (KoshvaniStatic.aspx) END status=200 bytes=32533 elapsed=2.94s
2026-10-07 05:24:29.995 INFO  [worker_0] [24/24 4401001030403] HTTP GET grant list (ExpGrant.aspx) START
2026-10-07 05:24:30.138 INFO  [MainThread] FILE WRITE index.json 14351 bytes 189 ms | overall=RUNNING successful=21 failed=0 unprocessed=3
2026-10-07 05:24:30.214 INFO  [worker_3] [23/24 4401001030401] HTTP GET scheme list (Extra_plnDept.aspx) END status=200 bytes=726751 elapsed=4.84s redirects=1 final=ExpHead.aspx
2026-10-07 05:24:30.597 INFO  [worker_0] [24/24 4401001030403] HTTP GET grant list (ExpGrant.aspx) END status=200 bytes=112705 elapsed=0.59s
2026-10-07 05:25:46.766 INFO  [worker_0] [24/24 4401001030403] HTTP GET scheme list (Extra_plnDept.aspx) START
2026-10-07 05:25:49.229 INFO  [worker_2] [22/24 4401001030300] HTTP GET scheme report (Extra_plnDept.aspx) START
2026-10-07 05:25:50.139 INFO  [worker_2] [22/24 4401001030300] HTTP GET scheme report (Extra_plnDept.aspx) END status=200 bytes=52046 elapsed=0.90s redirects=1 final=ExpTreas.aspx
2026-10-07 05:25:50.446 INFO  [worker_3] [23/24 4401001030401] HTTP GET scheme report (Extra_plnDept.aspx) START
2026-10-07 05:25:50.546 INFO  [worker_2] [22/24 4401001030300] PARSE report table: columns=9 district_rows=1 fin_year=2026-2027 months={'prev_month': 'September', 'current_month': 'October'}
2026-10-07 05:25:50.548 INFO  [worker_2] [22/24 4401001030300] VALIDATE ok status=ok rows=1
2026-10-07 05:25:50.635 INFO  [worker_2] [22/24 4401001030300] FILE WRITE agri-011-4401001030300.json 1459 bytes 81 ms (status=ok, rows=1)
2026-10-07 05:25:50.638 INFO  [worker_2] [22/24 4401001030300] STATUS UPDATE scheme=4401001030300 status=1 attempts=1 remark='' [crawler_status.json 2366 bytes, 3 ms]
2026-10-07 05:25:50.639 INFO  [worker_2] [22/24 4401001030300] Attempt 1/3 succeeded in 20.51s
2026-10-07 05:25:50.639 INFO  [worker_2] [22/24 4401001030300] SCHEME DONE status=1 attempts=1 elapsed=20.53s worker=worker_2
2026-10-07 05:25:50.669 INFO  [MainThread] FILE WRITE index.json 14351 bytes 5 ms | overall=RUNNING successful=22 failed=0 unprocessed=2
2026-10-07 05:25:52.080 INFO  [worker_3] [23/24 4401001030401] HTTP GET scheme report (Extra_plnDept.aspx) END status=200 bytes=87911 elapsed=1.29s redirects=1 final=ExpTreas.aspx
2026-10-07 05:25:52.693 INFO  [worker_3] [23/24 4401001030401] PARSE report table: columns=9 district_rows=1 fin_year=2026-2027 months={'prev_month': 'September', 'current_month': 'October'}
2026-10-07 05:25:52.694 INFO  [worker_3] [23/24 4401001030401] VALIDATE ok status=ok rows=1
2026-10-07 05:25:52.781 INFO  [worker_3] [23/24 4401001030401] FILE WRITE agri-011-4401001030401.json 1381 bytes 81 ms (status=ok, rows=1)
2026-10-07 05:25:52.789 INFO  [worker_3] [23/24 4401001030401] STATUS UPDATE scheme=4401001030401 status=1 attempts=1 remark='' [crawler_status.json 2366 bytes, 6 ms]
2026-10-07 05:25:52.789 INFO  [worker_3] [23/24 4401001030401] Attempt 1/3 succeeded in 17.75s
2026-10-07 05:25:52.790 INFO  [worker_3] [23/24 4401001030401] SCHEME DONE status=1 attempts=1 elapsed=19.43s worker=worker_3
2026-10-07 05:25:52.818 INFO  [MainThread] FILE WRITE index.json 14351 bytes 4 ms | overall=RUNNING successful=23 failed=0 unprocessed=1
2026-10-07 05:25:53.842 INFO  [worker_0] [24/24 4401001030403] HTTP GET scheme list (Extra_plnDept.aspx) END status=200 bytes=726751 elapsed=6.52s redirects=1 final=ExpHead.aspx
2026-10-07 05:27:05.698 INFO  [worker_0] [24/24 4401001030403] HTTP GET scheme report (Extra_plnDept.aspx) START
2026-10-07 05:27:07.476 INFO  [worker_0] [24/24 4401001030403] HTTP GET scheme report (Extra_plnDept.aspx) END status=200 bytes=84975 elapsed=1.31s redirects=1 final=ExpTreas.aspx
2026-10-07 05:27:07.675 INFO  [worker_0] [24/24 4401001030403] PARSE report table: columns=9 district_rows=1 fin_year=2026-2027 months={'prev_month': 'September', 'current_month': 'October'}
2026-10-07 05:27:07.676 INFO  [worker_0] [24/24 4401001030403] VALIDATE ok status=ok rows=1
2026-10-07 05:27:07.686 INFO  [worker_0] [24/24 4401001030403] FILE WRITE agri-011-4401001030403.json 1337 bytes 3 ms (status=ok, rows=1)
2026-10-07 05:27:07.689 INFO  [worker_0] [24/24 4401001030403] STATUS UPDATE scheme=4401001030403 status=1 attempts=1 remark='' [crawler_status.json 2366 bytes, 2 ms]
2026-10-07 05:27:07.690 INFO  [worker_0] [24/24 4401001030403] Attempt 1/3 succeeded in 20.04s
2026-10-07 05:27:07.690 INFO  [worker_0] [24/24 4401001030403] SCHEME DONE status=1 attempts=1 elapsed=23.86s worker=worker_0
2026-10-07 05:27:07.701 INFO  [MainThread] FILE WRITE index.json 14351 bytes 3 ms | overall=RUNNING successful=24 failed=0 unprocessed=0
2026-10-07 05:27:07.707 INFO  [MainThread] STATUS FINAL overall=SUCCESS fatal=no [crawler_status.json 2389 bytes, 3 ms]
2026-10-07 05:27:07.717 INFO  [MainThread] FILE WRITE index.json 14351 bytes 3 ms | overall=SUCCESS successful=24 failed=0 unprocessed=0
2026-10-07 05:27:07.718 INFO  [MainThread] ==================================================
2026-10-07 05:27:07.719 INFO  [MainThread] KOSHVANI CRAWLER SUMMARY
2026-10-07 05:27:07.719 INFO  [MainThread] ==================================================
2026-10-07 05:27:07.719 INFO  [MainThread] Execution ID: 20261007-045625-796dc7
2026-10-07 05:27:07.719 INFO  [MainThread] Total schemes: 24
2026-10-07 05:27:07.720 INFO  [MainThread] Successful: 24
2026-10-07 05:27:07.720 INFO  [MainThread] Failed: 0
2026-10-07 05:27:07.720 INFO  [MainThread] Unprocessed: 0
2026-10-07 05:27:07.720 INFO  [MainThread] Recovered by retry: 0
2026-10-07 05:27:07.720 INFO  [MainThread] Fatal crawler error: No
2026-10-07 05:27:07.720 INFO  [MainThread] Execution status: SUCCESS
2026-10-07 05:27:07.721 INFO  [MainThread] Wall time: 249.8s | workers: 4 | max attempts per scheme: 3
2026-10-07 05:27:07.721 INFO  [MainThread] Scheme time: min 11.9s | avg 40.2s | max 70.4s
2026-10-07 05:27:07.722 INFO  [MainThread] Slowest schemes: 2401001070300 70.4s (attempts 1, worker_0), 2401001030300 65.0s (attempts 1, worker_3), 2401001070400 63.6s (attempts 1, worker_1)
2026-10-07 05:27:07.722 INFO  [MainThread] Worker utilisation: 96% | worker_0: 6 schemes 250s, worker_1: 7 schemes 230s, worker_2: 6 schemes 241s, worker_3: 5 schemes 242s
2026-10-07 05:27:07.722 INFO  [MainThread] HTTP requests: 96 (ok 96, failed 0) | downloaded 25384 KB
2026-10-07 05:27:07.723 INFO  [MainThread] Request latency: avg 3.05s | p95 8.78s | max 17.56s
2026-10-07 05:27:07.723 INFO  [MainThread] Time spent waiting between retries: 0.0s (summed over workers)
2026-10-07 05:27:07.723 INFO  [MainThread] Start stagger / bounce hold: 15 waits, 89.0s (summed over workers) | portal bounces seen: 0
2026-10-07 05:27:07.723 INFO  [MainThread] ==================================================
2026-10-07 05:27:12 INFO  [run_daily] SCRAPER END exit_code=0 elapsed=1841s

2026-10-07 05:27:12 INFO  [run_daily] Koshvani scraper completed.

2026-10-07 05:27:12 INFO  [run_daily] [4/6] Checking for data changes...
2026-10-07 05:27:12 INFO  [run_daily] Data changes detected:
 M docs/data/agri-011-2401000010500.json
 M docs/data/agri-011-2401001020103.json
 M docs/data/agri-011-2401001020129.json
 M docs/data/agri-011-2401001030300.json
 M docs/data/agri-011-2401001030500.json
 M docs/data/agri-011-2401001030600.json
 M docs/data/agri-011-2401001070300.json
 M docs/data/agri-011-2401001070400.json
 M docs/data/agri-011-2401001090103.json
 M docs/data/agri-011-2401001090104.json
 M docs/data/agri-011-2401001090105.json
 M docs/data/agri-011-2401001090300.json
 M docs/data/agri-011-2401001090700.json
 M docs/data/agri-011-2401001090900.json
 M docs/data/agri-011-2401001130104.json
 M docs/data/agri-011-2401001140101.json
 M docs/data/agri-011-2401001140300.json
 M docs/data/agri-011-2401008000203.json
 M docs/data/agri-011-2401008000400.json
 M docs/data/agri-011-2402001020109.json
 M docs/data/agri-011-2402001020111.json
 M docs/data/agri-011-4401001030300.json
 M docs/data/agri-011-4401001030401.json
 M docs/data/agri-011-4401001030403.json
 M docs/data/crawler_status.json
 M docs/data/index.json

2026-10-07 05:27:19 INFO  [run_daily] [5/6] Committing updated Koshvani data...
2026-10-07 05:27:19 INFO  [run_daily] GIT add data: START
2026-10-07 05:27:26 INFO  [run_daily] GIT add data: END exit_code=0 elapsed=7s
2026-10-07 05:27:26 INFO  [run_daily] GIT commit data: START
[main 4d1d930] Update Koshvani data
 26 files changed, 72 insertions(+), 72 deletions(-)
2026-10-07 05:27:26 INFO  [run_daily] GIT commit data: END exit_code=0 elapsed=0s
2026-10-07 05:27:27 INFO  [run_daily] Commit successful: 4d1d930 Update Koshvani data
 26 files changed, 72 insertions(+), 72 deletions(-)

2026-10-07 05:27:27 INFO  [run_daily] Pushing to GitHub...
2026-10-07 05:27:27 INFO  [run_daily] GIT push data: START
To https://github.com/abhi24me/koshvani-dashboard.git
   7abe292..4d1d930  main -> main
2026-10-07 05:28:09 INFO  [run_daily] GIT push data: END exit_code=0 elapsed=42s

2026-10-07 05:28:09 INFO  [run_daily] GitHub push successful: HEAD=4d1d930 origin/main=4d1d930

2026-10-07 05:28:09 INFO  [run_daily] [6/6] Validating scheme results and sending the Gmail report...
2026-10-07 05:29:31.752 INFO  [gmail_alert] Email notification sent successfully to 2 recipient(s).
2026-10-07 05:29:31.822 INFO  [gmail_alert] Report e-mailed (success).
2026-10-07 05:29:31 INFO  [run_daily] GMAIL report step finished (exit_code=0)

2026-10-07 05:29:31 INFO  [run_daily] ========================================
2026-10-07 05:29:32 INFO  [run_daily] KOSHVANI JOB COMPLETED
2026-10-07 05:29:32 INFO  [run_daily] FINAL STATUS: SUCCESS
2026-10-07 05:29:32 INFO  [run_daily] elapsed=1987s
2026-10-07 05:29:32 INFO  [run_daily] ========================================
2026-10-07 05:29:33 INFO  [run_daily] LOG PUBLISH: workflow_exit_code=0 - this log is now being committed and pushed (that outcome is on screen only)
