
2026-10-11 09:57:05 INFO  [run_daily] ========================================
2026-10-11 09:57:05 INFO  [run_daily] KOSHVANI JOB STARTED
2026-10-11 09:57:05 INFO  [run_daily] execution_id=20261011-095705-7afaa8 log=logs/daily-2026-10-11-095705.log
2026-10-11 09:57:05 INFO  [run_daily] host: Linux 5.15.178-android13-8-g8805f47e70a8-ab36 | Python 3.14.6 | git version 2.55.0
2026-10-11 09:57:05 INFO  [run_daily] repo: branch=main HEAD=6ad22f5 dir=/data/data/com.termux/files/home/koshvani-dashboard
2026-10-11 09:57:05 INFO  [run_daily] ========================================

2026-10-11 09:57:05 INFO  [run_daily] [1/6] Checking Git status...
?? logs/daily-2026-10-11-095705.log

2026-10-11 09:57:05 INFO  [run_daily] [2/6] Pulling latest code from GitHub...
2026-10-11 09:57:05 INFO  [run_daily] GIT pull --rebase: START
From https://github.com/abhi24me/koshvani-dashboard
 * branch            main       -> FETCH_HEAD
Already up to date.
2026-10-11 09:57:06 INFO  [run_daily] GIT pull --rebase: END exit_code=0 elapsed=1s
2026-10-11 09:57:06 INFO  [run_daily] Git pull successful.

2026-10-11 09:57:06 INFO  [run_daily] [3/6] Starting Koshvani scraper...
2026-10-11 09:57:08.692 INFO  [MainThread] ==================================================
2026-10-11 09:57:08.695 INFO  [MainThread] KOSHVANI CRAWLER START
2026-10-11 09:57:08.695 INFO  [MainThread] Execution ID: 20261011-095705-7afaa8
2026-10-11 09:57:08.696 INFO  [MainThread] Python 3.14.6 | requests 2.34.2 | time zone offset +0530
2026-10-11 09:57:08.699 INFO  [MainThread] Config: schemes=24 workers=4 max_attempts=3 retry_delays=5-15s/15-30s request_timeout=45s stagger=4+0-2s bounce_hold=60-120s cooldown_rounds=2x300s
2026-10-11 09:57:08.702 INFO  [MainThread] STATUS RESET execution_id=20261011-095705-7afaa8 schemes=24 all set to status=0 [crawler_status.json 2366 bytes, 3 ms]
2026-10-11 09:57:08.774 INFO  [MainThread] FILE WRITE index.json 14357 bytes 8 ms | overall=RUNNING successful=0 failed=0 unprocessed=24
2026-10-11 09:57:08.777 INFO  [worker_0] [01/24 2401000010500] SCHEME START कृषि विभाग — जिला संगठन (Grant 011) (worker=worker_0)
2026-10-11 09:57:08.778 INFO  [worker_0] [01/24 2401000010500] Attempt 1/3 START
2026-10-11 09:57:08.787 INFO  [worker_1] [02/24 2401001020103] SCHEME START फूड एण्ड न्यूट्रिशन सिक्यूरिटी (कृषि उन्नति योजना) (के.60/रा.40-के.+ रा.) (Grant 011) (worker=worker_1)
2026-10-11 09:57:08.791 INFO  [worker_1] [02/24 2401001020103] Start stagger: waiting 5.1s so workers do not hit the portal together
2026-10-11 09:57:08.820 INFO  [worker_0] [01/24 2401000010500] HTTP GET main page (KoshvaniStatic.aspx) START
2026-10-11 09:57:08.825 INFO  [worker_2] [03/24 2401001020129] SCHEME START मिशन फार आत्मनिर्भरता इन पल्सेस (के.60/रा.40-के.+रा.) (Grant 011) (worker=worker_2)
2026-10-11 09:57:08.826 INFO  [worker_2] [03/24 2401001020129] Start stagger: waiting 9.8s so workers do not hit the portal together
2026-10-11 09:57:08.838 INFO  [worker_3] [04/24 2401001030300] SCHEME START प्रयोगात्मक प्रक्षेत्र प्रदर्शन और बीज बर्द्धन प्रक्षेत्र (Grant 011) (worker=worker_3)
2026-10-11 09:57:08.839 INFO  [worker_3] [04/24 2401001030300] Start stagger: waiting 15.4s so workers do not hit the portal together
2026-10-11 09:57:09.546 INFO  [worker_0] [01/24 2401000010500] HTTP GET main page (KoshvaniStatic.aspx) END status=200 bytes=32533 elapsed=0.73s
2026-10-11 09:57:09.775 INFO  [worker_0] [01/24 2401000010500] HTTP GET grant list (ExpGrant.aspx) START
2026-10-11 09:57:10.127 INFO  [worker_0] [01/24 2401000010500] HTTP GET grant list (ExpGrant.aspx) END status=200 bytes=112764 elapsed=0.35s
2026-10-11 09:57:10.439 INFO  [worker_0] [01/24 2401000010500] HTTP GET scheme list (Extra_plnDept.aspx) START
2026-10-11 09:57:13.886 INFO  [worker_1] [02/24 2401001020103] Attempt 1/3 START
2026-10-11 09:57:13.911 INFO  [worker_1] [02/24 2401001020103] HTTP GET main page (KoshvaniStatic.aspx) START
2026-10-11 09:57:14.699 INFO  [worker_1] [02/24 2401001020103] HTTP GET main page (KoshvaniStatic.aspx) END status=200 bytes=32533 elapsed=0.79s
2026-10-11 09:57:14.750 INFO  [worker_1] [02/24 2401001020103] HTTP GET grant list (ExpGrant.aspx) START
2026-10-11 09:57:15.142 INFO  [worker_1] [02/24 2401001020103] HTTP GET grant list (ExpGrant.aspx) END status=200 bytes=112764 elapsed=0.39s
2026-10-11 09:57:15.525 INFO  [worker_1] [02/24 2401001020103] HTTP GET scheme list (Extra_plnDept.aspx) START
2026-10-11 09:57:17.238 INFO  [worker_0] [01/24 2401000010500] HTTP GET scheme list (Extra_plnDept.aspx) END status=200 bytes=727281 elapsed=6.80s redirects=1 final=ExpHead.aspx
2026-10-11 09:57:18.588 INFO  [worker_2] [03/24 2401001020129] Attempt 1/3 START
2026-10-11 09:57:18.640 INFO  [worker_2] [03/24 2401001020129] HTTP GET main page (KoshvaniStatic.aspx) START
2026-10-11 09:57:19.371 INFO  [worker_2] [03/24 2401001020129] HTTP GET main page (KoshvaniStatic.aspx) END status=200 bytes=32533 elapsed=0.72s
2026-10-11 09:57:19.470 INFO  [worker_2] [03/24 2401001020129] HTTP GET grant list (ExpGrant.aspx) START
2026-10-11 09:57:19.497 INFO  [worker_0] [01/24 2401000010500] HTTP GET scheme report (Extra_plnDept.aspx) START
2026-10-11 09:57:19.807 INFO  [worker_2] [03/24 2401001020129] HTTP GET grant list (ExpGrant.aspx) END status=200 bytes=112764 elapsed=0.33s
2026-10-11 09:57:20.053 INFO  [worker_2] [03/24 2401001020129] HTTP GET scheme list (Extra_plnDept.aspx) START
2026-10-11 09:57:22.116 INFO  [worker_1] [02/24 2401001020103] HTTP GET scheme list (Extra_plnDept.aspx) END status=200 bytes=727281 elapsed=6.59s redirects=1 final=ExpHead.aspx
2026-10-11 09:57:24.271 INFO  [worker_3] [04/24 2401001030300] Attempt 1/3 START
2026-10-11 09:57:24.329 INFO  [worker_3] [04/24 2401001030300] HTTP GET main page (KoshvaniStatic.aspx) START
2026-10-11 09:57:24.454 INFO  [worker_1] [02/24 2401001020103] HTTP GET scheme report (Extra_plnDept.aspx) START
2026-10-11 09:57:25.008 INFO  [worker_3] [04/24 2401001030300] HTTP GET main page (KoshvaniStatic.aspx) END status=200 bytes=32533 elapsed=0.68s
2026-10-11 09:57:25.061 INFO  [worker_3] [04/24 2401001030300] HTTP GET grant list (ExpGrant.aspx) START
2026-10-11 09:57:25.400 INFO  [worker_3] [04/24 2401001030300] HTTP GET grant list (ExpGrant.aspx) END status=200 bytes=112764 elapsed=0.34s
2026-10-11 09:57:25.637 INFO  [worker_3] [04/24 2401001030300] HTTP GET scheme list (Extra_plnDept.aspx) START
2026-10-11 09:57:27.074 INFO  [worker_2] [03/24 2401001020129] HTTP GET scheme list (Extra_plnDept.aspx) END status=200 bytes=727281 elapsed=7.02s redirects=1 final=ExpHead.aspx
2026-10-11 09:57:28.624 INFO  [worker_1] [02/24 2401001020103] HTTP GET scheme report (Extra_plnDept.aspx) END status=200 bytes=170637 elapsed=4.17s redirects=1 final=ExpTreas.aspx
2026-10-11 09:57:30.269 INFO  [worker_1] [02/24 2401001020103] PARSE report table: columns=9 district_rows=2 fin_year=2026-2027 months={'prev_month': 'September', 'current_month': 'October'}
2026-10-11 09:57:30.276 INFO  [worker_1] [02/24 2401001020103] VALIDATE ok status=ok rows=2
2026-10-11 09:57:30.336 INFO  [worker_2] [03/24 2401001020129] HTTP GET scheme report (Extra_plnDept.aspx) START
2026-10-11 09:57:30.341 INFO  [worker_1] [02/24 2401001020103] FILE WRITE agri-011-2401001020103.json 1594 bytes 48 ms (status=ok, rows=2)
2026-10-11 09:57:30.344 INFO  [worker_1] [02/24 2401001020103] STATUS UPDATE scheme=2401001020103 status=1 attempts=1 remark='' [crawler_status.json 2366 bytes, 2 ms]
2026-10-11 09:57:30.344 INFO  [worker_1] [02/24 2401001020103] Attempt 1/3 succeeded in 16.46s
2026-10-11 09:57:30.345 INFO  [worker_1] [02/24 2401001020103] SCHEME DONE status=1 attempts=1 elapsed=21.56s worker=worker_1
2026-10-11 09:57:30.345 INFO  [worker_1] [05/24 2401001030500] SCHEME START संकर बीजों के उपयोग को बढ़ावा देने की योजना (Grant 011) (worker=worker_1)
2026-10-11 09:57:30.345 INFO  [worker_1] [05/24 2401001030500] Attempt 1/3 START
2026-10-11 09:57:30.356 INFO  [MainThread] FILE WRITE index.json 14357 bytes 3 ms | overall=RUNNING successful=1 failed=0 unprocessed=23
2026-10-11 09:57:30.371 INFO  [worker_1] [05/24 2401001030500] HTTP GET main page (KoshvaniStatic.aspx) START
2026-10-11 09:57:31.022 INFO  [worker_1] [05/24 2401001030500] HTTP GET main page (KoshvaniStatic.aspx) END status=200 bytes=32533 elapsed=0.65s
2026-10-11 09:57:31.075 INFO  [worker_1] [05/24 2401001030500] HTTP GET grant list (ExpGrant.aspx) START
2026-10-11 09:57:31.400 INFO  [worker_1] [05/24 2401001030500] HTTP GET grant list (ExpGrant.aspx) END status=200 bytes=112764 elapsed=0.32s
2026-10-11 09:57:31.646 INFO  [worker_1] [05/24 2401001030500] HTTP GET scheme list (Extra_plnDept.aspx) START
2026-10-11 09:57:32.627 INFO  [worker_3] [04/24 2401001030300] HTTP GET scheme list (Extra_plnDept.aspx) END status=200 bytes=727281 elapsed=6.99s redirects=1 final=ExpHead.aspx
2026-10-11 09:57:34.192 INFO  [worker_2] [03/24 2401001020129] HTTP GET scheme report (Extra_plnDept.aspx) END status=200 bytes=161735 elapsed=3.86s redirects=1 final=ExpTreas.aspx
2026-10-11 09:57:36.336 INFO  [worker_2] [03/24 2401001020129] PARSE report table: columns=9 district_rows=3 fin_year=2026-2027 months={'prev_month': 'September', 'current_month': 'October'}
2026-10-11 09:57:36.343 INFO  [worker_2] [03/24 2401001020129] VALIDATE ok status=ok rows=3
2026-10-11 09:57:36.348 INFO  [worker_3] [04/24 2401001030300] HTTP GET scheme report (Extra_plnDept.aspx) START
2026-10-11 09:57:36.361 INFO  [worker_2] [03/24 2401001020129] FILE WRITE agri-011-2401001020129.json 1816 bytes 7 ms (status=ok, rows=3)
2026-10-11 09:57:36.364 INFO  [worker_2] [03/24 2401001020129] STATUS UPDATE scheme=2401001020129 status=1 attempts=1 remark='' [crawler_status.json 2366 bytes, 2 ms]
2026-10-11 09:57:36.365 INFO  [worker_2] [03/24 2401001020129] Attempt 1/3 succeeded in 17.78s
2026-10-11 09:57:36.366 INFO  [worker_2] [03/24 2401001020129] SCHEME DONE status=1 attempts=1 elapsed=27.54s worker=worker_2
2026-10-11 09:57:36.367 INFO  [worker_2] [06/24 2401001030600] SCHEME START उत्तर प्रदेश मिलेट्स पुनरोद्धार कार्यक्रम (Grant 011) (worker=worker_2)
2026-10-11 09:57:36.367 INFO  [worker_2] [06/24 2401001030600] Attempt 1/3 START
2026-10-11 09:57:36.381 INFO  [MainThread] FILE WRITE index.json 14357 bytes 4 ms | overall=RUNNING successful=2 failed=0 unprocessed=22
2026-10-11 09:57:36.397 INFO  [worker_2] [06/24 2401001030600] HTTP GET main page (KoshvaniStatic.aspx) START
2026-10-11 09:57:37.047 INFO  [worker_2] [06/24 2401001030600] HTTP GET main page (KoshvaniStatic.aspx) END status=200 bytes=32533 elapsed=0.65s
2026-10-11 09:57:37.101 INFO  [worker_2] [06/24 2401001030600] HTTP GET grant list (ExpGrant.aspx) START
2026-10-11 09:57:37.404 INFO  [worker_2] [06/24 2401001030600] HTTP GET grant list (ExpGrant.aspx) END status=200 bytes=112764 elapsed=0.30s
2026-10-11 09:57:37.642 INFO  [worker_2] [06/24 2401001030600] HTTP GET scheme list (Extra_plnDept.aspx) START
2026-10-11 09:57:38.228 INFO  [worker_0] [01/24 2401000010500] HTTP GET scheme report (Extra_plnDept.aspx) END status=200 bytes=602680 elapsed=18.73s redirects=1 final=ExpTreas.aspx
2026-10-11 09:57:38.716 INFO  [worker_1] [05/24 2401001030500] HTTP GET scheme list (Extra_plnDept.aspx) END status=200 bytes=727281 elapsed=7.07s redirects=1 final=ExpHead.aspx
2026-10-11 09:57:44.516 INFO  [worker_0] [01/24 2401000010500] PARSE report table: columns=9 district_rows=17 fin_year=2026-2027 months={'prev_month': 'September', 'current_month': 'October'}
2026-10-11 09:57:44.523 INFO  [worker_0] [01/24 2401000010500] VALIDATE ok status=ok rows=17
2026-10-11 09:57:44.590 INFO  [worker_0] [01/24 2401000010500] FILE WRITE agri-011-2401000010500.json 4989 bytes 50 ms (status=ok, rows=17)
2026-10-11 09:57:44.651 INFO  [worker_0] [01/24 2401000010500] STATUS UPDATE scheme=2401000010500 status=1 attempts=1 remark='' [crawler_status.json 2366 bytes, 54 ms]
2026-10-11 09:57:44.658 INFO  [worker_0] [01/24 2401000010500] Attempt 1/3 succeeded in 35.88s
2026-10-11 09:57:44.664 INFO  [worker_0] [01/24 2401000010500] SCHEME DONE status=1 attempts=1 elapsed=35.88s worker=worker_0
2026-10-11 09:57:44.672 INFO  [worker_0] [07/24 2401001070300] SCHEME START पौध संरक्षण सेवा तथा कृषि रक्षा सेवा (Grant 011) (worker=worker_0)
2026-10-11 09:57:44.679 INFO  [worker_0] [07/24 2401001070300] Attempt 1/3 START
2026-10-11 09:57:44.731 INFO  [worker_0] [07/24 2401001070300] HTTP GET main page (KoshvaniStatic.aspx) START
2026-10-11 09:57:44.933 INFO  [worker_1] [05/24 2401001030500] HTTP GET scheme report (Extra_plnDept.aspx) START
2026-10-11 09:57:44.961 INFO  [MainThread] FILE WRITE index.json 14357 bytes 13 ms | overall=RUNNING successful=3 failed=0 unprocessed=21
2026-10-11 09:57:45.305 INFO  [worker_2] [06/24 2401001030600] HTTP GET scheme list (Extra_plnDept.aspx) END status=200 bytes=727281 elapsed=7.66s redirects=1 final=ExpHead.aspx
2026-10-11 09:57:45.530 INFO  [worker_0] [07/24 2401001070300] HTTP GET main page (KoshvaniStatic.aspx) END status=200 bytes=32533 elapsed=0.80s
2026-10-11 09:57:46.944 INFO  [worker_0] [07/24 2401001070300] HTTP GET grant list (ExpGrant.aspx) START
2026-10-11 09:57:47.022 INFO  [worker_1] [05/24 2401001030500] HTTP GET scheme report (Extra_plnDept.aspx) END status=200 bytes=83694 elapsed=2.09s redirects=1 final=ExpTreas.aspx
2026-10-11 09:57:47.311 INFO  [worker_3] [04/24 2401001030300] HTTP GET scheme report (Extra_plnDept.aspx) END status=200 bytes=347002 elapsed=10.96s redirects=1 final=ExpTreas.aspx
2026-10-11 09:57:47.491 INFO  [worker_0] [07/24 2401001070300] HTTP GET grant list (ExpGrant.aspx) END status=200 bytes=112764 elapsed=0.54s
2026-10-11 09:57:49.547 INFO  [worker_1] [05/24 2401001030500] PARSE report table: columns=9 district_rows=1 fin_year=2026-2027 months={'prev_month': 'September', 'current_month': 'October'}
2026-10-11 09:57:49.568 INFO  [worker_1] [05/24 2401001030500] VALIDATE ok status=ok rows=1
2026-10-11 09:57:49.712 INFO  [worker_1] [05/24 2401001030500] FILE WRITE agri-011-2401001030500.json 1312 bytes 91 ms (status=ok, rows=1)
2026-10-11 09:57:49.827 INFO  [worker_1] [05/24 2401001030500] STATUS UPDATE scheme=2401001030500 status=1 attempts=1 remark='' [crawler_status.json 2366 bytes, 114 ms]
2026-10-11 09:57:49.834 INFO  [worker_1] [05/24 2401001030500] Attempt 1/3 succeeded in 19.49s
2026-10-11 09:57:49.835 INFO  [worker_1] [05/24 2401001030500] SCHEME DONE status=1 attempts=1 elapsed=19.49s worker=worker_1
2026-10-11 09:57:49.837 INFO  [worker_1] [08/24 2401001070400] SCHEME START विभिन्न परिस्थितिकी संसाधनों द्वारा कीट / रोग नियंत्रण (Grant 011) (worker=worker_1)
2026-10-11 09:57:49.844 INFO  [worker_1] [08/24 2401001070400] Attempt 1/3 START
2026-10-11 09:57:49.887 INFO  [worker_1] [08/24 2401001070400] HTTP GET main page (KoshvaniStatic.aspx) START
2026-10-11 09:57:49.892 INFO  [worker_0] [07/24 2401001070300] HTTP GET scheme list (Extra_plnDept.aspx) START
2026-10-11 09:57:50.725 INFO  [worker_1] [08/24 2401001070400] HTTP GET main page (KoshvaniStatic.aspx) END status=200 bytes=32533 elapsed=0.83s
2026-10-11 09:57:51.078 INFO  [MainThread] FILE WRITE index.json 14357 bytes 140 ms | overall=RUNNING successful=4 failed=0 unprocessed=20
2026-10-11 09:57:51.272 INFO  [worker_1] [08/24 2401001070400] HTTP GET grant list (ExpGrant.aspx) START
2026-10-11 09:57:51.706 INFO  [worker_1] [08/24 2401001070400] HTTP GET grant list (ExpGrant.aspx) END status=200 bytes=112764 elapsed=0.43s
2026-10-11 09:57:53.763 INFO  [worker_1] [08/24 2401001070400] HTTP GET scheme list (Extra_plnDept.aspx) START
2026-10-11 09:57:55.285 INFO  [worker_3] [04/24 2401001030300] PARSE report table: columns=9 district_rows=11 fin_year=2026-2027 months={'prev_month': 'September', 'current_month': 'October'}
2026-10-11 09:57:55.291 INFO  [worker_3] [04/24 2401001030300] VALIDATE ok status=ok rows=11
2026-10-11 09:57:55.365 INFO  [worker_3] [04/24 2401001030300] FILE WRITE agri-011-2401001030300.json 3495 bytes 51 ms (status=ok, rows=11)
2026-10-11 09:57:55.455 INFO  [worker_3] [04/24 2401001030300] STATUS UPDATE scheme=2401001030300 status=1 attempts=1 remark='' [crawler_status.json 2366 bytes, 83 ms]
2026-10-11 09:57:55.476 INFO  [worker_3] [04/24 2401001030300] Attempt 1/3 succeeded in 31.20s
2026-10-11 09:57:55.483 INFO  [worker_3] [04/24 2401001030300] SCHEME DONE status=1 attempts=1 elapsed=46.64s worker=worker_3
2026-10-11 09:57:55.492 INFO  [worker_3] [09/24 2401001090103] SCHEME START नेशनल मिशन ऑन एग्रीकल्चर एक्सटेंशन एण्ड टेक्नोलाजी (एन.एम.ए.ई.टी.) के अर्न्तगत सबमिशन ऑन एग्रीकल्चर एक्स्टेंशन (के.60/रा.40-के.+ रा.) (Grant 011) (worker=worker_3)
2026-10-11 09:57:55.500 INFO  [worker_3] [09/24 2401001090103] Start stagger: waiting 0.1s so workers do not hit the portal together
2026-10-11 09:57:55.624 INFO  [worker_3] [09/24 2401001090103] Attempt 1/3 START
2026-10-11 09:57:55.690 INFO  [worker_3] [09/24 2401001090103] HTTP GET main page (KoshvaniStatic.aspx) START
2026-10-11 09:57:55.838 INFO  [worker_2] [06/24 2401001030600] HTTP GET scheme report (Extra_plnDept.aspx) START
2026-10-11 09:57:55.876 INFO  [MainThread] FILE WRITE index.json 14357 bytes 14 ms | overall=RUNNING successful=5 failed=0 unprocessed=19
2026-10-11 09:57:56.413 INFO  [worker_3] [09/24 2401001090103] HTTP GET main page (KoshvaniStatic.aspx) END status=200 bytes=32533 elapsed=0.72s
2026-10-11 09:57:56.481 INFO  [worker_3] [09/24 2401001090103] HTTP GET grant list (ExpGrant.aspx) START
2026-10-11 09:57:56.737 INFO  [worker_0] [07/24 2401001070300] HTTP GET scheme list (Extra_plnDept.aspx) END status=200 bytes=727281 elapsed=6.83s redirects=1 final=ExpHead.aspx
2026-10-11 09:57:56.863 INFO  [worker_3] [09/24 2401001090103] HTTP GET grant list (ExpGrant.aspx) END status=200 bytes=112764 elapsed=0.38s
2026-10-11 09:57:58.228 INFO  [worker_3] [09/24 2401001090103] HTTP GET scheme list (Extra_plnDept.aspx) START
2026-10-11 09:57:58.914 INFO  [worker_2] [06/24 2401001030600] HTTP GET scheme report (Extra_plnDept.aspx) END status=200 bytes=130909 elapsed=3.07s redirects=1 final=ExpTreas.aspx
2026-10-11 09:58:01.644 INFO  [worker_1] [08/24 2401001070400] HTTP GET scheme list (Extra_plnDept.aspx) END status=200 bytes=727281 elapsed=7.88s redirects=1 final=ExpHead.aspx
2026-10-11 09:58:02.644 INFO  [worker_2] [06/24 2401001030600] PARSE report table: columns=9 district_rows=2 fin_year=2026-2027 months={'prev_month': 'September', 'current_month': 'October'}
2026-10-11 09:58:02.652 INFO  [worker_2] [06/24 2401001030600] VALIDATE ok status=ok rows=2
2026-10-11 09:58:02.820 INFO  [worker_2] [06/24 2401001030600] FILE WRITE agri-011-2401001030600.json 1630 bytes 126 ms (status=ok, rows=2)
2026-10-11 09:58:02.973 INFO  [worker_2] [06/24 2401001030600] STATUS UPDATE scheme=2401001030600 status=1 attempts=1 remark='' [crawler_status.json 2366 bytes, 144 ms]
2026-10-11 09:58:02.981 INFO  [worker_2] [06/24 2401001030600] Attempt 1/3 succeeded in 26.61s
2026-10-11 09:58:02.989 INFO  [worker_2] [06/24 2401001030600] SCHEME DONE status=1 attempts=1 elapsed=26.61s worker=worker_2
2026-10-11 09:58:02.997 INFO  [worker_2] [10/24 2401001090104] SCHEME START नेशनल मिशन ऑन एग्रीकल्चर एक्सटेंशन एण्ड टेक्नोलाजी (एन.एम.ए.ई.टी.) के अर्न्तगत सबमिशन आफ एग्रीकल्चर मेकेनाइजेशन (के.60/रा.40-के.+ रा.) (Grant 011) (worker=worker_2)
2026-10-11 09:58:03.022 INFO  [worker_2] [10/24 2401001090104] Attempt 1/3 START
2026-10-11 09:58:03.091 INFO  [worker_2] [10/24 2401001090104] HTTP GET main page (KoshvaniStatic.aspx) START
2026-10-11 09:58:03.133 INFO  [worker_0] [07/24 2401001070300] HTTP GET scheme report (Extra_plnDept.aspx) START
2026-10-11 09:58:03.851 INFO  [worker_2] [10/24 2401001090104] HTTP GET main page (KoshvaniStatic.aspx) END status=200 bytes=32533 elapsed=0.74s
2026-10-11 09:58:04.187 INFO  [MainThread] FILE WRITE index.json 14357 bytes 150 ms | overall=RUNNING successful=6 failed=0 unprocessed=18
2026-10-11 09:58:04.425 INFO  [worker_2] [10/24 2401001090104] HTTP GET grant list (ExpGrant.aspx) START
2026-10-11 09:58:04.852 INFO  [worker_2] [10/24 2401001090104] HTTP GET grant list (ExpGrant.aspx) END status=200 bytes=112764 elapsed=0.43s
2026-10-11 09:58:05.164 INFO  [worker_3] [09/24 2401001090103] HTTP GET scheme list (Extra_plnDept.aspx) END status=200 bytes=727281 elapsed=6.93s redirects=1 final=ExpHead.aspx
2026-10-11 09:58:06.648 INFO  [worker_2] [10/24 2401001090104] HTTP GET scheme list (Extra_plnDept.aspx) START
2026-10-11 09:58:08.378 INFO  [worker_1] [08/24 2401001070400] HTTP GET scheme report (Extra_plnDept.aspx) START
2026-10-11 09:58:09.913 INFO  [worker_3] [09/24 2401001090103] HTTP GET scheme report (Extra_plnDept.aspx) START
2026-10-11 09:58:13.454 INFO  [worker_3] [09/24 2401001090103] HTTP GET scheme report (Extra_plnDept.aspx) END status=200 bytes=158561 elapsed=3.54s redirects=1 final=ExpTreas.aspx
2026-10-11 09:58:13.854 INFO  [worker_2] [10/24 2401001090104] HTTP GET scheme list (Extra_plnDept.aspx) END status=200 bytes=727281 elapsed=7.21s redirects=1 final=ExpHead.aspx
2026-10-11 09:58:15.009 INFO  [worker_3] [09/24 2401001090103] PARSE report table: columns=9 district_rows=3 fin_year=2026-2027 months={'prev_month': 'September', 'current_month': 'October'}
2026-10-11 09:58:15.010 INFO  [worker_3] [09/24 2401001090103] VALIDATE ok status=ok rows=3
2026-10-11 09:58:15.056 INFO  [worker_3] [09/24 2401001090103] FILE WRITE agri-011-2401001090103.json 2059 bytes 40 ms (status=ok, rows=3)
2026-10-11 09:58:15.107 INFO  [worker_3] [09/24 2401001090103] STATUS UPDATE scheme=2401001090103 status=1 attempts=1 remark='' [crawler_status.json 2366 bytes, 45 ms]
2026-10-11 09:58:15.112 INFO  [worker_3] [09/24 2401001090103] Attempt 1/3 succeeded in 19.48s
2026-10-11 09:58:15.118 INFO  [worker_3] [09/24 2401001090103] SCHEME DONE status=1 attempts=1 elapsed=19.62s worker=worker_3
2026-10-11 09:58:15.124 INFO  [worker_3] [11/24 2401001090105] SCHEME START नेशनल मिशन ऑन एग्रीकल्चर एक्सटेंशन एण्ड टेक्नोलाजी (एन.एम.ए.ई.टी.) के अर्न्तगत नेशनल ई-गर्वनेन्स प्रोग्राम (के.60/रा.40-के.+ रा.) (Grant 011) (worker=worker_3)
2026-10-11 09:58:15.133 INFO  [worker_3] [11/24 2401001090105] Attempt 1/3 START
2026-10-11 09:58:15.197 INFO  [worker_3] [11/24 2401001090105] HTTP GET main page (KoshvaniStatic.aspx) START
2026-10-11 09:58:16.095 INFO  [worker_3] [11/24 2401001090105] HTTP GET main page (KoshvaniStatic.aspx) END status=200 bytes=32533 elapsed=0.89s
2026-10-11 09:58:16.283 INFO  [MainThread] FILE WRITE index.json 14357 bytes 173 ms | overall=RUNNING successful=7 failed=0 unprocessed=17
2026-10-11 09:58:16.636 INFO  [worker_3] [11/24 2401001090105] HTTP GET grant list (ExpGrant.aspx) START
2026-10-11 09:58:17.084 INFO  [worker_3] [11/24 2401001090105] HTTP GET grant list (ExpGrant.aspx) END status=200 bytes=112764 elapsed=0.44s
2026-10-11 09:58:18.264 INFO  [worker_3] [11/24 2401001090105] HTTP GET scheme list (Extra_plnDept.aspx) START
2026-10-11 09:58:18.569 INFO  [worker_2] [10/24 2401001090104] HTTP GET scheme report (Extra_plnDept.aspx) START
2026-10-11 09:58:20.021 INFO  [worker_2] [10/24 2401001090104] HTTP GET scheme report (Extra_plnDept.aspx) END status=200 bytes=87555 elapsed=1.45s redirects=1 final=ExpTreas.aspx
2026-10-11 09:58:20.264 INFO  [worker_2] [10/24 2401001090104] PARSE report table: columns=9 district_rows=1 fin_year=2026-2027 months={'prev_month': 'September', 'current_month': 'October'}
2026-10-11 09:58:20.266 INFO  [worker_2] [10/24 2401001090104] VALIDATE ok status=ok rows=1
2026-10-11 09:58:20.280 INFO  [worker_2] [10/24 2401001090104] FILE WRITE agri-011-2401001090104.json 1536 bytes 8 ms (status=ok, rows=1)
2026-10-11 09:58:20.282 INFO  [worker_2] [10/24 2401001090104] STATUS UPDATE scheme=2401001090104 status=1 attempts=1 remark='' [crawler_status.json 2366 bytes, 2 ms]
2026-10-11 09:58:20.283 INFO  [worker_2] [10/24 2401001090104] Attempt 1/3 succeeded in 17.25s
2026-10-11 09:58:20.283 INFO  [worker_2] [10/24 2401001090104] SCHEME DONE status=1 attempts=1 elapsed=17.29s worker=worker_2
2026-10-11 09:58:20.284 INFO  [worker_2] [12/24 2401001090300] SCHEME START कृषि प्रसार प्रायोजना तथा प्रदर्शनियां (Grant 011) (worker=worker_2)
2026-10-11 09:58:20.284 INFO  [worker_2] [12/24 2401001090300] Start stagger: waiting 0.7s so workers do not hit the portal together
2026-10-11 09:58:20.316 INFO  [MainThread] FILE WRITE index.json 14357 bytes 6 ms | overall=RUNNING successful=8 failed=0 unprocessed=16
2026-10-11 09:58:20.654 INFO  [worker_1] [08/24 2401001070400] HTTP GET scheme report (Extra_plnDept.aspx) END status=200 bytes=445768 elapsed=12.27s redirects=1 final=ExpTreas.aspx
2026-10-11 09:58:20.983 INFO  [worker_2] [12/24 2401001090300] Attempt 1/3 START
2026-10-11 09:58:21.023 INFO  [worker_2] [12/24 2401001090300] HTTP GET main page (KoshvaniStatic.aspx) START
2026-10-11 09:58:21.822 INFO  [worker_2] [12/24 2401001090300] HTTP GET main page (KoshvaniStatic.aspx) END status=200 bytes=32533 elapsed=0.79s
2026-10-11 09:58:22.278 INFO  [worker_2] [12/24 2401001090300] HTTP GET grant list (ExpGrant.aspx) START
2026-10-11 09:58:22.575 INFO  [worker_1] [08/24 2401001070400] PARSE report table: columns=9 district_rows=10 fin_year=2026-2027 months={'prev_month': 'September', 'current_month': 'October'}
2026-10-11 09:58:22.577 INFO  [worker_1] [08/24 2401001070400] VALIDATE ok status=ok rows=10
2026-10-11 09:58:22.591 INFO  [worker_1] [08/24 2401001070400] FILE WRITE agri-011-2401001070400.json 3613 bytes 9 ms (status=ok, rows=10)
2026-10-11 09:58:22.595 INFO  [worker_1] [08/24 2401001070400] STATUS UPDATE scheme=2401001070400 status=1 attempts=1 remark='' [crawler_status.json 2366 bytes, 3 ms]
2026-10-11 09:58:22.595 INFO  [worker_1] [08/24 2401001070400] Attempt 1/3 succeeded in 32.75s
2026-10-11 09:58:22.595 INFO  [worker_1] [08/24 2401001070400] SCHEME DONE status=1 attempts=1 elapsed=32.76s worker=worker_1
2026-10-11 09:58:22.596 INFO  [worker_1] [13/24 2401001090700] SCHEME START कृषि उत्पादन में वृद्धि के लिए कृषि प्रसार, कृषि निवेश तथा तकनीकी प्रबंधन (Grant 011) (worker=worker_1)
2026-10-11 09:58:22.596 INFO  [worker_1] [13/24 2401001090700] Start stagger: waiting 3.4s so workers do not hit the portal together
2026-10-11 09:58:22.611 INFO  [MainThread] FILE WRITE index.json 14357 bytes 6 ms | overall=RUNNING successful=9 failed=0 unprocessed=15
2026-10-11 09:58:22.679 INFO  [worker_2] [12/24 2401001090300] HTTP GET grant list (ExpGrant.aspx) END status=200 bytes=112764 elapsed=0.39s
2026-10-11 09:58:22.935 INFO  [worker_2] [12/24 2401001090300] HTTP GET scheme list (Extra_plnDept.aspx) START
2026-10-11 09:58:24.315 INFO  [worker_0] [07/24 2401001070300] HTTP GET scheme report (Extra_plnDept.aspx) END status=200 bytes=693234 elapsed=21.18s redirects=1 final=ExpTreas.aspx
2026-10-11 09:58:25.437 INFO  [worker_3] [11/24 2401001090105] HTTP GET scheme list (Extra_plnDept.aspx) END status=200 bytes=727281 elapsed=7.17s redirects=1 final=ExpHead.aspx
2026-10-11 09:58:27.122 INFO  [worker_1] [13/24 2401001090700] Attempt 1/3 START
2026-10-11 09:58:27.187 INFO  [worker_1] [13/24 2401001090700] HTTP GET main page (KoshvaniStatic.aspx) START
2026-10-11 09:58:28.012 INFO  [worker_1] [13/24 2401001090700] HTTP GET main page (KoshvaniStatic.aspx) END status=200 bytes=32533 elapsed=0.82s
2026-10-11 09:58:28.584 INFO  [worker_1] [13/24 2401001090700] HTTP GET grant list (ExpGrant.aspx) START
2026-10-11 09:58:29.098 INFO  [worker_1] [13/24 2401001090700] HTTP GET grant list (ExpGrant.aspx) END status=200 bytes=112764 elapsed=0.50s
2026-10-11 09:58:30.062 INFO  [worker_2] [12/24 2401001090300] HTTP GET scheme list (Extra_plnDept.aspx) END status=200 bytes=727281 elapsed=7.13s redirects=1 final=ExpHead.aspx
2026-10-11 09:58:32.639 INFO  [worker_1] [13/24 2401001090700] HTTP GET scheme list (Extra_plnDept.aspx) START
2026-10-11 09:58:40.171 INFO  [worker_1] [13/24 2401001090700] HTTP GET scheme list (Extra_plnDept.aspx) END status=200 bytes=727281 elapsed=7.49s redirects=1 final=ExpHead.aspx
2026-10-11 09:58:42.159 INFO  [worker_0] [07/24 2401001070300] PARSE report table: columns=9 district_rows=17 fin_year=2026-2027 months={'prev_month': 'September', 'current_month': 'October'}
2026-10-11 09:58:42.233 INFO  [worker_0] [07/24 2401001070300] VALIDATE ok status=ok rows=17
2026-10-11 09:58:42.405 INFO  [worker_0] [07/24 2401001070300] FILE WRITE agri-011-2401001070300.json 5067 bytes 106 ms (status=ok, rows=17)
2026-10-11 09:58:42.478 INFO  [worker_3] [11/24 2401001090105] HTTP GET scheme report (Extra_plnDept.aspx) START
2026-10-11 09:58:42.553 INFO  [worker_0] [07/24 2401001070300] STATUS UPDATE scheme=2401001070300 status=1 attempts=1 remark='' [crawler_status.json 2366 bytes, 145 ms]
2026-10-11 09:58:42.560 INFO  [worker_0] [07/24 2401001070300] Attempt 1/3 succeeded in 57.86s
2026-10-11 09:58:42.576 INFO  [worker_0] [07/24 2401001070300] SCHEME DONE status=1 attempts=1 elapsed=57.89s worker=worker_0
2026-10-11 09:58:42.596 INFO  [worker_0] [14/24 2401001090900] SCHEME START प्रशिक्षित कृषि उद्यमी स्वावलंबन योजना (Grant 011) (worker=worker_0)
2026-10-11 09:58:42.604 INFO  [worker_0] [14/24 2401001090900] Attempt 1/3 START
2026-10-11 09:58:42.683 INFO  [worker_0] [14/24 2401001090900] HTTP GET main page (KoshvaniStatic.aspx) START
2026-10-11 09:58:43.517 INFO  [worker_0] [14/24 2401001090900] HTTP GET main page (KoshvaniStatic.aspx) END status=200 bytes=32533 elapsed=0.83s
2026-10-11 09:58:44.847 INFO  [MainThread] FILE WRITE index.json 14358 bytes 207 ms | overall=RUNNING successful=10 failed=0 unprocessed=14
2026-10-11 09:58:44.930 INFO  [worker_0] [14/24 2401001090900] HTTP GET grant list (ExpGrant.aspx) START
2026-10-11 09:58:45.491 INFO  [worker_0] [14/24 2401001090900] HTTP GET grant list (ExpGrant.aspx) END status=200 bytes=112764 elapsed=0.54s
2026-10-11 09:58:46.962 INFO  [worker_3] [11/24 2401001090105] HTTP GET scheme report (Extra_plnDept.aspx) END status=200 bytes=174749 elapsed=4.48s redirects=1 final=ExpTreas.aspx
2026-10-11 09:58:47.928 INFO  [worker_0] [14/24 2401001090900] HTTP GET scheme list (Extra_plnDept.aspx) START
2026-10-11 09:58:48.319 INFO  [worker_2] [12/24 2401001090300] HTTP GET scheme report (Extra_plnDept.aspx) START
2026-10-11 09:58:49.575 INFO  [worker_3] [11/24 2401001090105] PARSE report table: columns=9 district_rows=3 fin_year=2026-2027 months={'prev_month': 'September', 'current_month': 'October'}
2026-10-11 09:58:49.582 INFO  [worker_3] [11/24 2401001090105] VALIDATE ok status=ok rows=3
2026-10-11 09:58:49.657 INFO  [worker_3] [11/24 2401001090105] FILE WRITE agri-011-2401001090105.json 2148 bytes 51 ms (status=ok, rows=3)
2026-10-11 09:58:49.727 INFO  [worker_3] [11/24 2401001090105] STATUS UPDATE scheme=2401001090105 status=1 attempts=1 remark='' [crawler_status.json 2366 bytes, 63 ms]
2026-10-11 09:58:49.752 INFO  [worker_3] [11/24 2401001090105] Attempt 1/3 succeeded in 34.61s
2026-10-11 09:58:49.759 INFO  [worker_3] [11/24 2401001090105] SCHEME DONE status=1 attempts=1 elapsed=34.63s worker=worker_3
2026-10-11 09:58:49.766 INFO  [worker_3] [15/24 2401001130104] SCHEME START प्रमोशन ऑफ एग्रीमल्चर मैकेनाइजेशन फार इनसीटू मैनेजमेंट ऑफ क्राप रेजडयू (CRM) (के.60/रा.40-के.+ रा.) (Grant 011) (worker=worker_3)
2026-10-11 09:58:49.773 INFO  [worker_3] [15/24 2401001130104] Attempt 1/3 START
2026-10-11 09:58:49.847 INFO  [worker_3] [15/24 2401001130104] HTTP GET main page (KoshvaniStatic.aspx) START
2026-10-11 09:58:50.587 INFO  [worker_3] [15/24 2401001130104] HTTP GET main page (KoshvaniStatic.aspx) END status=200 bytes=32533 elapsed=0.73s
2026-10-11 09:58:50.939 INFO  [worker_1] [13/24 2401001090700] HTTP GET scheme report (Extra_plnDept.aspx) START
2026-10-11 09:58:50.946 INFO  [MainThread] FILE WRITE index.json 14358 bytes 110 ms | overall=RUNNING successful=11 failed=0 unprocessed=13
2026-10-11 09:58:51.001 INFO  [worker_3] [15/24 2401001130104] HTTP GET grant list (ExpGrant.aspx) START
2026-10-11 09:58:51.355 INFO  [worker_3] [15/24 2401001130104] HTTP GET grant list (ExpGrant.aspx) END status=200 bytes=112764 elapsed=0.35s
2026-10-11 09:58:51.600 INFO  [worker_3] [15/24 2401001130104] HTTP GET scheme list (Extra_plnDept.aspx) START
2026-10-11 09:58:55.138 INFO  [worker_0] [14/24 2401001090900] HTTP GET scheme list (Extra_plnDept.aspx) END status=200 bytes=727281 elapsed=7.20s redirects=1 final=ExpHead.aspx
2026-10-11 09:58:57.228 INFO  [worker_0] [14/24 2401001090900] HTTP GET scheme report (Extra_plnDept.aspx) START
2026-10-11 09:58:57.774 INFO  [worker_1] [13/24 2401001090700] HTTP GET scheme report (Extra_plnDept.aspx) END status=200 bytes=249927 elapsed=6.83s redirects=1 final=ExpTreas.aspx
2026-10-11 09:58:59.560 INFO  [worker_3] [15/24 2401001130104] HTTP GET scheme list (Extra_plnDept.aspx) END status=200 bytes=727281 elapsed=7.96s redirects=1 final=ExpHead.aspx
2026-10-11 09:58:59.717 INFO  [worker_1] [13/24 2401001090700] PARSE report table: columns=9 district_rows=5 fin_year=2026-2027 months={'prev_month': 'September', 'current_month': 'October'}
2026-10-11 09:58:59.723 INFO  [worker_1] [13/24 2401001090700] VALIDATE ok status=ok rows=5
2026-10-11 09:58:59.800 INFO  [worker_1] [13/24 2401001090700] FILE WRITE agri-011-2401001090700.json 2382 bytes 55 ms (status=ok, rows=5)
2026-10-11 09:58:59.853 INFO  [worker_0] [14/24 2401001090900] HTTP GET scheme report (Extra_plnDept.aspx) END status=200 bytes=118226 elapsed=2.62s redirects=1 final=ExpTreas.aspx
2026-10-11 09:58:59.927 INFO  [worker_1] [13/24 2401001090700] STATUS UPDATE scheme=2401001090700 status=1 attempts=1 remark='' [crawler_status.json 2366 bytes, 120 ms]
2026-10-11 09:58:59.935 INFO  [worker_1] [13/24 2401001090700] Attempt 1/3 succeeded in 32.81s
2026-10-11 09:58:59.942 INFO  [worker_1] [13/24 2401001090700] SCHEME DONE status=1 attempts=1 elapsed=37.34s worker=worker_1
2026-10-11 09:58:59.950 INFO  [worker_1] [16/24 2401001140101] SCHEME START नेशनल फूड सिक्योरिटी मिशन (ओ0एस0 / टी0बी0ओ0) (के.60/रा.40-के.+ रा.) (Grant 011) (worker=worker_1)
2026-10-11 09:58:59.958 INFO  [worker_1] [16/24 2401001140101] Attempt 1/3 START
2026-10-11 09:59:00.068 INFO  [worker_1] [16/24 2401001140101] HTTP GET main page (KoshvaniStatic.aspx) START
2026-10-11 09:59:01.045 INFO  [worker_1] [16/24 2401001140101] HTTP GET main page (KoshvaniStatic.aspx) END status=200 bytes=32533 elapsed=0.95s
2026-10-11 09:59:01.257 INFO  [MainThread] FILE WRITE index.json 14358 bytes 106 ms | overall=RUNNING successful=12 failed=0 unprocessed=12
2026-10-11 09:59:01.653 INFO  [worker_1] [16/24 2401001140101] HTTP GET grant list (ExpGrant.aspx) START
2026-10-11 09:59:02.088 INFO  [worker_1] [16/24 2401001140101] HTTP GET grant list (ExpGrant.aspx) END status=200 bytes=112764 elapsed=0.43s
2026-10-11 09:59:03.352 INFO  [worker_0] [14/24 2401001090900] PARSE report table: columns=9 district_rows=2 fin_year=2026-2027 months={'prev_month': 'September', 'current_month': 'October'}
2026-10-11 09:59:03.365 INFO  [worker_0] [14/24 2401001090900] VALIDATE ok status=ok rows=2
2026-10-11 09:59:03.500 INFO  [worker_0] [14/24 2401001090900] FILE WRITE agri-011-2401001090900.json 1509 bytes 111 ms (status=ok, rows=2)
2026-10-11 09:59:03.613 INFO  [worker_0] [14/24 2401001090900] STATUS UPDATE scheme=2401001090900 status=1 attempts=1 remark='' [crawler_status.json 2366 bytes, 105 ms]
2026-10-11 09:59:03.621 INFO  [worker_0] [14/24 2401001090900] Attempt 1/3 succeeded in 21.00s
2026-10-11 09:59:03.628 INFO  [worker_0] [14/24 2401001090900] SCHEME DONE status=1 attempts=1 elapsed=21.02s worker=worker_0
2026-10-11 09:59:03.636 INFO  [worker_0] [17/24 2401001140300] SCHEME START तिलहन बीज मिनीकिट वितरण योजना (Grant 011) (worker=worker_0)
2026-10-11 09:59:03.644 INFO  [worker_0] [17/24 2401001140300] Start stagger: waiting 0.3s so workers do not hit the portal together
2026-10-11 09:59:04.013 INFO  [worker_0] [17/24 2401001140300] Attempt 1/3 START
2026-10-11 09:59:04.072 INFO  [worker_0] [17/24 2401001140300] HTTP GET main page (KoshvaniStatic.aspx) START
2026-10-11 09:59:04.328 INFO  [worker_1] [16/24 2401001140101] HTTP GET scheme list (Extra_plnDept.aspx) START
2026-10-11 09:59:04.913 INFO  [worker_0] [17/24 2401001140300] HTTP GET main page (KoshvaniStatic.aspx) END status=200 bytes=32533 elapsed=0.83s
2026-10-11 09:59:04.968 INFO  [MainThread] FILE WRITE index.json 14358 bytes 142 ms | overall=RUNNING successful=13 failed=0 unprocessed=11
2026-10-11 09:59:05.349 INFO  [worker_3] [15/24 2401001130104] HTTP GET scheme report (Extra_plnDept.aspx) START
2026-10-11 09:59:05.380 INFO  [worker_0] [17/24 2401001140300] HTTP GET grant list (ExpGrant.aspx) START
2026-10-11 09:59:05.800 INFO  [worker_0] [17/24 2401001140300] HTTP GET grant list (ExpGrant.aspx) END status=200 bytes=112764 elapsed=0.42s
2026-10-11 09:59:06.027 INFO  [worker_2] [12/24 2401001090300] HTTP GET scheme report (Extra_plnDept.aspx) END status=200 bytes=579269 elapsed=17.69s redirects=1 final=ExpTreas.aspx
2026-10-11 09:59:06.248 INFO  [worker_0] [17/24 2401001140300] HTTP GET scheme list (Extra_plnDept.aspx) START
2026-10-11 09:59:08.131 INFO  [worker_3] [15/24 2401001130104] HTTP GET scheme report (Extra_plnDept.aspx) END status=200 bytes=120863 elapsed=2.78s redirects=1 final=ExpTreas.aspx
2026-10-11 09:59:08.985 INFO  [worker_2] [12/24 2401001090300] PARSE report table: columns=9 district_rows=15 fin_year=2026-2027 months={'prev_month': 'September', 'current_month': 'October'}
2026-10-11 09:59:08.987 INFO  [worker_2] [12/24 2401001090300] VALIDATE ok status=ok rows=15
2026-10-11 09:59:09.062 INFO  [worker_2] [12/24 2401001090300] FILE WRITE agri-011-2401001090300.json 4490 bytes 57 ms (status=ok, rows=15)
2026-10-11 09:59:09.130 INFO  [worker_2] [12/24 2401001090300] STATUS UPDATE scheme=2401001090300 status=1 attempts=1 remark='' [crawler_status.json 2366 bytes, 62 ms]
2026-10-11 09:59:09.137 INFO  [worker_2] [12/24 2401001090300] Attempt 1/3 succeeded in 48.15s
2026-10-11 09:59:09.144 INFO  [worker_2] [12/24 2401001090300] SCHEME DONE status=1 attempts=1 elapsed=48.85s worker=worker_2
2026-10-11 09:59:09.151 INFO  [worker_2] [18/24 2401008000203] SCHEME START कृषि विकास योजनायें (के.60/रा.40-के.) (Grant 011) (worker=worker_2)
2026-10-11 09:59:09.158 INFO  [worker_2] [18/24 2401008000203] Start stagger: waiting 0.5s so workers do not hit the portal together
2026-10-11 09:59:09.202 INFO  [worker_3] [15/24 2401001130104] PARSE report table: columns=9 district_rows=2 fin_year=2026-2027 months={'prev_month': 'September', 'current_month': 'October'}
2026-10-11 09:59:09.203 INFO  [worker_3] [15/24 2401001130104] VALIDATE ok status=ok rows=2
2026-10-11 09:59:09.215 INFO  [worker_3] [15/24 2401001130104] FILE WRITE agri-011-2401001130104.json 1641 bytes 6 ms (status=ok, rows=2)
2026-10-11 09:59:09.220 INFO  [worker_3] [15/24 2401001130104] STATUS UPDATE scheme=2401001130104 status=1 attempts=1 remark='' [crawler_status.json 2366 bytes, 4 ms]
2026-10-11 09:59:09.221 INFO  [worker_3] [15/24 2401001130104] Attempt 1/3 succeeded in 19.44s
2026-10-11 09:59:09.221 INFO  [worker_3] [15/24 2401001130104] SCHEME DONE status=1 attempts=1 elapsed=19.46s worker=worker_3
2026-10-11 09:59:09.222 INFO  [worker_3] [19/24 2401008000400] SCHEME START कृषि क्षेत्र की क्षमता एवं कौशल विकास तथा उत्पादन वृद्धि की योजना (Grant 011) (worker=worker_3)
2026-10-11 09:59:09.222 INFO  [worker_3] [19/24 2401008000400] Start stagger: waiting 5.9s so workers do not hit the portal together
2026-10-11 09:59:09.247 INFO  [MainThread] FILE WRITE index.json 14358 bytes 6 ms | overall=RUNNING successful=14 failed=0 unprocessed=10
2026-10-11 09:59:09.263 INFO  [MainThread] FILE WRITE index.json 14357 bytes 4 ms | overall=RUNNING successful=15 failed=0 unprocessed=9
2026-10-11 09:59:09.692 INFO  [worker_2] [18/24 2401008000203] Attempt 1/3 START
2026-10-11 09:59:09.734 INFO  [worker_2] [18/24 2401008000203] HTTP GET main page (KoshvaniStatic.aspx) START
2026-10-11 09:59:10.500 INFO  [worker_2] [18/24 2401008000203] HTTP GET main page (KoshvaniStatic.aspx) END status=200 bytes=32533 elapsed=0.77s
2026-10-11 09:59:10.588 INFO  [worker_2] [18/24 2401008000203] HTTP GET grant list (ExpGrant.aspx) START
2026-10-11 09:59:10.953 INFO  [worker_2] [18/24 2401008000203] HTTP GET grant list (ExpGrant.aspx) END status=200 bytes=112764 elapsed=0.36s
2026-10-11 09:59:12.903 INFO  [worker_2] [18/24 2401008000203] HTTP GET scheme list (Extra_plnDept.aspx) START
2026-10-11 09:59:12.921 INFO  [worker_1] [16/24 2401001140101] HTTP GET scheme list (Extra_plnDept.aspx) END status=200 bytes=727281 elapsed=8.59s redirects=1 final=ExpHead.aspx
2026-10-11 09:59:13.353 INFO  [worker_0] [17/24 2401001140300] HTTP GET scheme list (Extra_plnDept.aspx) END status=200 bytes=727281 elapsed=7.10s redirects=1 final=ExpHead.aspx
2026-10-11 09:59:15.167 INFO  [worker_3] [19/24 2401008000400] Attempt 1/3 START
2026-10-11 09:59:15.217 INFO  [worker_3] [19/24 2401008000400] HTTP GET main page (KoshvaniStatic.aspx) START
2026-10-11 09:59:16.013 INFO  [worker_3] [19/24 2401008000400] HTTP GET main page (KoshvaniStatic.aspx) END status=200 bytes=32533 elapsed=0.78s
2026-10-11 09:59:16.432 INFO  [worker_3] [19/24 2401008000400] HTTP GET grant list (ExpGrant.aspx) START
2026-10-11 09:59:16.841 INFO  [worker_3] [19/24 2401008000400] HTTP GET grant list (ExpGrant.aspx) END status=200 bytes=112764 elapsed=0.40s
2026-10-11 09:59:18.971 INFO  [worker_3] [19/24 2401008000400] HTTP GET scheme list (Extra_plnDept.aspx) START
2026-10-11 09:59:19.989 INFO  [worker_2] [18/24 2401008000203] HTTP GET scheme list (Extra_plnDept.aspx) END status=200 bytes=727281 elapsed=7.08s redirects=1 final=ExpHead.aspx
2026-10-11 09:59:21.960 INFO  [worker_1] [16/24 2401001140101] HTTP GET scheme report (Extra_plnDept.aspx) START
2026-10-11 09:59:23.646 INFO  [worker_0] [17/24 2401001140300] HTTP GET scheme report (Extra_plnDept.aspx) START
2026-10-11 09:59:25.075 INFO  [worker_1] [16/24 2401001140101] HTTP GET scheme report (Extra_plnDept.aspx) END status=200 bytes=126324 elapsed=3.10s redirects=1 final=ExpTreas.aspx
2026-10-11 09:59:25.623 INFO  [worker_0] [17/24 2401001140300] HTTP GET scheme report (Extra_plnDept.aspx) END status=200 bytes=91189 elapsed=1.98s redirects=1 final=ExpTreas.aspx
2026-10-11 09:59:26.250 INFO  [worker_3] [19/24 2401008000400] HTTP GET scheme list (Extra_plnDept.aspx) END status=200 bytes=727281 elapsed=7.28s redirects=1 final=ExpHead.aspx
2026-10-11 09:59:28.493 INFO  [worker_0] [17/24 2401001140300] PARSE report table: columns=9 district_rows=1 fin_year=2026-2027 months={'prev_month': 'September', 'current_month': 'October'}
2026-10-11 09:59:28.502 INFO  [worker_0] [17/24 2401001140300] VALIDATE ok status=ok rows=1
2026-10-11 09:59:28.661 INFO  [worker_0] [17/24 2401001140300] FILE WRITE agri-011-2401001140300.json 1379 bytes 127 ms (status=ok, rows=1)
2026-10-11 09:59:28.864 INFO  [worker_0] [17/24 2401001140300] STATUS UPDATE scheme=2401001140300 status=1 attempts=1 remark='' [crawler_status.json 2366 bytes, 152 ms]
2026-10-11 09:59:28.893 INFO  [worker_0] [17/24 2401001140300] Attempt 1/3 succeeded in 24.87s
2026-10-11 09:59:28.900 INFO  [worker_0] [17/24 2401001140300] SCHEME DONE status=1 attempts=1 elapsed=25.26s worker=worker_0
2026-10-11 09:59:28.966 INFO  [worker_0] [20/24 2402001020109] SCHEME START नेशनल प्रोजेक्ट ऑन स्वायल हेल्थ फर्टिलिटी (के.60/रा.40-के.+ रा.) (Grant 011) (worker=worker_0)
2026-10-11 09:59:28.974 INFO  [worker_0] [20/24 2402001020109] Attempt 1/3 START
2026-10-11 09:59:29.058 INFO  [worker_0] [20/24 2402001020109] HTTP GET main page (KoshvaniStatic.aspx) START
2026-10-11 09:59:29.261 INFO  [worker_1] [16/24 2401001140101] PARSE report table: columns=9 district_rows=2 fin_year=2026-2027 months={'prev_month': 'September', 'current_month': 'October'}
2026-10-11 09:59:29.271 INFO  [worker_1] [16/24 2401001140101] VALIDATE ok status=ok rows=2
2026-10-11 09:59:29.360 INFO  [worker_2] [18/24 2401008000203] HTTP GET scheme report (Extra_plnDept.aspx) START
2026-10-11 09:59:29.488 INFO  [worker_1] [16/24 2401001140101] FILE WRITE agri-011-2401001140101.json 1642 bytes 157 ms (status=ok, rows=2)
2026-10-11 09:59:29.620 INFO  [worker_1] [16/24 2401001140101] STATUS UPDATE scheme=2401001140101 status=1 attempts=1 remark='' [crawler_status.json 2366 bytes, 130 ms]
2026-10-11 09:59:29.658 INFO  [worker_1] [16/24 2401001140101] Attempt 1/3 succeeded in 29.68s
2026-10-11 09:59:29.665 INFO  [worker_1] [16/24 2401001140101] SCHEME DONE status=1 attempts=1 elapsed=29.71s worker=worker_1
2026-10-11 09:59:29.672 INFO  [worker_1] [21/24 2402001020111] SCHEME START नेशनल मिशन ऑन नेचुरल फार्मिग (के.60/रा.40-के.+ रा.) (Grant 011) (worker=worker_1)
2026-10-11 09:59:29.680 INFO  [worker_1] [21/24 2402001020111] Start stagger: waiting 5.1s so workers do not hit the portal together
2026-10-11 09:59:29.977 INFO  [worker_0] [20/24 2402001020109] HTTP GET main page (KoshvaniStatic.aspx) END status=200 bytes=32533 elapsed=0.92s
2026-10-11 09:59:30.408 INFO  [MainThread] FILE WRITE index.json 14357 bytes 72 ms | overall=RUNNING successful=16 failed=0 unprocessed=8
2026-10-11 09:59:30.519 INFO  [worker_0] [20/24 2402001020109] HTTP GET grant list (ExpGrant.aspx) START
2026-10-11 09:59:31.075 INFO  [worker_0] [20/24 2402001020109] HTTP GET grant list (ExpGrant.aspx) END status=200 bytes=112764 elapsed=0.54s
2026-10-11 09:59:31.623 INFO  [MainThread] FILE WRITE index.json 14357 bytes 117 ms | overall=RUNNING successful=17 failed=0 unprocessed=7
2026-10-11 09:59:32.648 INFO  [worker_3] [19/24 2401008000400] HTTP GET scheme report (Extra_plnDept.aspx) START
2026-10-11 09:59:32.741 INFO  [worker_0] [20/24 2402001020109] HTTP GET scheme list (Extra_plnDept.aspx) START
2026-10-11 09:59:33.252 INFO  [worker_2] [18/24 2401008000203] HTTP GET scheme report (Extra_plnDept.aspx) END status=200 bytes=164257 elapsed=3.88s redirects=1 final=ExpTreas.aspx
2026-10-11 09:59:33.725 INFO  [worker_2] [18/24 2401008000203] PARSE report table: columns=9 district_rows=3 fin_year=2026-2027 months={'prev_month': 'September', 'current_month': 'October'}
2026-10-11 09:59:33.727 INFO  [worker_2] [18/24 2401008000203] VALIDATE ok status=ok rows=3
2026-10-11 09:59:33.741 INFO  [worker_2] [18/24 2401008000203] FILE WRITE agri-011-2401008000203.json 1810 bytes 8 ms (status=ok, rows=3)
2026-10-11 09:59:33.744 INFO  [worker_2] [18/24 2401008000203] STATUS UPDATE scheme=2401008000203 status=1 attempts=1 remark='' [crawler_status.json 2366 bytes, 3 ms]
2026-10-11 09:59:33.745 INFO  [worker_2] [18/24 2401008000203] Attempt 1/3 succeeded in 24.05s
2026-10-11 09:59:33.745 INFO  [worker_2] [18/24 2401008000203] SCHEME DONE status=1 attempts=1 elapsed=24.59s worker=worker_2
2026-10-11 09:59:33.746 INFO  [worker_2] [22/24 4401001030300] SCHEME START प्रयोगात्मक प्रक्षेत्र प्रदर्शन और बीज वर्द्धन प्रक्षेत्र (जिला योजना) (Grant 011) (worker=worker_2)
2026-10-11 09:59:33.746 INFO  [worker_2] [22/24 4401001030300] Start stagger: waiting 5.1s so workers do not hit the portal together
2026-10-11 09:59:33.776 INFO  [MainThread] FILE WRITE index.json 14357 bytes 5 ms | overall=RUNNING successful=18 failed=0 unprocessed=6
2026-10-11 09:59:34.831 INFO  [worker_1] [21/24 2402001020111] Attempt 1/3 START
2026-10-11 09:59:34.876 INFO  [worker_1] [21/24 2402001020111] HTTP GET main page (KoshvaniStatic.aspx) START
2026-10-11 09:59:34.905 INFO  [worker_3] [19/24 2401008000400] HTTP GET scheme report (Extra_plnDept.aspx) END status=200 bytes=109535 elapsed=2.26s redirects=1 final=ExpTreas.aspx
2026-10-11 09:59:35.224 INFO  [worker_3] [19/24 2401008000400] PARSE report table: columns=9 district_rows=2 fin_year=2026-2027 months={'prev_month': 'September', 'current_month': 'October'}
2026-10-11 09:59:35.226 INFO  [worker_3] [19/24 2401008000400] VALIDATE ok status=ok rows=2
2026-10-11 09:59:35.239 INFO  [worker_3] [19/24 2401008000400] FILE WRITE agri-011-2401008000400.json 1666 bytes 8 ms (status=ok, rows=2)
2026-10-11 09:59:35.242 INFO  [worker_3] [19/24 2401008000400] STATUS UPDATE scheme=2401008000400 status=1 attempts=1 remark='' [crawler_status.json 2366 bytes, 2 ms]
2026-10-11 09:59:35.243 INFO  [worker_3] [19/24 2401008000400] Attempt 1/3 succeeded in 20.06s
2026-10-11 09:59:35.243 INFO  [worker_3] [19/24 2401008000400] SCHEME DONE status=1 attempts=1 elapsed=26.02s worker=worker_3
2026-10-11 09:59:35.243 INFO  [worker_3] [23/24 4401001030401] SCHEME START खाद्यान्न/दलहन/तिलहन/बीज की लागत और प्रासंगिक व्यय (Grant 011) (worker=worker_3)
2026-10-11 09:59:35.244 INFO  [worker_3] [23/24 4401001030401] Start stagger: waiting 9.1s so workers do not hit the portal together
2026-10-11 09:59:35.255 INFO  [MainThread] FILE WRITE index.json 14357 bytes 4 ms | overall=RUNNING successful=19 failed=0 unprocessed=5
2026-10-11 09:59:35.557 INFO  [worker_1] [21/24 2402001020111] HTTP GET main page (KoshvaniStatic.aspx) END status=200 bytes=32533 elapsed=0.68s
2026-10-11 09:59:35.613 INFO  [worker_1] [21/24 2402001020111] HTTP GET grant list (ExpGrant.aspx) START
2026-10-11 09:59:35.939 INFO  [worker_1] [21/24 2402001020111] HTTP GET grant list (ExpGrant.aspx) END status=200 bytes=112764 elapsed=0.32s
2026-10-11 09:59:36.181 INFO  [worker_1] [21/24 2402001020111] HTTP GET scheme list (Extra_plnDept.aspx) START
2026-10-11 09:59:38.842 INFO  [worker_2] [22/24 4401001030300] Attempt 1/3 START
2026-10-11 09:59:38.866 INFO  [worker_2] [22/24 4401001030300] HTTP GET main page (KoshvaniStatic.aspx) START
2026-10-11 09:59:39.471 INFO  [worker_2] [22/24 4401001030300] HTTP GET main page (KoshvaniStatic.aspx) END status=200 bytes=32533 elapsed=0.60s
2026-10-11 09:59:39.533 INFO  [worker_2] [22/24 4401001030300] HTTP GET grant list (ExpGrant.aspx) START
2026-10-11 09:59:39.768 INFO  [worker_0] [20/24 2402001020109] HTTP GET scheme list (Extra_plnDept.aspx) END status=200 bytes=727281 elapsed=7.03s redirects=1 final=ExpHead.aspx
2026-10-11 09:59:39.852 INFO  [worker_2] [22/24 4401001030300] HTTP GET grant list (ExpGrant.aspx) END status=200 bytes=112764 elapsed=0.32s
2026-10-11 09:59:43.085 INFO  [worker_2] [22/24 4401001030300] HTTP GET scheme list (Extra_plnDept.aspx) START
2026-10-11 09:59:43.341 INFO  [worker_1] [21/24 2402001020111] HTTP GET scheme list (Extra_plnDept.aspx) END status=200 bytes=727281 elapsed=7.16s redirects=1 final=ExpHead.aspx
2026-10-11 09:59:44.305 INFO  [worker_3] [23/24 4401001030401] Attempt 1/3 START
2026-10-11 09:59:44.351 INFO  [worker_3] [23/24 4401001030401] HTTP GET main page (KoshvaniStatic.aspx) START
2026-10-11 09:59:45.224 INFO  [worker_3] [23/24 4401001030401] HTTP GET main page (KoshvaniStatic.aspx) END status=200 bytes=32533 elapsed=0.86s
2026-10-11 09:59:45.778 INFO  [worker_3] [23/24 4401001030401] HTTP GET grant list (ExpGrant.aspx) START
2026-10-11 09:59:46.215 INFO  [worker_3] [23/24 4401001030401] HTTP GET grant list (ExpGrant.aspx) END status=200 bytes=112764 elapsed=0.43s
2026-10-11 09:59:48.123 INFO  [worker_3] [23/24 4401001030401] HTTP GET scheme list (Extra_plnDept.aspx) START
2026-10-11 09:59:48.321 INFO  [worker_0] [20/24 2402001020109] HTTP GET scheme report (Extra_plnDept.aspx) START
2026-10-11 09:59:50.017 INFO  [worker_2] [22/24 4401001030300] HTTP GET scheme list (Extra_plnDept.aspx) END status=200 bytes=727281 elapsed=6.93s redirects=1 final=ExpHead.aspx
2026-10-11 09:59:50.056 INFO  [worker_1] [21/24 2402001020111] HTTP GET scheme report (Extra_plnDept.aspx) START
2026-10-11 09:59:50.416 INFO  [worker_0] [20/24 2402001020109] HTTP GET scheme report (Extra_plnDept.aspx) END status=200 bytes=104472 elapsed=2.09s redirects=1 final=ExpTreas.aspx
2026-10-11 09:59:52.020 INFO  [worker_0] [20/24 2402001020109] PARSE report table: columns=9 district_rows=1 fin_year=2026-2027 months={'prev_month': 'September', 'current_month': 'October'}
2026-10-11 09:59:52.026 INFO  [worker_0] [20/24 2402001020109] VALIDATE ok status=ok rows=1
2026-10-11 09:59:52.104 INFO  [worker_0] [20/24 2402001020109] FILE WRITE agri-011-2402001020109.json 1353 bytes 55 ms (status=ok, rows=1)
2026-10-11 09:59:52.188 INFO  [worker_0] [20/24 2402001020109] STATUS UPDATE scheme=2402001020109 status=1 attempts=1 remark='' [crawler_status.json 2366 bytes, 77 ms]
2026-10-11 09:59:52.195 INFO  [worker_0] [20/24 2402001020109] Attempt 1/3 succeeded in 23.21s
2026-10-11 09:59:52.202 INFO  [worker_0] [20/24 2402001020109] SCHEME DONE status=1 attempts=1 elapsed=23.23s worker=worker_0
2026-10-11 09:59:52.210 INFO  [worker_0] [24/24 4401001030403] SCHEME START कपास और बिनोले के बीजों की लागत(प्रासंगिक व्यय सहित) (Grant 011) (worker=worker_0)
2026-10-11 09:59:52.229 INFO  [worker_0] [24/24 4401001030403] Attempt 1/3 START
2026-10-11 09:59:52.283 INFO  [worker_0] [24/24 4401001030403] HTTP GET main page (KoshvaniStatic.aspx) START
2026-10-11 09:59:53.036 INFO  [worker_1] [21/24 2402001020111] HTTP GET scheme report (Extra_plnDept.aspx) END status=200 bytes=121134 elapsed=2.98s redirects=1 final=ExpTreas.aspx
2026-10-11 09:59:53.461 INFO  [worker_0] [24/24 4401001030403] HTTP GET main page (KoshvaniStatic.aspx) END status=200 bytes=32533 elapsed=1.18s
2026-10-11 09:59:54.010 INFO  [worker_0] [24/24 4401001030403] HTTP GET grant list (ExpGrant.aspx) START
2026-10-11 09:59:54.040 INFO  [MainThread] FILE WRITE index.json 14357 bytes 134 ms | overall=RUNNING successful=20 failed=0 unprocessed=4
2026-10-11 09:59:54.501 INFO  [worker_0] [24/24 4401001030403] HTTP GET grant list (ExpGrant.aspx) END status=200 bytes=112764 elapsed=0.48s
2026-10-11 09:59:55.293 INFO  [worker_3] [23/24 4401001030401] HTTP GET scheme list (Extra_plnDept.aspx) END status=200 bytes=727281 elapsed=7.17s redirects=1 final=ExpHead.aspx
2026-10-11 09:59:57.207 INFO  [worker_1] [21/24 2402001020111] PARSE report table: columns=9 district_rows=2 fin_year=2026-2027 months={'prev_month': 'September', 'current_month': 'October'}
2026-10-11 09:59:57.209 INFO  [worker_1] [21/24 2402001020111] VALIDATE ok status=ok rows=2
2026-10-11 09:59:57.440 INFO  [worker_1] [21/24 2402001020111] FILE WRITE agri-011-2402001020111.json 1534 bytes 199 ms (status=ok, rows=2)
2026-10-11 09:59:57.573 INFO  [worker_1] [21/24 2402001020111] STATUS UPDATE scheme=2402001020111 status=1 attempts=1 remark='' [crawler_status.json 2366 bytes, 113 ms]
2026-10-11 09:59:57.585 INFO  [worker_1] [21/24 2402001020111] Attempt 1/3 succeeded in 22.75s
2026-10-11 09:59:57.598 INFO  [worker_1] [21/24 2402001020111] SCHEME DONE status=1 attempts=1 elapsed=27.91s worker=worker_1
2026-10-11 09:59:57.631 INFO  [worker_0] [24/24 4401001030403] HTTP GET scheme list (Extra_plnDept.aspx) START
2026-10-11 09:59:58.062 INFO  [worker_2] [22/24 4401001030300] HTTP GET scheme report (Extra_plnDept.aspx) START
2026-10-11 09:59:58.773 INFO  [MainThread] FILE WRITE index.json 14357 bytes 95 ms | overall=RUNNING successful=21 failed=0 unprocessed=3
2026-10-11 09:59:59.095 INFO  [worker_2] [22/24 4401001030300] HTTP GET scheme report (Extra_plnDept.aspx) END status=200 bytes=52046 elapsed=1.01s redirects=1 final=ExpTreas.aspx
2026-10-11 09:59:59.935 INFO  [worker_2] [22/24 4401001030300] PARSE report table: columns=9 district_rows=1 fin_year=2026-2027 months={'prev_month': 'September', 'current_month': 'October'}
2026-10-11 09:59:59.941 INFO  [worker_2] [22/24 4401001030300] VALIDATE ok status=ok rows=1
2026-10-11 10:00:00.019 INFO  [worker_2] [22/24 4401001030300] FILE WRITE agri-011-4401001030300.json 1459 bytes 55 ms (status=ok, rows=1)
2026-10-11 10:00:00.067 INFO  [worker_2] [22/24 4401001030300] STATUS UPDATE scheme=4401001030300 status=1 attempts=1 remark='' [crawler_status.json 2366 bytes, 41 ms]
2026-10-11 10:00:00.067 INFO  [worker_2] [22/24 4401001030300] Attempt 1/3 succeeded in 21.22s
2026-10-11 10:00:00.067 INFO  [worker_2] [22/24 4401001030300] SCHEME DONE status=1 attempts=1 elapsed=26.32s worker=worker_2
2026-10-11 10:00:00.573 INFO  [MainThread] FILE WRITE index.json 14357 bytes 65 ms | overall=RUNNING successful=22 failed=0 unprocessed=2
2026-10-11 10:00:00.768 INFO  [worker_3] [23/24 4401001030401] HTTP GET scheme report (Extra_plnDept.aspx) START
2026-10-11 10:00:02.151 INFO  [worker_3] [23/24 4401001030401] HTTP GET scheme report (Extra_plnDept.aspx) END status=200 bytes=87935 elapsed=1.38s redirects=1 final=ExpTreas.aspx
2026-10-11 10:00:02.334 INFO  [worker_3] [23/24 4401001030401] PARSE report table: columns=9 district_rows=1 fin_year=2026-2027 months={'prev_month': 'September', 'current_month': 'October'}
2026-10-11 10:00:02.335 INFO  [worker_3] [23/24 4401001030401] VALIDATE ok status=ok rows=1
2026-10-11 10:00:02.349 INFO  [worker_3] [23/24 4401001030401] FILE WRITE agri-011-4401001030401.json 1381 bytes 8 ms (status=ok, rows=1)
2026-10-11 10:00:02.353 INFO  [worker_3] [23/24 4401001030401] STATUS UPDATE scheme=4401001030401 status=1 attempts=1 remark='' [crawler_status.json 2366 bytes, 3 ms]
2026-10-11 10:00:02.353 INFO  [worker_3] [23/24 4401001030401] Attempt 1/3 succeeded in 18.04s
2026-10-11 10:00:02.354 INFO  [worker_3] [23/24 4401001030401] SCHEME DONE status=1 attempts=1 elapsed=27.11s worker=worker_3
2026-10-11 10:00:02.384 INFO  [MainThread] FILE WRITE index.json 14357 bytes 4 ms | overall=RUNNING successful=23 failed=0 unprocessed=1
2026-10-11 10:00:04.650 INFO  [worker_0] [24/24 4401001030403] HTTP GET scheme list (Extra_plnDept.aspx) END status=200 bytes=727281 elapsed=7.02s redirects=1 final=ExpHead.aspx
2026-10-11 10:00:07.585 INFO  [worker_0] [24/24 4401001030403] HTTP GET scheme report (Extra_plnDept.aspx) START
2026-10-11 10:00:08.976 INFO  [worker_0] [24/24 4401001030403] HTTP GET scheme report (Extra_plnDept.aspx) END status=200 bytes=84990 elapsed=1.39s redirects=1 final=ExpTreas.aspx
2026-10-11 10:00:09.154 INFO  [worker_0] [24/24 4401001030403] PARSE report table: columns=9 district_rows=1 fin_year=2026-2027 months={'prev_month': 'September', 'current_month': 'October'}
2026-10-11 10:00:09.155 INFO  [worker_0] [24/24 4401001030403] VALIDATE ok status=ok rows=1
2026-10-11 10:00:09.163 INFO  [worker_0] [24/24 4401001030403] FILE WRITE agri-011-4401001030403.json 1337 bytes 2 ms (status=ok, rows=1)
2026-10-11 10:00:09.166 INFO  [worker_0] [24/24 4401001030403] STATUS UPDATE scheme=4401001030403 status=1 attempts=1 remark='' [crawler_status.json 2366 bytes, 3 ms]
2026-10-11 10:00:09.167 INFO  [worker_0] [24/24 4401001030403] Attempt 1/3 succeeded in 16.93s
2026-10-11 10:00:09.167 INFO  [worker_0] [24/24 4401001030403] SCHEME DONE status=1 attempts=1 elapsed=16.96s worker=worker_0
2026-10-11 10:00:09.179 INFO  [MainThread] FILE WRITE index.json 14357 bytes 3 ms | overall=RUNNING successful=24 failed=0 unprocessed=0
2026-10-11 10:00:09.185 INFO  [MainThread] STATUS FINAL overall=SUCCESS fatal=no [crawler_status.json 2389 bytes, 4 ms]
2026-10-11 10:00:09.197 INFO  [MainThread] FILE WRITE index.json 14357 bytes 5 ms | overall=SUCCESS successful=24 failed=0 unprocessed=0
2026-10-11 10:00:09.197 INFO  [MainThread] ==================================================
2026-10-11 10:00:09.198 INFO  [MainThread] KOSHVANI CRAWLER SUMMARY
2026-10-11 10:00:09.198 INFO  [MainThread] ==================================================
2026-10-11 10:00:09.198 INFO  [MainThread] Execution ID: 20261011-095705-7afaa8
2026-10-11 10:00:09.198 INFO  [MainThread] Total schemes: 24
2026-10-11 10:00:09.198 INFO  [MainThread] Successful: 24
2026-10-11 10:00:09.198 INFO  [MainThread] Failed: 0
2026-10-11 10:00:09.199 INFO  [MainThread] Unprocessed: 0
2026-10-11 10:00:09.199 INFO  [MainThread] Recovered by retry: 0
2026-10-11 10:00:09.199 INFO  [MainThread] Fatal crawler error: No
2026-10-11 10:00:09.199 INFO  [MainThread] Execution status: SUCCESS
2026-10-11 10:00:09.200 INFO  [MainThread] Wall time: 180.5s | workers: 4 | max attempts per scheme: 3
2026-10-11 10:00:09.200 INFO  [MainThread] Scheme time: min 17.0s | avg 28.9s | max 57.9s
2026-10-11 10:00:09.200 INFO  [MainThread] Slowest schemes: 2401001070300 57.9s (attempts 1, worker_0), 2401001090300 48.9s (attempts 1, worker_2), 2401001030300 46.6s (attempts 1, worker_3)
2026-10-11 10:00:09.200 INFO  [MainThread] Worker utilisation: 96% | worker_0: 6 schemes 180s, worker_1: 6 schemes 169s, worker_2: 6 schemes 171s, worker_3: 6 schemes 173s
2026-10-11 10:00:09.201 INFO  [MainThread] HTTP requests: 96 (ok 96, failed 0) | downloaded 25399 KB
2026-10-11 10:00:09.201 INFO  [MainThread] Request latency: avg 3.52s | p95 10.96s | max 21.18s
2026-10-11 10:00:09.201 INFO  [MainThread] Time spent waiting between retries: 0.0s (summed over workers)
2026-10-11 10:00:09.201 INFO  [MainThread] Start stagger / bounce hold: 12 waits, 61.8s (summed over workers) | portal bounces seen: 0
2026-10-11 10:00:09.201 INFO  [MainThread] ==================================================
2026-10-11 10:00:09 INFO  [run_daily] SCRAPER END exit_code=0 elapsed=183s

2026-10-11 10:00:09 INFO  [run_daily] Koshvani scraper completed.

2026-10-11 10:00:09 INFO  [run_daily] [4/6] Checking for data changes...
2026-10-11 10:00:09 INFO  [run_daily] Data changes detected:
 M docs/data/agri-011-2401000010500.json
 M docs/data/agri-011-2401001020103.json
 M docs/data/agri-011-2401001020129.json
 M docs/data/agri-011-2401001030300.json
 M docs/data/agri-011-2401001030500.json
 M docs/data/agri-011-2401001030600.json
 M docs/data/agri-011-2401001070300.json
 M docs/data/agri-011-2401001070400.json
 M docs/data/agri-011-2401001090103.json
 M docs/data/agri-011-2401001090104.json
 M docs/data/agri-011-2401001090105.json
 M docs/data/agri-011-2401001090300.json
 M docs/data/agri-011-2401001090700.json
 M docs/data/agri-011-2401001090900.json
 M docs/data/agri-011-2401001130104.json
 M docs/data/agri-011-2401001140101.json
 M docs/data/agri-011-2401001140300.json
 M docs/data/agri-011-2401008000203.json
 M docs/data/agri-011-2401008000400.json
 M docs/data/agri-011-2402001020109.json
 M docs/data/agri-011-2402001020111.json
 M docs/data/agri-011-4401001030300.json
 M docs/data/agri-011-4401001030401.json
 M docs/data/agri-011-4401001030403.json
 M docs/data/crawler_status.json
 M docs/data/index.json

2026-10-11 10:00:09 INFO  [run_daily] [5/6] Committing updated Koshvani data...
2026-10-11 10:00:09 INFO  [run_daily] GIT add data: START
2026-10-11 10:00:09 INFO  [run_daily] GIT add data: END exit_code=0 elapsed=0s
2026-10-11 10:00:09 INFO  [run_daily] GIT commit data: START
[main 3bac16d] Update Koshvani data
 26 files changed, 54 insertions(+), 54 deletions(-)
2026-10-11 10:00:09 INFO  [run_daily] GIT commit data: END exit_code=0 elapsed=0s
2026-10-11 10:00:10 INFO  [run_daily] Commit successful: 3bac16d Update Koshvani data
 26 files changed, 54 insertions(+), 54 deletions(-)

2026-10-11 10:00:10 INFO  [run_daily] Pushing to GitHub...
2026-10-11 10:00:10 INFO  [run_daily] GIT push data: START
To https://github.com/abhi24me/koshvani-dashboard.git
   6ad22f5..3bac16d  main -> main
2026-10-11 10:00:12 INFO  [run_daily] GIT push data: END exit_code=0 elapsed=2s

2026-10-11 10:00:12 INFO  [run_daily] GitHub push successful: HEAD=3bac16d origin/main=3bac16d

2026-10-11 10:00:12 INFO  [run_daily] [6/6] Validating scheme results and sending the Gmail report...
2026-10-11 10:00:16.169 INFO  [gmail_alert] Email notification sent successfully to 2 recipient(s).
2026-10-11 10:00:16.215 INFO  [gmail_alert] Report e-mailed (success).
2026-10-11 10:00:16 INFO  [run_daily] GMAIL report step finished (exit_code=0)

2026-10-11 10:00:16 INFO  [run_daily] ========================================
2026-10-11 10:00:16 INFO  [run_daily] KOSHVANI JOB COMPLETED
2026-10-11 10:00:16 INFO  [run_daily] FINAL STATUS: SUCCESS
2026-10-11 10:00:16 INFO  [run_daily] elapsed=191s
2026-10-11 10:00:16 INFO  [run_daily] ========================================
2026-10-11 10:00:16 INFO  [run_daily] LOG PUBLISH: workflow_exit_code=0 - this log is now being committed and pushed (that outcome is on screen only)
